
> nextn@0.1.0 test
> jest

PASS src/components/__tests__/dashboard-view.test.tsx
FAIL src/__tests__/auth.test.ts
  ● Authentication › login › should login admin with hardcoded credentials

    expect(received).toEqual(expected) // deep equality

    - Expected  - 0
    + Received  + 1

      Object {
        "isAdmin": true,
        "isDriver": false,
    +   "isRekrutacja": false,
        "name": "Admin",
        "uid": "admin-hardcoded",
      }

      67 |             const result = await login('admin', 'adminpass');
      68 |             expect(result.success).toBe(true);
    > 69 |             expect(result.user).toEqual({
         |                                 ^
      70 |                 uid: 'admin-hardcoded',
      71 |                 name: 'Admin',
      72 |                 isAdmin: true,

      at Object.toEqual (src/__tests__/auth.test.ts:69:33)

  ● Authentication › login › should login coordinator with correct credentials

    expect(received).toEqual(expected) // deep equality

    - Expected  - 0
    + Received  + 1

      Object {
        "isAdmin": false,
        "isDriver": false,
    +   "isRekrutacja": false,
        "name": "Jan Kowalski",
        "uid": "coord-1",
      }

       96 |             const result = await login('Jan Kowalski', 'coordpass');
       97 |             expect(result.success).toBe(true);
    >  98 |             expect(result.user).toEqual({
          |                                 ^
       99 |                 uid: 'coord-1',
      100 |                 name: 'Jan Kowalski',
      101 |                 isAdmin: false,

      at Object.toEqual (src/__tests__/auth.test.ts:98:33)

FAIL src/__tests__/app-integrity.test.ts
  ● SmartHouse Core Logic Integrity › Form Schemas Integrity › AddEmployeeForm Schema › should fail validation if checkInDate is null or undefined

    expect(received).toBe(expected) // Object.is equality

    Expected: "Data zameldowania jest wymagana."
    Received: "Expected date, received null"

      146 |                 const checkInError = resultNull.error.issues.find(issue => issue.path.includes('checkInDate'));
      147 |                 expect(checkInError).toBeDefined();
    > 148 |                 expect(checkInError?.message).toBe('Data zameldowania jest wymagana.');
          |                                               ^
      149 |             }
      150 |
      151 |             // Test with undefined

      at Object.toBe (src/__tests__/app-integrity.test.ts:148:47)

PASS src/__tests__/actions.test.ts
  ● Console

    console.error
      Failed to send push notification: Koordynator Jan Kowalski nie ma włączonych (lub skonfigurowanych) powiadomień PUSH na swoim urządzeniu.

      508 |             const pushResult = await sendPushNotification(recipientId, pushTitle, message, pushLink);
      509 |             if (!pushResult.success) {
    > 510 |                 console.error("Failed to send push notification:", pushResult.error);
          |                         ^
      511 |             }
      512 |         }
      513 |

      at error (src/lib/actions.ts:510:25)
      at addEmployee (src/lib/actions.ts:590:9)
      at Object.<anonymous> (src/__tests__/actions.test.ts:139:13)

    console.error
      Failed to send push notification: Koordynator Jan Kowalski nie ma włączonych (lub skonfigurowanych) powiadomień PUSH na swoim urządzeniu.

      508 |             const pushResult = await sendPushNotification(recipientId, pushTitle, message, pushLink);
      509 |             if (!pushResult.success) {
    > 510 |                 console.error("Failed to send push notification:", pushResult.error);
          |                         ^
      511 |             }
      512 |         }
      513 |

      at error (src/lib/actions.ts:510:25)
      at updateEmployee (src/lib/actions.ts:675:13)
      at Object.<anonymous> (src/__tests__/actions.test.ts:174:13)

    console.error
      Failed to send push notification: Koordynator Jan Kowalski nie ma włączonych (lub skonfigurowanych) powiadomień PUSH na swoim urządzeniu.

      508 |             const pushResult = await sendPushNotification(recipientId, pushTitle, message, pushLink);
      509 |             if (!pushResult.success) {
    > 510 |                 console.error("Failed to send push notification:", pushResult.error);
          |                         ^
      511 |             }
      512 |         }
      513 |

      at error (src/lib/actions.ts:510:25)
      at updateEmployee (src/lib/actions.ts:675:13)
      at Object.<anonymous> (src/__tests__/actions.test.ts:226:13)

    console.error
      Error deleting employee: Error: Employee not found for deletion.
          at deleteEmployee (/Users/oleksandr/Desktop/SmartHouse/src/lib/actions.ts:696:19)
          at processTicksAndRejections (node:internal/process/task_queues:105:5)
          at Object.<anonymous> (/Users/oleksandr/Desktop/SmartHouse/src/__tests__/actions.test.ts:273:13)

      709 |
      710 |     } catch (e: unknown) {
    > 711 |         console.error("Error deleting employee:", e);
          |                 ^
      712 |         throw new Error(e instanceof Error ? e.message : "Failed to delete employee.");
      713 |     }
      714 | }

      at error (src/lib/actions.ts:711:17)
      at Object.<anonymous> (src/__tests__/actions.test.ts:273:13)

    console.error
      Failed to send push notification: Koordynator Jan Kowalski nie ma włączonych (lub skonfigurowanych) powiadomień PUSH na swoim urządzeniu.

      508 |             const pushResult = await sendPushNotification(recipientId, pushTitle, message, pushLink);
      509 |             if (!pushResult.success) {
    > 510 |                 console.error("Failed to send push notification:", pushResult.error);
          |                         ^
      511 |             }
      512 |         }
      513 |

      at error (src/lib/actions.ts:510:25)
      at addNonEmployee (src/lib/actions.ts:746:9)
      at Object.<anonymous> (src/__tests__/actions.test.ts:423:13)

PASS src/__tests__/control-cards.test.ts
PASS src/__tests__/import.test.ts
PASS src/__tests__/bok-actions.test.ts
  ● Console

    console.error
      Error updating BOK resident: Error: BOK Resident not found
          at updateBokResident (/Users/oleksandr/Desktop/SmartHouse/src/lib/actions.ts:902:19)
          at processTicksAndRejections (node:internal/process/task_queues:105:5)
          at Object.<anonymous> (/Users/oleksandr/Desktop/SmartHouse/src/__tests__/bok-actions.test.ts:309:9)

      936 |
      937 |     } catch (e: unknown) {
    > 938 |         console.error("Error updating BOK resident:", e);
          |                 ^
      939 |         throw new Error(e instanceof Error ? e.message : "Failed to update BOK resident.");
      940 |     }
      941 | }

      at error (src/lib/actions.ts:938:17)
      at Object.<anonymous> (src/__tests__/bok-actions.test.ts:309:9)

FAIL src/components/__tests__/add-non-employee-form.test.tsx
  ● Console

    console.error
      `DialogContent` requires a `DialogTitle` for the component to be accessible for screen reader users.
      
      If you want to hide the `DialogTitle`, you can wrap it with our VisuallyHidden component.
      
      For more information, see https://radix-ui.com/primitives/docs/components/dialog

      62 | describe('AddNonEmployeeForm', () => {
      63 |   it('renders the form with required fields', () => {
    > 64 |     render(<AddNonEmployeeForm {...defaultProps} />);
         |           ^
      65 |
      66 |     expect(screen.getByText('Dodaj nowego mieszkańca (NZ)')).toBeInTheDocument();
      67 |     expect(screen.getByLabelText('Nazwisko')).toBeInTheDocument();

      at node_modules/@radix-ui/react-dialog/src/dialog.tsx:520:30
      at commitHookEffectListMount (node_modules/react-dom/cjs/react-dom.development.js:23189:26)
      at commitPassiveMountOnFiber (node_modules/react-dom/cjs/react-dom.development.js:24970:11)
      at commitPassiveMountEffects_complete (node_modules/react-dom/cjs/react-dom.development.js:24930:9)
      at commitPassiveMountEffects_begin (node_modules/react-dom/cjs/react-dom.development.js:24917:7)
      at commitPassiveMountEffects (node_modules/react-dom/cjs/react-dom.development.js:24905:3)
      at flushPassiveEffectsImpl (node_modules/react-dom/cjs/react-dom.development.js:27078:3)
      at flushPassiveEffects (node_modules/react-dom/cjs/react-dom.development.js:27023:14)
      at commitRootImpl (node_modules/react-dom/cjs/react-dom.development.js:26974:5)
      at commitRoot (node_modules/react-dom/cjs/react-dom.development.js:26721:5)
      at performSyncWorkOnRoot (node_modules/react-dom/cjs/react-dom.development.js:26156:3)
      at flushSyncCallbacks (node_modules/react-dom/cjs/react-dom.development.js:12042:22)
      at commitRootImpl (node_modules/react-dom/cjs/react-dom.development.js:26998:3)
      at commitRoot (node_modules/react-dom/cjs/react-dom.development.js:26721:5)
      at finishConcurrentRender (node_modules/react-dom/cjs/react-dom.development.js:26020:9)
      at performConcurrentWorkOnRoot (node_modules/react-dom/cjs/react-dom.development.js:25848:7)
      at flushActQueue (node_modules/react/cjs/react.development.js:2667:24)
      at act (node_modules/react/cjs/react.development.js:2582:11)
      at node_modules/@testing-library/react/dist/act-compat.js:46:25
      at renderRoot (node_modules/@testing-library/react/dist/pure.js:189:26)
      at render (node_modules/@testing-library/react/dist/pure.js:291:10)
      at Object.<anonymous> (src/components/__tests__/add-non-employee-form.test.tsx:64:11)

    console.warn
      Warning: Missing `Description` or `aria-describedby={undefined}` for {DialogContent}.

      62 | describe('AddNonEmployeeForm', () => {
      63 |   it('renders the form with required fields', () => {
    > 64 |     render(<AddNonEmployeeForm {...defaultProps} />);
         |           ^
      65 |
      66 |     expect(screen.getByText('Dodaj nowego mieszkańca (NZ)')).toBeInTheDocument();
      67 |     expect(screen.getByLabelText('Nazwisko')).toBeInTheDocument();

      at node_modules/@radix-ui/react-dialog/src/dialog.tsx:543:36
      at commitHookEffectListMount (node_modules/react-dom/cjs/react-dom.development.js:23189:26)
      at commitPassiveMountOnFiber (node_modules/react-dom/cjs/react-dom.development.js:24970:11)
      at commitPassiveMountEffects_complete (node_modules/react-dom/cjs/react-dom.development.js:24930:9)
      at commitPassiveMountEffects_begin (node_modules/react-dom/cjs/react-dom.development.js:24917:7)
      at commitPassiveMountEffects (node_modules/react-dom/cjs/react-dom.development.js:24905:3)
      at flushPassiveEffectsImpl (node_modules/react-dom/cjs/react-dom.development.js:27078:3)
      at flushPassiveEffects (node_modules/react-dom/cjs/react-dom.development.js:27023:14)
      at commitRootImpl (node_modules/react-dom/cjs/react-dom.development.js:26974:5)
      at commitRoot (node_modules/react-dom/cjs/react-dom.development.js:26721:5)
      at performSyncWorkOnRoot (node_modules/react-dom/cjs/react-dom.development.js:26156:3)
      at flushSyncCallbacks (node_modules/react-dom/cjs/react-dom.development.js:12042:22)
      at commitRootImpl (node_modules/react-dom/cjs/react-dom.development.js:26998:3)
      at commitRoot (node_modules/react-dom/cjs/react-dom.development.js:26721:5)
      at finishConcurrentRender (node_modules/react-dom/cjs/react-dom.development.js:26020:9)
      at performConcurrentWorkOnRoot (node_modules/react-dom/cjs/react-dom.development.js:25848:7)
      at flushActQueue (node_modules/react/cjs/react.development.js:2667:24)
      at act (node_modules/react/cjs/react.development.js:2582:11)
      at node_modules/@testing-library/react/dist/act-compat.js:46:25
      at renderRoot (node_modules/@testing-library/react/dist/pure.js:189:26)
      at render (node_modules/@testing-library/react/dist/pure.js:291:10)
      at Object.<anonymous> (src/components/__tests__/add-non-employee-form.test.tsx:64:11)

    console.error
      `DialogContent` requires a `DialogTitle` for the component to be accessible for screen reader users.
      
      If you want to hide the `DialogTitle`, you can wrap it with our VisuallyHidden component.
      
      For more information, see https://radix-ui.com/primitives/docs/components/dialog

      71 |
      72 |   it('validates required fields', async () => {
    > 73 |     render(<AddNonEmployeeForm {...defaultProps} />);
         |           ^
      74 |
      75 |     const submitButton = screen.getByRole('button', { name: 'Zapisz' });
      76 |     fireEvent.click(submitButton);

      at node_modules/@radix-ui/react-dialog/src/dialog.tsx:520:30
      at commitHookEffectListMount (node_modules/react-dom/cjs/react-dom.development.js:23189:26)
      at commitPassiveMountOnFiber (node_modules/react-dom/cjs/react-dom.development.js:24970:11)
      at commitPassiveMountEffects_complete (node_modules/react-dom/cjs/react-dom.development.js:24930:9)
      at commitPassiveMountEffects_begin (node_modules/react-dom/cjs/react-dom.development.js:24917:7)
      at commitPassiveMountEffects (node_modules/react-dom/cjs/react-dom.development.js:24905:3)
      at flushPassiveEffectsImpl (node_modules/react-dom/cjs/react-dom.development.js:27078:3)
      at flushPassiveEffects (node_modules/react-dom/cjs/react-dom.development.js:27023:14)
      at commitRootImpl (node_modules/react-dom/cjs/react-dom.development.js:26974:5)
      at commitRoot (node_modules/react-dom/cjs/react-dom.development.js:26721:5)
      at performSyncWorkOnRoot (node_modules/react-dom/cjs/react-dom.development.js:26156:3)
      at flushSyncCallbacks (node_modules/react-dom/cjs/react-dom.development.js:12042:22)
      at commitRootImpl (node_modules/react-dom/cjs/react-dom.development.js:26998:3)
      at commitRoot (node_modules/react-dom/cjs/react-dom.development.js:26721:5)
      at finishConcurrentRender (node_modules/react-dom/cjs/react-dom.development.js:26020:9)
      at performConcurrentWorkOnRoot (node_modules/react-dom/cjs/react-dom.development.js:25848:7)
      at flushActQueue (node_modules/react/cjs/react.development.js:2667:24)
      at act (node_modules/react/cjs/react.development.js:2582:11)
      at node_modules/@testing-library/react/dist/act-compat.js:46:25
      at renderRoot (node_modules/@testing-library/react/dist/pure.js:189:26)
      at render (node_modules/@testing-library/react/dist/pure.js:291:10)
      at Object.<anonymous> (src/components/__tests__/add-non-employee-form.test.tsx:73:11)

    console.warn
      Warning: Missing `Description` or `aria-describedby={undefined}` for {DialogContent}.

      71 |
      72 |   it('validates required fields', async () => {
    > 73 |     render(<AddNonEmployeeForm {...defaultProps} />);
         |           ^
      74 |
      75 |     const submitButton = screen.getByRole('button', { name: 'Zapisz' });
      76 |     fireEvent.click(submitButton);

      at node_modules/@radix-ui/react-dialog/src/dialog.tsx:543:36
      at commitHookEffectListMount (node_modules/react-dom/cjs/react-dom.development.js:23189:26)
      at commitPassiveMountOnFiber (node_modules/react-dom/cjs/react-dom.development.js:24970:11)
      at commitPassiveMountEffects_complete (node_modules/react-dom/cjs/react-dom.development.js:24930:9)
      at commitPassiveMountEffects_begin (node_modules/react-dom/cjs/react-dom.development.js:24917:7)
      at commitPassiveMountEffects (node_modules/react-dom/cjs/react-dom.development.js:24905:3)
      at flushPassiveEffectsImpl (node_modules/react-dom/cjs/react-dom.development.js:27078:3)
      at flushPassiveEffects (node_modules/react-dom/cjs/react-dom.development.js:27023:14)
      at commitRootImpl (node_modules/react-dom/cjs/react-dom.development.js:26974:5)
      at commitRoot (node_modules/react-dom/cjs/react-dom.development.js:26721:5)
      at performSyncWorkOnRoot (node_modules/react-dom/cjs/react-dom.development.js:26156:3)
      at flushSyncCallbacks (node_modules/react-dom/cjs/react-dom.development.js:12042:22)
      at commitRootImpl (node_modules/react-dom/cjs/react-dom.development.js:26998:3)
      at commitRoot (node_modules/react-dom/cjs/react-dom.development.js:26721:5)
      at finishConcurrentRender (node_modules/react-dom/cjs/react-dom.development.js:26020:9)
      at performConcurrentWorkOnRoot (node_modules/react-dom/cjs/react-dom.development.js:25848:7)
      at flushActQueue (node_modules/react/cjs/react.development.js:2667:24)
      at act (node_modules/react/cjs/react.development.js:2582:11)
      at node_modules/@testing-library/react/dist/act-compat.js:46:25
      at renderRoot (node_modules/@testing-library/react/dist/pure.js:189:26)
      at render (node_modules/@testing-library/react/dist/pure.js:291:10)
      at Object.<anonymous> (src/components/__tests__/add-non-employee-form.test.tsx:73:11)

    console.error
      `DialogContent` requires a `DialogTitle` for the component to be accessible for screen reader users.
      
      If you want to hide the `DialogTitle`, you can wrap it with our VisuallyHidden component.
      
      For more information, see https://radix-ui.com/primitives/docs/components/dialog

      89 |
      90 |   it('validates room number is required', async () => {
    > 91 |     render(<AddNonEmployeeForm {...defaultProps} />);
         |           ^
      92 |
      93 |     // Fill some fields but leave room empty
      94 |     fireEvent.change(screen.getByLabelText('Nazwisko'), { target: { value: 'Kowalski' } });

      at node_modules/@radix-ui/react-dialog/src/dialog.tsx:520:30
      at commitHookEffectListMount (node_modules/react-dom/cjs/react-dom.development.js:23189:26)
      at commitPassiveMountOnFiber (node_modules/react-dom/cjs/react-dom.development.js:24970:11)
      at commitPassiveMountEffects_complete (node_modules/react-dom/cjs/react-dom.development.js:24930:9)
      at commitPassiveMountEffects_begin (node_modules/react-dom/cjs/react-dom.development.js:24917:7)
      at commitPassiveMountEffects (node_modules/react-dom/cjs/react-dom.development.js:24905:3)
      at flushPassiveEffectsImpl (node_modules/react-dom/cjs/react-dom.development.js:27078:3)
      at flushPassiveEffects (node_modules/react-dom/cjs/react-dom.development.js:27023:14)
      at commitRootImpl (node_modules/react-dom/cjs/react-dom.development.js:26974:5)
      at commitRoot (node_modules/react-dom/cjs/react-dom.development.js:26721:5)
      at performSyncWorkOnRoot (node_modules/react-dom/cjs/react-dom.development.js:26156:3)
      at flushSyncCallbacks (node_modules/react-dom/cjs/react-dom.development.js:12042:22)
      at commitRootImpl (node_modules/react-dom/cjs/react-dom.development.js:26998:3)
      at commitRoot (node_modules/react-dom/cjs/react-dom.development.js:26721:5)
      at finishConcurrentRender (node_modules/react-dom/cjs/react-dom.development.js:26020:9)
      at performConcurrentWorkOnRoot (node_modules/react-dom/cjs/react-dom.development.js:25848:7)
      at flushActQueue (node_modules/react/cjs/react.development.js:2667:24)
      at act (node_modules/react/cjs/react.development.js:2582:11)
      at node_modules/@testing-library/react/dist/act-compat.js:46:25
      at renderRoot (node_modules/@testing-library/react/dist/pure.js:189:26)
      at render (node_modules/@testing-library/react/dist/pure.js:291:10)
      at Object.<anonymous> (src/components/__tests__/add-non-employee-form.test.tsx:91:11)

    console.warn
      Warning: Missing `Description` or `aria-describedby={undefined}` for {DialogContent}.

      89 |
      90 |   it('validates room number is required', async () => {
    > 91 |     render(<AddNonEmployeeForm {...defaultProps} />);
         |           ^
      92 |
      93 |     // Fill some fields but leave room empty
      94 |     fireEvent.change(screen.getByLabelText('Nazwisko'), { target: { value: 'Kowalski' } });

      at node_modules/@radix-ui/react-dialog/src/dialog.tsx:543:36
      at commitHookEffectListMount (node_modules/react-dom/cjs/react-dom.development.js:23189:26)
      at commitPassiveMountOnFiber (node_modules/react-dom/cjs/react-dom.development.js:24970:11)
      at commitPassiveMountEffects_complete (node_modules/react-dom/cjs/react-dom.development.js:24930:9)
      at commitPassiveMountEffects_begin (node_modules/react-dom/cjs/react-dom.development.js:24917:7)
      at commitPassiveMountEffects (node_modules/react-dom/cjs/react-dom.development.js:24905:3)
      at flushPassiveEffectsImpl (node_modules/react-dom/cjs/react-dom.development.js:27078:3)
      at flushPassiveEffects (node_modules/react-dom/cjs/react-dom.development.js:27023:14)
      at commitRootImpl (node_modules/react-dom/cjs/react-dom.development.js:26974:5)
      at commitRoot (node_modules/react-dom/cjs/react-dom.development.js:26721:5)
      at performSyncWorkOnRoot (node_modules/react-dom/cjs/react-dom.development.js:26156:3)
      at flushSyncCallbacks (node_modules/react-dom/cjs/react-dom.development.js:12042:22)
      at commitRootImpl (node_modules/react-dom/cjs/react-dom.development.js:26998:3)
      at commitRoot (node_modules/react-dom/cjs/react-dom.development.js:26721:5)
      at finishConcurrentRender (node_modules/react-dom/cjs/react-dom.development.js:26020:9)
      at performConcurrentWorkOnRoot (node_modules/react-dom/cjs/react-dom.development.js:25848:7)
      at flushActQueue (node_modules/react/cjs/react.development.js:2667:24)
      at act (node_modules/react/cjs/react.development.js:2582:11)
      at node_modules/@testing-library/react/dist/act-compat.js:46:25
      at renderRoot (node_modules/@testing-library/react/dist/pure.js:189:26)
      at render (node_modules/@testing-library/react/dist/pure.js:291:10)
      at Object.<anonymous> (src/components/__tests__/add-non-employee-form.test.tsx:91:11)

  ● AddNonEmployeeForm › renders the form with required fields

    TestingLibraryElementError: Unable to find an element with the text: Dodaj nowego mieszkańca (NZ). This could be because the text is broken up by multiple elements. In this case, you can provide a function for your text matcher to make your matcher more flexible.

    Ignored nodes: comments, script, style
    [36m<body[39m
      [33mdata-scroll-locked[39m=[32m"1"[39m
      [33mstyle[39m=[32m"pointer-events: none;"[39m
    [36m>[39m
      [36m<span[39m
        [33maria-hidden[39m=[32m"true"[39m
        [33mdata-aria-hidden[39m=[32m"true"[39m
        [33mdata-radix-focus-guard[39m=[32m""[39m
        [33mstyle[39m=[32m"outline: none; opacity: 0; position: fixed; pointer-events: none;"[39m
        [33mtabindex[39m=[32m"0"[39m
      [36m/>[39m
      [36m<div[39m
        [33maria-hidden[39m=[32m"true"[39m
        [33mdata-aria-hidden[39m=[32m"true"[39m
      [36m/>[39m
      [36m<div[39m
        [33maria-hidden[39m=[32m"true"[39m
        [33mclass[39m=[32m"fixed inset-0 z-50 bg-black/80 data-[state=open]:animate-in data-[state=closed]:animate-out data-[state=closed]:fade-out-0 data-[state=open]:fade-in-0"[39m
        [33mdata-aria-hidden[39m=[32m"true"[39m
        [33mdata-state[39m=[32m"open"[39m
        [33mstyle[39m=[32m"pointer-events: auto;"[39m
      [36m/>[39m
      [36m<div[39m
        [33maria-describedby[39m=[32m"radix-:r2:"[39m
        [33maria-labelledby[39m=[32m"radix-:r1:"[39m
        [33mclass[39m=[32m"fixed left-[50%] top-[50%] z-50 w-full translate-x-[-50%] translate-y-[-50%] border bg-background shadow-lg duration-200 data-[state=open]:animate-in data-[state=closed]:animate-out data-[state=closed]:fade-out-0 data-[state=open]:fade-in-0 data-[state=closed]:zoom-out-95 data-[state=open]:zoom-in-95 data-[state=closed]:slide-out-to-left-1/2 data-[state=closed]:slide-out-to-top-[48%] data-[state=open]:slide-in-from-left-1/2 data-[state=open]:slide-in-from-top-[48%] sm:rounded-lg max-w-[95vw] sm:max-w-lg h-[92vh] max-h-[92vh] flex flex-col p-0 gap-0 overflow-hidden"[39m
        [33mdata-state[39m=[32m"open"[39m
        [33mid[39m=[32m"radix-:r0:"[39m
        [33mrole[39m=[32m"dialog"[39m
        [33mstyle[39m=[32m"pointer-events: auto;"[39m
        [33mtabindex[39m=[32m"-1"[39m
      [36m>[39m
        [36m<div[39m
          [33mclass[39m=[32m"flex items-center justify-center gap-1.5 sm:gap-2 py-3 border-b bg-muted/30 flex-shrink-0 px-2"[39m
        [36m>[39m
          [36m<div[39m
            [33mclass[39m=[32m"flex flex-col items-center gap-0.5"[39m
          [36m>[39m
            [36m<div[39m
              [33mclass[39m=[32m"w-7 h-7 sm:w-8 sm:h-8 rounded-full flex items-center justify-center text-xs sm:text-sm font-semibold transition-all bg-primary text-primary-foreground ring-4 ring-primary/20"[39m
            [36m>[39m
              [0m1[0m
            [36m</div>[39m
            [36m<span[39m
              [33mclass[39m=[32m"text-[9px] sm:text-[10px] hidden sm:block truncate max-w-[56px] text-center text-primary font-medium"[39m
            [36m>[39m
              [0mOsoba[0m
            [36m</span>[39m
          [36m</div>[39m
          [36m<div[39m
            [33mclass[39m=[32m"h-0.5 w-6 sm:w-10 rounded transition-colors mb-3 bg-muted"[39m
          [36m/>[39m
          [36m<div[39m
            [33mclass[39m=[32m"flex flex-col items-center gap-0.5"[39m
          [36m>[39m
            [36m<div[39m
              [33mclass[39m=[32m"w-7 h-7 sm:w-8 sm:h-8 rounded-full flex items-center justify-center text-xs sm:text-sm font-semibold transition-all bg-muted text-muted-foreground"[39m
            [36m>[39m
              [0m2[0m
            [36m</div>[39m
            [36m<span[39m
              [33mclass[39m=[32m"text-[9px] sm:text-[10px] hidden sm:block truncate max-w-[56px] text-center text-muted-foreground"[39m
            [36m>[39m
              [0mLokalizacja[0m
            [36m</span>[39m
          [36m</div>[39m
          [36m<div[39m
            [33mclass[39m=[32m"h-0.5 w-6 sm:w-10 rounded transition-colors mb-3 bg-muted"[39m
          [36m/>[39m
          [36m<div[39m
            [33mclass[39m=[32m"flex flex-col items-center gap-0.5"[39m
          [36m>[39m
            [36m<div[39m
              [33mclass[39m=[32m"w-7 h-7 sm:w-8 sm:h-8 rounded-full flex items-center justify-center text-xs sm:text-sm font-semibold transition-all bg-muted text-muted-foreground"[39m
            [36m>[39m
              [0m3[0m
            [36m</div>[39m
            [36m<span[39m
              [33mclass[39m=[32m"text-[9px] sm:text-[10px] hidden sm:block truncate max-w-[56px] text-center text-muted-foreground"[39m
            [36m>[39m
              [0mSzczegóły[0m
            [36m</span>[39m
          [36m</div>[39m
          [36m<div[39m
            [33mclass[39m=[32m"h-0.5 w-6 sm:w-10 rounded transition-colors mb-3 bg-muted"[39m
          [36m/>[39m
          [36m<div[39m
            [33mclass[39m=[32m"flex flex-col items-center gap-0.5"[39m
          [36m>[39m
            [36m<div[39m
              [33mclass[39m=[32m"w-7 h-7 sm:w-8 sm:h-8 rounded-full flex items-center justify-center text-xs sm:text-sm font-semibold transition-all bg-muted text-muted-foreground"[39m
            [36m>[39m
              [0m4[0m
            [36m</div>[39m
            [36m<span[39m
              [33mclass[39m=[32m"text-[9px] sm:text-[10px] hidden sm:block truncate max-w-[56px] text-center text-muted-foreground"[39m
            [36m>[39m
              [0mDaty[0m
            [36m</span>[39m
          [36m</div>[39m
          [36m<div[39m
            [33mclass[39m=[32m"h-0.5 w-6 sm:w-10 rounded transition-colors mb-3 bg-muted"[39m
          [36m/>[39m
          [36m<div[39m
            [33mclass[39m=[32m"flex flex-col items-center gap-0.5"[39m
          [36m>[39m
            [36m<div[39m
              [33mclass[39m=[32m"w-7 h-7 sm:w-8 sm:h-8 rounded-full flex items-center justify-center text-xs sm:text-sm font-semibold transition-all bg-muted text-muted-foreground"[39m
            [36m>[39m
              [0m5[0m
            [36m</div>[39m
            [36m<span[39m
              [33mclass[39m=[32m"text-[9px] sm:text-[10px] hidden sm:block truncate max-w-[56px] text-center text-muted-foreground"[39m
            [36m>[39m
              [0mPodsumowanie[0m
            [36m</span>[39m
          [36m</div>[39m
        [36m</div>[39m
        [36m<div[39m
          [33mclass[39m=[32m"relative overflow-hidden flex-1 overflow-y-auto"[39m
          [33mdir[39m=[32m"ltr"[39m
          [33mstyle[39m=[32m"position: relative; --radix-scroll-area-corner-width: 0px; --radix-scroll-area-corner-height: 0px;"[39m
        [36m>[39m
          [36m<div[39m
            [33mclass[39m=[32m"h-full w-full rounded-[inherit]"[39m
            [33mdata-radix-scroll-area-viewport[39m=[32m""[39m
            [33mstyle[39m=[32m"overflow-x: hidden; overflow-y: scroll;"[39m
          [36m>[39m
            [36m<div[39m
              [33mstyle[39m=[32m"min-width: 100%; display: table;"[39m
            [36m>[39m
              [36m<div[39m
                [33mclass[39m=[32m"flex flex-col gap-5 p-6 sm:p-8"[39m
              [36m>[39m
                [36m<div[39m
                  [33mclass[39m=[32m"text-center space-y-1"[39m
                [36m>[39m
                  [36m<svg[39m
                    [33mclass[39m=[32m"lucide lucide-user w-9 h-9 mx-auto text-primary"[39m
                    [33mfill[39m=[32m"none"[39m
                    [33mheight[39m=[32m"24"[39m
                    [33mstroke[39m=[32m"curren...

      64 |     render(<AddNonEmployeeForm {...defaultProps} />);
      65 |
    > 66 |     expect(screen.getByText('Dodaj nowego mieszkańca (NZ)')).toBeInTheDocument();
         |                   ^
      67 |     expect(screen.getByLabelText('Nazwisko')).toBeInTheDocument();
      68 |     expect(screen.getByLabelText('Imię')).toBeInTheDocument();
      69 |     expect(screen.getByLabelText('Koordynator')).toBeInTheDocument();

      at Object.getElementError (node_modules/@testing-library/dom/dist/config.js:37:19)
      at node_modules/@testing-library/dom/dist/query-helpers.js:76:38
      at node_modules/@testing-library/dom/dist/query-helpers.js:52:17
      at node_modules/@testing-library/dom/dist/query-helpers.js:95:19
      at Object.getByText (src/components/__tests__/add-non-employee-form.test.tsx:66:19)

  ● AddNonEmployeeForm › validates required fields

    TestingLibraryElementError: Unable to find an accessible element with the role "button" and name "Zapisz"

    Here are the accessible roles:

      dialog:

      Name "":
      [36m<div[39m
        [33maria-describedby[39m=[32m"radix-:ra:"[39m
        [33maria-labelledby[39m=[32m"radix-:r9:"[39m
        [33mclass[39m=[32m"fixed left-[50%] top-[50%] z-50 w-full translate-x-[-50%] translate-y-[-50%] border bg-background shadow-lg duration-200 data-[state=open]:animate-in data-[state=closed]:animate-out data-[state=closed]:fade-out-0 data-[state=open]:fade-in-0 data-[state=closed]:zoom-out-95 data-[state=open]:zoom-in-95 data-[state=closed]:slide-out-to-left-1/2 data-[state=closed]:slide-out-to-top-[48%] data-[state=open]:slide-in-from-left-1/2 data-[state=open]:slide-in-from-top-[48%] sm:rounded-lg max-w-[95vw] sm:max-w-lg h-[92vh] max-h-[92vh] flex flex-col p-0 gap-0 overflow-hidden"[39m
        [33mdata-state[39m=[32m"open"[39m
        [33mid[39m=[32m"radix-:r8:"[39m
        [33mrole[39m=[32m"dialog"[39m
        [33mstyle[39m=[32m"pointer-events: auto;"[39m
        [33mtabindex[39m=[32m"-1"[39m
      [36m/>[39m

      --------------------------------------------------
      heading:

      Name "Dane osoby":
      [36m<h2[39m
        [33mclass[39m=[32m"text-xl font-bold"[39m
      [36m/>[39m

      --------------------------------------------------
      paragraph:

      Name "":
      [36m<p[39m
        [33mclass[39m=[32m"text-sm text-muted-foreground"[39m
      [36m/>[39m

      --------------------------------------------------
      button:

      Name "Skanuj paszport / dowód":
      [36m<button[39m
        [33mclass[39m=[32m"w-full flex items-center justify-center gap-3 rounded-xl border-2 border-dashed border-primary/40 bg-primary/5 hover:bg-primary/10 active:scale-[0.98] transition-all py-5 text-primary font-semibold text-base disabled:opacity-50"[39m
        [33mtype[39m=[32m"button"[39m
      [36m/>[39m

      Name "Anuluj":
      [36m<button[39m
        [33mclass[39m=[32m"inline-flex items-center justify-center whitespace-nowrap rounded-md font-medium ring-offset-background transition-colors focus-visible:outline-none focus-visible:ring-2 focus-visible:ring-ring focus-visible:ring-offset-2 disabled:pointer-events-none disabled:opacity-50 hover:bg-accent hover:text-accent-foreground py-2 h-11 px-4 text-sm"[39m
      [36m/>[39m

      Name "Dalej":
      [36m<button[39m
        [33mclass[39m=[32m"inline-flex items-center justify-center whitespace-nowrap rounded-md ring-offset-background transition-colors focus-visible:outline-none focus-visible:ring-2 focus-visible:ring-ring focus-visible:ring-offset-2 disabled:pointer-events-none disabled:opacity-50 bg-primary text-primary-foreground hover:bg-primary/90 py-2 h-11 px-6 text-sm font-semibold"[39m
        [33mdisabled[39m=[32m""[39m
      [36m/>[39m

      Name "Close":
      [36m<button[39m
        [33mclass[39m=[32m"absolute right-4 top-4 rounded-sm opacity-70 ring-offset-background transition-opacity hover:opacity-100 focus:outline-none focus:ring-2 focus:ring-ring focus:ring-offset-2 disabled:pointer-events-none data-[state=open]:bg-accent data-[state=open]:text-muted-foreground"[39m
        [33mtype[39m=[32m"button"[39m
      [36m/>[39m

      --------------------------------------------------
      textbox:

      Name "":
      [36m<input[39m
        [33mclass[39m=[32m"flex min-h-[44px] w-full rounded-md border border-input bg-background px-3 py-2 ring-offset-background file:border-0 file:bg-transparent file:text-sm file:font-medium placeholder:text-muted-foreground focus-visible:outline-none focus-visible:ring-2 focus-visible:ring-ring focus-visible:ring-offset-2 disabled:cursor-not-allowed disabled:opacity-50 touch-manipulation h-12 text-base"[39m
        [33mplaceholder[39m=[32m"Kowalski"[39m
        [33mvalue[39m=[32m""[39m
      [36m/>[39m

      Name "":
      [36m<input[39m
        [33mclass[39m=[32m"flex min-h-[44px] w-full rounded-md border border-input bg-background px-3 py-2 ring-offset-background file:border-0 file:bg-transparent file:text-sm file:font-medium placeholder:text-muted-foreground focus-visible:outline-none focus-visible:ring-2 focus-visible:ring-ring focus-visible:ring-offset-2 disabled:cursor-not-allowed disabled:opacity-50 touch-manipulation h-12 text-base"[39m
        [33mplaceholder[39m=[32m"Jan"[39m
        [33mvalue[39m=[32m""[39m
      [36m/>[39m

      --------------------------------------------------
      combobox:

      Name "":
      [36m<button[39m
        [33maria-controls[39m=[32m"radix-:re:"[39m
        [33maria-expanded[39m=[32m"false"[39m
        [33maria-haspopup[39m=[32m"dialog"[39m
        [33mclass[39m=[32m"inline-flex items-center whitespace-nowrap rounded-md text-sm font-medium ring-offset-background transition-colors focus-visible:outline-none focus-visible:ring-2 focus-visible:ring-ring focus-visible:ring-offset-2 disabled:pointer-events-none disabled:opacity-50 border border-input bg-background hover:bg-accent hover:text-accent-foreground h-10 px-4 py-2 w-full justify-between min-h-[44px]"[39m
        [33mdata-state[39m=[32m"closed"[39m
        [33mrole[39m=[32m"combobox"[39m
        [33mtype[39m=[32m"button"[39m
      [36m/>[39m

      Name "":
      [36m<button[39m
        [33maria-controls[39m=[32m"radix-:rf:"[39m
        [33maria-expanded[39m=[32m"false"[39m
        [33maria-haspopup[39m=[32m"dialog"[39m
        [33mclass[39m=[32m"inline-flex items-center whitespace-nowrap rounded-md text-sm font-medium ring-offset-background transition-colors focus-visible:outline-none focus-visible:ring-2 focus-visible:ring-ring focus-visible:ring-offset-2 disabled:pointer-events-none disabled:opacity-50 border border-input bg-background hover:bg-accent hover:text-accent-foreground h-10 px-4 py-2 w-full justify-between min-h-[44px]"[39m
        [33mdata-state[39m=[32m"closed"[39m
        [33mrole[39m=[32m"combobox"[39m
        [33mtype[39m=[32m"button"[39m
      [36m/>[39m

      --------------------------------------------------

    Ignored nodes: comments, script, style
    [36m<body[39m
      [33mdata-scroll-locked[39m=[32m"1"[39m
      [33mstyle[39m=[32m"pointer-events: none;"[39m
    [36m>[39m
      [36m<span[39m
        [33maria-hidden[39m=[32m"true"[39m
        [33mdata-aria-hidden[39m=[32m"true"[39m
        [33mdata-radix-focus-guard[39m=[32m""[39m
        [33mstyle[39m=[32m"outline: none; opacity: 0; position: fixed; pointer-events: none;"[39m
        [33mtabindex[39m=[32m"0"[39m
      [36m/>[39m
      [36m<div[39m
        [33maria-hidden[39m=[32m"true"[39m
        [33mdata-aria-hidden[39m=[32m"true"[39m
      [36m/>[39m
      [36m<div[39m
        [33maria-hidden[39m=[32m"true"[39m
        [33mclass[39m=[32m"fixed inset-0 z-50 bg-black/80 data-[state=open]:animate-in data-[state=closed]:animate-out data-[state=closed]:fade-out-0 data-[state=open]:fade-in-0"[39m
        [33mdata-aria-hidden[39m=[32m"true"[39m
        [33mdata-state[39m=[32m"open"[39m
        [33mstyle[39m=[32m"pointer-events: auto;"[39m
      [36m/>[39m
      [36m<div[39m
        [33maria-describedby[39m=[32m"radix-:ra:"[39m
        [33maria-labelledby[39m=[32m"radix-:r9:"[39m
        [33mclass[39m=[32m"fixed left-[50%] top-[50%] z-50 w-full translate-x-[-50%] translate-y-[-50%] border bg-background shadow-lg duration-200 data-[state=open]:animate-in data-[state=closed]:animate-out data-[state=closed]:fade-out-0 data-[state=open]:fade-in-0 data-[state=closed]:zoom-out-95 data-[state=open]:zoom-in-95 data-[state=closed]:slide-out-to-left-1/2 data-[state=closed]:slide-out-to-top-[48%] data-[state=open]:slide-in-from-left-1/2 data-[state=open]:slide-in-from-top-[48%] sm:rounded-lg max-w-[95vw] sm:max-w-lg h-[92vh] max-h-[92vh] flex flex-col p-0 gap-0 overflow-hidden"[39m
        [33mdata-state[39m=[32m"open"[39m
        [33mid[39m=[32m"radix-:r8:"[39m
        [33mrole[39m=[32m"dialog"[39m
        [33mstyle[39m=[32m"pointer-events: auto;"[39m
        [33mtabindex[39m=[32m"-1"[39m
      [36m>[39m
        [36m<div[39m
          [33mclass[39m=[32m"flex items-center justify-center gap-1.5 sm:gap-2 py-3 border-b bg-muted/30 flex-shrink-0 px-2"[39m
        [36m>[39m
          [36m<div[39m
            [33mclass[39m=[32m"flex flex-col items-center gap-0.5"[39m
          [36m>[39m
            [36m<div[39m
              [33mclass[39m=[32m"w-7 h-7 sm:w-8 sm:h-8 rounded-full flex items-center justify-center text-xs sm:text-sm font-semibold transition-all bg-primary text-primary-foreground ring-4 ring-primary/20"[39m
            [36m>[39m
              [0m1[0m
            [36m</div>[39m
            [36m<span[39m
              [33mclass[39m=[32m"text-[9px] sm:text-[10px] hidden sm:block truncate max-w-[56px] text-center text-primary font-medium"[39m
            [36m>[39m
              [0mOsoba[0m
            [36m</span>[39m
          [36m</div>[39m
          [36m<div[39m
            [33mclass[39m=[32m"h-0.5 w-6 sm:w-10 rounded transition-colors mb-3 bg-muted"[39m
          [36m/>[39m
          [36m<div[39m
            [33mclass[39m=[32m"flex flex-col items-center gap-0.5"[39m
          [36m>[39m
            [36m<div[39m
              [33mclass[39m=[32m"w-7 h-7 sm:w-8 sm:h-8 rounded-full flex items-center justify-center text-xs sm:text-sm font-semibold transition-all bg-muted text-muted-foreground"[39m
            [36m>[39m
              [0m2[0m
            [36m</div>[39m
            [36m<span[39m
              [33mclass[39m=[32m"text-[9px] sm:text-[10px] hidden sm:block truncate max-w-[56px] text-center text-muted-foreground"[39m
            [36m>[39m
              [0mLokalizacja[0m
            [36m</span>[39m
          [36m</div>[39m
          [36m<div[39m
            [33mclass[39m=[32m"h-0.5 w-6 sm:w-10 rounded transition-colors mb-3 bg-muted"[39m
          [36m/>[39m
          [36m<div[39m
            [33mclass[39m=[32m"flex flex-col items-center gap-0.5"[39m
          [36m>[39m
            [36m<div[39m
              [33mclass[39m=[32m"w-7 h-7 sm:w-8 sm:h-8 rounded-full flex items-center justify-center text-xs sm:text-sm font-semibold transition-all bg-muted text-muted-foreground"[39m
            [36m>[39m
              [0m3[0m
            [36m</div>[39m
            [36m<span[39m
              [33mclass[39m=[32m"text-[9px] sm:text-[10px] hidden sm:block truncate max-w-[56px] text-center text-muted-foreground"[39m
            [36m>[39m
              [0mSzczegóły[0m
            [36m</span>[39m
          [36m</div>[39m
          [36m<div[39m
            [33mclass[39m=[32m"h-0.5 w-6 sm:w-10 rounded transition-colors mb-3 bg-muted"[39m
          [36m/>[39m
          [36m<div[39m
            [33mclass[39m=[32m"flex flex-col items-center gap-0.5"[39m
          [36m>[39m
            [36m<div[39m
              [33mclass[39m=[32m"w-7 h-7 sm:w-8 sm:h-8 rounded-full flex items-center justify-center text-xs sm:text-sm font-semibold transition-all bg-muted text-muted-foreground"[39m
            [36m>[39m
              [0m4[0m
            [36m</div>[39m
            [36m<span[39m
              [33mclass[39m=[32m"text-[9px] sm:text-[10px] hidden sm:block truncate max-w-[56px] text-center text-muted-foreground"[39m
            [36m>[39m
              [0mDaty[0m
            [36m</span>[39m
          [36m</div>[39m
          [36m<div[39m
            [33mclass[39m=[32m"h-0.5 w-6 sm:w-10 rounded transition-colors mb-3 bg-muted"[39m
          [36m/>[39m
          [36m<div[39m
            [33mclass[39m=[32m"flex flex-col items-center gap-0.5"[39m
          [36m>[39m
            [36m<div[39m
              [33mclass[39m=[32m"w-7 h-7 sm:w-8 sm:h-8 rounded-full flex items-center justify-center text-xs sm:text-sm font-semibold transition-all bg-muted text-muted-foreground"[39m
            [36m>[39m
              [0m5[0m
            [36m</div>[39m
            [36m<span[39m
              [33mclass[39m=[32m"text-[9px] sm:text-[10px] hidden sm:block truncate max-w-[56px] text-center text-muted-foreground"[39m
            [36m>[39m
              [0mPodsumowanie[0m
            [36m</span>[39m
          [36m</div>[39m
        [36m</div>[39m
        [36m<div[39m
          [33mclass[39m=[32m"relative overflow-hidden flex-1 overflow-y-auto"[39m
          [33mdir[39m=[32m"ltr"[39m
          [33mstyle[39m=[32m"position: relative; --radix-scroll-area-corner-width: 0px; --radix-scroll-area-corner-height: 0px;"[39m
        [36m>[39m
          [36m<div[39m
            [33mclass[39m=[32m"h-full w-full rounded-[inherit]"[39m
            [33mdata-radix-scroll-area-viewport[39m=[32m""[39m
            [33mstyle[39m=[32m"overflow-x: hidden; overflow-y: scroll;"[39m
          [36m>[39m
            [36m<div[39m
              [33mstyle[39m=[32m"min-width: 100%; display: table;"[39m
            [36m>[39m
              [36m<div[39m
                [33mclass[39m=[32m"flex flex-col gap-5 p-6 sm:p-8"[39m
              [36m>[39m
                [36m<div[39m
                  [33mclass[39m=[32m"text-center space-y-1"[39m
                [36m>[39m
                  [36m<svg[39m
                    [33mclass[39m=[32m"lucide lucide-user w-9 h-9 mx-auto text-primary"[39m
                    [33mfill[39m=[32m"none"[39m
                    [33mheight[39m=[32m"24"[39m
                    [33mstroke[39m=[32m"curren...

      73 |     render(<AddNonEmployeeForm {...defaultProps} />);
      74 |
    > 75 |     const submitButton = screen.getByRole('button', { name: 'Zapisz' });
         |                                 ^
      76 |     fireEvent.click(submitButton);
      77 |
      78 |     await waitFor(() => {

      at Object.getElementError (node_modules/@testing-library/dom/dist/config.js:37:19)
      at node_modules/@testing-library/dom/dist/query-helpers.js:76:38
      at node_modules/@testing-library/dom/dist/query-helpers.js:52:17
      at node_modules/@testing-library/dom/dist/query-helpers.js:95:19
      at Object.getByRole (src/components/__tests__/add-non-employee-form.test.tsx:75:33)

  ● AddNonEmployeeForm › validates room number is required

    TestingLibraryElementError: Unable to find a label with the text of: Nazwisko

    Ignored nodes: comments, script, style
    [36m<body[39m
      [33mdata-scroll-locked[39m=[32m"1"[39m
      [33mstyle[39m=[32m"pointer-events: none;"[39m
    [36m>[39m
      [36m<span[39m
        [33maria-hidden[39m=[32m"true"[39m
        [33mdata-aria-hidden[39m=[32m"true"[39m
        [33mdata-radix-focus-guard[39m=[32m""[39m
        [33mstyle[39m=[32m"outline: none; opacity: 0; position: fixed; pointer-events: none;"[39m
        [33mtabindex[39m=[32m"0"[39m
      [36m/>[39m
      [36m<div[39m
        [33maria-hidden[39m=[32m"true"[39m
        [33mdata-aria-hidden[39m=[32m"true"[39m
      [36m/>[39m
      [36m<div[39m
        [33maria-hidden[39m=[32m"true"[39m
        [33mclass[39m=[32m"fixed inset-0 z-50 bg-black/80 data-[state=open]:animate-in data-[state=closed]:animate-out data-[state=closed]:fade-out-0 data-[state=open]:fade-in-0"[39m
        [33mdata-aria-hidden[39m=[32m"true"[39m
        [33mdata-state[39m=[32m"open"[39m
        [33mstyle[39m=[32m"pointer-events: auto;"[39m
      [36m/>[39m
      [36m<div[39m
        [33maria-describedby[39m=[32m"radix-:ri:"[39m
        [33maria-labelledby[39m=[32m"radix-:rh:"[39m
        [33mclass[39m=[32m"fixed left-[50%] top-[50%] z-50 w-full translate-x-[-50%] translate-y-[-50%] border bg-background shadow-lg duration-200 data-[state=open]:animate-in data-[state=closed]:animate-out data-[state=closed]:fade-out-0 data-[state=open]:fade-in-0 data-[state=closed]:zoom-out-95 data-[state=open]:zoom-in-95 data-[state=closed]:slide-out-to-left-1/2 data-[state=closed]:slide-out-to-top-[48%] data-[state=open]:slide-in-from-left-1/2 data-[state=open]:slide-in-from-top-[48%] sm:rounded-lg max-w-[95vw] sm:max-w-lg h-[92vh] max-h-[92vh] flex flex-col p-0 gap-0 overflow-hidden"[39m
        [33mdata-state[39m=[32m"open"[39m
        [33mid[39m=[32m"radix-:rg:"[39m
        [33mrole[39m=[32m"dialog"[39m
        [33mstyle[39m=[32m"pointer-events: auto;"[39m
        [33mtabindex[39m=[32m"-1"[39m
      [36m>[39m
        [36m<div[39m
          [33mclass[39m=[32m"flex items-center justify-center gap-1.5 sm:gap-2 py-3 border-b bg-muted/30 flex-shrink-0 px-2"[39m
        [36m>[39m
          [36m<div[39m
            [33mclass[39m=[32m"flex flex-col items-center gap-0.5"[39m
          [36m>[39m
            [36m<div[39m
              [33mclass[39m=[32m"w-7 h-7 sm:w-8 sm:h-8 rounded-full flex items-center justify-center text-xs sm:text-sm font-semibold transition-all bg-primary text-primary-foreground ring-4 ring-primary/20"[39m
            [36m>[39m
              [0m1[0m
            [36m</div>[39m
            [36m<span[39m
              [33mclass[39m=[32m"text-[9px] sm:text-[10px] hidden sm:block truncate max-w-[56px] text-center text-primary font-medium"[39m
            [36m>[39m
              [0mOsoba[0m
            [36m</span>[39m
          [36m</div>[39m
          [36m<div[39m
            [33mclass[39m=[32m"h-0.5 w-6 sm:w-10 rounded transition-colors mb-3 bg-muted"[39m
          [36m/>[39m
          [36m<div[39m
            [33mclass[39m=[32m"flex flex-col items-center gap-0.5"[39m
          [36m>[39m
            [36m<div[39m
              [33mclass[39m=[32m"w-7 h-7 sm:w-8 sm:h-8 rounded-full flex items-center justify-center text-xs sm:text-sm font-semibold transition-all bg-muted text-muted-foreground"[39m
            [36m>[39m
              [0m2[0m
            [36m</div>[39m
            [36m<span[39m
              [33mclass[39m=[32m"text-[9px] sm:text-[10px] hidden sm:block truncate max-w-[56px] text-center text-muted-foreground"[39m
            [36m>[39m
              [0mLokalizacja[0m
            [36m</span>[39m
          [36m</div>[39m
          [36m<div[39m
            [33mclass[39m=[32m"h-0.5 w-6 sm:w-10 rounded transition-colors mb-3 bg-muted"[39m
          [36m/>[39m
          [36m<div[39m
            [33mclass[39m=[32m"flex flex-col items-center gap-0.5"[39m
          [36m>[39m
            [36m<div[39m
              [33mclass[39m=[32m"w-7 h-7 sm:w-8 sm:h-8 rounded-full flex items-center justify-center text-xs sm:text-sm font-semibold transition-all bg-muted text-muted-foreground"[39m
            [36m>[39m
              [0m3[0m
            [36m</div>[39m
            [36m<span[39m
              [33mclass[39m=[32m"text-[9px] sm:text-[10px] hidden sm:block truncate max-w-[56px] text-center text-muted-foreground"[39m
            [36m>[39m
              [0mSzczegóły[0m
            [36m</span>[39m
          [36m</div>[39m
          [36m<div[39m
            [33mclass[39m=[32m"h-0.5 w-6 sm:w-10 rounded transition-colors mb-3 bg-muted"[39m
          [36m/>[39m
          [36m<div[39m
            [33mclass[39m=[32m"flex flex-col items-center gap-0.5"[39m
          [36m>[39m
            [36m<div[39m
              [33mclass[39m=[32m"w-7 h-7 sm:w-8 sm:h-8 rounded-full flex items-center justify-center text-xs sm:text-sm font-semibold transition-all bg-muted text-muted-foreground"[39m
            [36m>[39m
              [0m4[0m
            [36m</div>[39m
            [36m<span[39m
              [33mclass[39m=[32m"text-[9px] sm:text-[10px] hidden sm:block truncate max-w-[56px] text-center text-muted-foreground"[39m
            [36m>[39m
              [0mDaty[0m
            [36m</span>[39m
          [36m</div>[39m
          [36m<div[39m
            [33mclass[39m=[32m"h-0.5 w-6 sm:w-10 rounded transition-colors mb-3 bg-muted"[39m
          [36m/>[39m
          [36m<div[39m
            [33mclass[39m=[32m"flex flex-col items-center gap-0.5"[39m
          [36m>[39m
            [36m<div[39m
              [33mclass[39m=[32m"w-7 h-7 sm:w-8 sm:h-8 rounded-full flex items-center justify-center text-xs sm:text-sm font-semibold transition-all bg-muted text-muted-foreground"[39m
            [36m>[39m
              [0m5[0m
            [36m</div>[39m
            [36m<span[39m
              [33mclass[39m=[32m"text-[9px] sm:text-[10px] hidden sm:block truncate max-w-[56px] text-center text-muted-foreground"[39m
            [36m>[39m
              [0mPodsumowanie[0m
            [36m</span>[39m
          [36m</div>[39m
        [36m</div>[39m
        [36m<div[39m
          [33mclass[39m=[32m"relative overflow-hidden flex-1 overflow-y-auto"[39m
          [33mdir[39m=[32m"ltr"[39m
          [33mstyle[39m=[32m"position: relative; --radix-scroll-area-corner-width: 0px; --radix-scroll-area-corner-height: 0px;"[39m
        [36m>[39m
          [36m<div[39m
            [33mclass[39m=[32m"h-full w-full rounded-[inherit]"[39m
            [33mdata-radix-scroll-area-viewport[39m=[32m""[39m
            [33mstyle[39m=[32m"overflow-x: hidden; overflow-y: scroll;"[39m
          [36m>[39m
            [36m<div[39m
              [33mstyle[39m=[32m"min-width: 100%; display: table;"[39m
            [36m>[39m
              [36m<div[39m
                [33mclass[39m=[32m"flex flex-col gap-5 p-6 sm:p-8"[39m
              [36m>[39m
                [36m<div[39m
                  [33mclass[39m=[32m"text-center space-y-1"[39m
                [36m>[39m
                  [36m<svg[39m
                    [33mclass[39m=[32m"lucide lucide-user w-9 h-9 mx-auto text-primary"[39m
                    [33mfill[39m=[32m"none"[39m
                    [33mheight[39m=[32m"24"[39m
                    [33mstroke[39m=[32m"curren...

      92 |
      93 |     // Fill some fields but leave room empty
    > 94 |     fireEvent.change(screen.getByLabelText('Nazwisko'), { target: { value: 'Kowalski' } });
         |                             ^
      95 |     fireEvent.change(screen.getByLabelText('Imię'), { target: { value: 'Jan' } });
      96 |
      97 |     fireEvent.click(screen.getByText('Wybierz koordynatora'));

      at Object.getElementError (node_modules/@testing-library/dom/dist/config.js:37:19)
      at getAllByLabelText (node_modules/@testing-library/dom/dist/queries/label-text.js:111:38)
      at node_modules/@testing-library/dom/dist/query-helpers.js:52:17
      at node_modules/@testing-library/dom/dist/query-helpers.js:95:19
      at Object.getByLabelText (src/components/__tests__/add-non-employee-form.test.tsx:94:29)

FAIL src/components/__tests__/housing-view.test.tsx
  ● Test suite failed to run

    TypeError: Cannot read properties of undefined (reading 'length')

      2 | import admin from 'firebase-admin';
      3 |
    > 4 | if (!admin.apps.length) {
        |                 ^
      5 |   const serviceAccount = {
      6 |     projectId: "studio-6821761262-fdf39",
      7 |     clientEmail: process.env.GOOGLE_SERVICE_ACCOUNT_EMAIL,

      at Object.length (src/lib/firebase-admin.ts:4:17)
      at Object.<anonymous> (src/lib/actions.ts:150:24)
      at Object.<anonymous> (src/components/housing-view.tsx:41:18)
      at Object.<anonymous> (src/components/__tests__/housing-view.test.tsx:39:22)

FAIL src/components/__tests__/add-employee-form.test.tsx
  ● Console

    console.error
      `DialogContent` requires a `DialogTitle` for the component to be accessible for screen reader users.
      
      If you want to hide the `DialogTitle`, you can wrap it with our VisuallyHidden component.
      
      For more information, see https://radix-ui.com/primitives/docs/components/dialog

      77 | describe('AddEmployeeForm', () => {
      78 |   it('renders the form with required fields', () => {
    > 79 |     render(<AddEmployeeForm {...defaultProps} />);
         |           ^
      80 |
      81 |     expect(screen.getByText('Dodaj nowego pracownika')).toBeInTheDocument();
      82 |     expect(screen.getByLabelText('Nazwisko')).toBeInTheDocument();

      at node_modules/@radix-ui/react-dialog/src/dialog.tsx:520:30
      at commitHookEffectListMount (node_modules/react-dom/cjs/react-dom.development.js:23189:26)
      at commitPassiveMountOnFiber (node_modules/react-dom/cjs/react-dom.development.js:24970:11)
      at commitPassiveMountEffects_complete (node_modules/react-dom/cjs/react-dom.development.js:24930:9)
      at commitPassiveMountEffects_begin (node_modules/react-dom/cjs/react-dom.development.js:24917:7)
      at commitPassiveMountEffects (node_modules/react-dom/cjs/react-dom.development.js:24905:3)
      at flushPassiveEffectsImpl (node_modules/react-dom/cjs/react-dom.development.js:27078:3)
      at flushPassiveEffects (node_modules/react-dom/cjs/react-dom.development.js:27023:14)
      at commitRootImpl (node_modules/react-dom/cjs/react-dom.development.js:26974:5)
      at commitRoot (node_modules/react-dom/cjs/react-dom.development.js:26721:5)
      at performSyncWorkOnRoot (node_modules/react-dom/cjs/react-dom.development.js:26156:3)
      at flushSyncCallbacks (node_modules/react-dom/cjs/react-dom.development.js:12042:22)
      at commitRootImpl (node_modules/react-dom/cjs/react-dom.development.js:26998:3)
      at commitRoot (node_modules/react-dom/cjs/react-dom.development.js:26721:5)
      at finishConcurrentRender (node_modules/react-dom/cjs/react-dom.development.js:26020:9)
      at performConcurrentWorkOnRoot (node_modules/react-dom/cjs/react-dom.development.js:25848:7)
      at flushActQueue (node_modules/react/cjs/react.development.js:2667:24)
      at act (node_modules/react/cjs/react.development.js:2582:11)
      at node_modules/@testing-library/react/dist/act-compat.js:46:25
      at renderRoot (node_modules/@testing-library/react/dist/pure.js:189:26)
      at render (node_modules/@testing-library/react/dist/pure.js:291:10)
      at Object.<anonymous> (src/components/__tests__/add-employee-form.test.tsx:79:11)

    console.warn
      Warning: Missing `Description` or `aria-describedby={undefined}` for {DialogContent}.

      77 | describe('AddEmployeeForm', () => {
      78 |   it('renders the form with required fields', () => {
    > 79 |     render(<AddEmployeeForm {...defaultProps} />);
         |           ^
      80 |
      81 |     expect(screen.getByText('Dodaj nowego pracownika')).toBeInTheDocument();
      82 |     expect(screen.getByLabelText('Nazwisko')).toBeInTheDocument();

      at node_modules/@radix-ui/react-dialog/src/dialog.tsx:543:36
      at commitHookEffectListMount (node_modules/react-dom/cjs/react-dom.development.js:23189:26)
      at commitPassiveMountOnFiber (node_modules/react-dom/cjs/react-dom.development.js:24970:11)
      at commitPassiveMountEffects_complete (node_modules/react-dom/cjs/react-dom.development.js:24930:9)
      at commitPassiveMountEffects_begin (node_modules/react-dom/cjs/react-dom.development.js:24917:7)
      at commitPassiveMountEffects (node_modules/react-dom/cjs/react-dom.development.js:24905:3)
      at flushPassiveEffectsImpl (node_modules/react-dom/cjs/react-dom.development.js:27078:3)
      at flushPassiveEffects (node_modules/react-dom/cjs/react-dom.development.js:27023:14)
      at commitRootImpl (node_modules/react-dom/cjs/react-dom.development.js:26974:5)
      at commitRoot (node_modules/react-dom/cjs/react-dom.development.js:26721:5)
      at performSyncWorkOnRoot (node_modules/react-dom/cjs/react-dom.development.js:26156:3)
      at flushSyncCallbacks (node_modules/react-dom/cjs/react-dom.development.js:12042:22)
      at commitRootImpl (node_modules/react-dom/cjs/react-dom.development.js:26998:3)
      at commitRoot (node_modules/react-dom/cjs/react-dom.development.js:26721:5)
      at finishConcurrentRender (node_modules/react-dom/cjs/react-dom.development.js:26020:9)
      at performConcurrentWorkOnRoot (node_modules/react-dom/cjs/react-dom.development.js:25848:7)
      at flushActQueue (node_modules/react/cjs/react.development.js:2667:24)
      at act (node_modules/react/cjs/react.development.js:2582:11)
      at node_modules/@testing-library/react/dist/act-compat.js:46:25
      at renderRoot (node_modules/@testing-library/react/dist/pure.js:189:26)
      at render (node_modules/@testing-library/react/dist/pure.js:291:10)
      at Object.<anonymous> (src/components/__tests__/add-employee-form.test.tsx:79:11)

    console.error
      `DialogContent` requires a `DialogTitle` for the component to be accessible for screen reader users.
      
      If you want to hide the `DialogTitle`, you can wrap it with our VisuallyHidden component.
      
      For more information, see https://radix-ui.com/primitives/docs/components/dialog

      86 |
      87 |   it('validates required fields', async () => {
    > 88 |     render(<AddEmployeeForm {...defaultProps} />);
         |           ^
      89 |
      90 |     const submitButton = screen.getByRole('button', { name: 'Zapisz' });
      91 |     fireEvent.click(submitButton);

      at node_modules/@radix-ui/react-dialog/src/dialog.tsx:520:30
      at commitHookEffectListMount (node_modules/react-dom/cjs/react-dom.development.js:23189:26)
      at commitPassiveMountOnFiber (node_modules/react-dom/cjs/react-dom.development.js:24970:11)
      at commitPassiveMountEffects_complete (node_modules/react-dom/cjs/react-dom.development.js:24930:9)
      at commitPassiveMountEffects_begin (node_modules/react-dom/cjs/react-dom.development.js:24917:7)
      at commitPassiveMountEffects (node_modules/react-dom/cjs/react-dom.development.js:24905:3)
      at flushPassiveEffectsImpl (node_modules/react-dom/cjs/react-dom.development.js:27078:3)
      at flushPassiveEffects (node_modules/react-dom/cjs/react-dom.development.js:27023:14)
      at commitRootImpl (node_modules/react-dom/cjs/react-dom.development.js:26974:5)
      at commitRoot (node_modules/react-dom/cjs/react-dom.development.js:26721:5)
      at performSyncWorkOnRoot (node_modules/react-dom/cjs/react-dom.development.js:26156:3)
      at flushSyncCallbacks (node_modules/react-dom/cjs/react-dom.development.js:12042:22)
      at commitRootImpl (node_modules/react-dom/cjs/react-dom.development.js:26998:3)
      at commitRoot (node_modules/react-dom/cjs/react-dom.development.js:26721:5)
      at finishConcurrentRender (node_modules/react-dom/cjs/react-dom.development.js:26020:9)
      at performConcurrentWorkOnRoot (node_modules/react-dom/cjs/react-dom.development.js:25848:7)
      at flushActQueue (node_modules/react/cjs/react.development.js:2667:24)
      at act (node_modules/react/cjs/react.development.js:2582:11)
      at node_modules/@testing-library/react/dist/act-compat.js:46:25
      at renderRoot (node_modules/@testing-library/react/dist/pure.js:189:26)
      at render (node_modules/@testing-library/react/dist/pure.js:291:10)
      at Object.<anonymous> (src/components/__tests__/add-employee-form.test.tsx:88:11)

    console.warn
      Warning: Missing `Description` or `aria-describedby={undefined}` for {DialogContent}.

      86 |
      87 |   it('validates required fields', async () => {
    > 88 |     render(<AddEmployeeForm {...defaultProps} />);
         |           ^
      89 |
      90 |     const submitButton = screen.getByRole('button', { name: 'Zapisz' });
      91 |     fireEvent.click(submitButton);

      at node_modules/@radix-ui/react-dialog/src/dialog.tsx:543:36
      at commitHookEffectListMount (node_modules/react-dom/cjs/react-dom.development.js:23189:26)
      at commitPassiveMountOnFiber (node_modules/react-dom/cjs/react-dom.development.js:24970:11)
      at commitPassiveMountEffects_complete (node_modules/react-dom/cjs/react-dom.development.js:24930:9)
      at commitPassiveMountEffects_begin (node_modules/react-dom/cjs/react-dom.development.js:24917:7)
      at commitPassiveMountEffects (node_modules/react-dom/cjs/react-dom.development.js:24905:3)
      at flushPassiveEffectsImpl (node_modules/react-dom/cjs/react-dom.development.js:27078:3)
      at flushPassiveEffects (node_modules/react-dom/cjs/react-dom.development.js:27023:14)
      at commitRootImpl (node_modules/react-dom/cjs/react-dom.development.js:26974:5)
      at commitRoot (node_modules/react-dom/cjs/react-dom.development.js:26721:5)
      at performSyncWorkOnRoot (node_modules/react-dom/cjs/react-dom.development.js:26156:3)
      at flushSyncCallbacks (node_modules/react-dom/cjs/react-dom.development.js:12042:22)
      at commitRootImpl (node_modules/react-dom/cjs/react-dom.development.js:26998:3)
      at commitRoot (node_modules/react-dom/cjs/react-dom.development.js:26721:5)
      at finishConcurrentRender (node_modules/react-dom/cjs/react-dom.development.js:26020:9)
      at performConcurrentWorkOnRoot (node_modules/react-dom/cjs/react-dom.development.js:25848:7)
      at flushActQueue (node_modules/react/cjs/react.development.js:2667:24)
      at act (node_modules/react/cjs/react.development.js:2582:11)
      at node_modules/@testing-library/react/dist/act-compat.js:46:25
      at renderRoot (node_modules/@testing-library/react/dist/pure.js:189:26)
      at render (node_modules/@testing-library/react/dist/pure.js:291:10)
      at Object.<anonymous> (src/components/__tests__/add-employee-form.test.tsx:88:11)

    console.error
      `DialogContent` requires a `DialogTitle` for the component to be accessible for screen reader users.
      
      If you want to hide the `DialogTitle`, you can wrap it with our VisuallyHidden component.
      
      For more information, see https://radix-ui.com/primitives/docs/components/dialog

       99 |
      100 |   it('validates room number when address is not own', async () => {
    > 101 |     render(<AddEmployeeForm {...defaultProps} />);
          |           ^
      102 |
      103 |     // Fill required fields
      104 |     fireEvent.change(screen.getByLabelText('Nazwisko'), { target: { value: 'Kowalski' } });

      at node_modules/@radix-ui/react-dialog/src/dialog.tsx:520:30
      at commitHookEffectListMount (node_modules/react-dom/cjs/react-dom.development.js:23189:26)
      at commitPassiveMountOnFiber (node_modules/react-dom/cjs/react-dom.development.js:24970:11)
      at commitPassiveMountEffects_complete (node_modules/react-dom/cjs/react-dom.development.js:24930:9)
      at commitPassiveMountEffects_begin (node_modules/react-dom/cjs/react-dom.development.js:24917:7)
      at commitPassiveMountEffects (node_modules/react-dom/cjs/react-dom.development.js:24905:3)
      at flushPassiveEffectsImpl (node_modules/react-dom/cjs/react-dom.development.js:27078:3)
      at flushPassiveEffects (node_modules/react-dom/cjs/react-dom.development.js:27023:14)
      at commitRootImpl (node_modules/react-dom/cjs/react-dom.development.js:26974:5)
      at commitRoot (node_modules/react-dom/cjs/react-dom.development.js:26721:5)
      at performSyncWorkOnRoot (node_modules/react-dom/cjs/react-dom.development.js:26156:3)
      at flushSyncCallbacks (node_modules/react-dom/cjs/react-dom.development.js:12042:22)
      at commitRootImpl (node_modules/react-dom/cjs/react-dom.development.js:26998:3)
      at commitRoot (node_modules/react-dom/cjs/react-dom.development.js:26721:5)
      at finishConcurrentRender (node_modules/react-dom/cjs/react-dom.development.js:26020:9)
      at performConcurrentWorkOnRoot (node_modules/react-dom/cjs/react-dom.development.js:25848:7)
      at flushActQueue (node_modules/react/cjs/react.development.js:2667:24)
      at act (node_modules/react/cjs/react.development.js:2582:11)
      at node_modules/@testing-library/react/dist/act-compat.js:46:25
      at renderRoot (node_modules/@testing-library/react/dist/pure.js:189:26)
      at render (node_modules/@testing-library/react/dist/pure.js:291:10)
      at Object.<anonymous> (src/components/__tests__/add-employee-form.test.tsx:101:11)

    console.warn
      Warning: Missing `Description` or `aria-describedby={undefined}` for {DialogContent}.

       99 |
      100 |   it('validates room number when address is not own', async () => {
    > 101 |     render(<AddEmployeeForm {...defaultProps} />);
          |           ^
      102 |
      103 |     // Fill required fields
      104 |     fireEvent.change(screen.getByLabelText('Nazwisko'), { target: { value: 'Kowalski' } });

      at node_modules/@radix-ui/react-dialog/src/dialog.tsx:543:36
      at commitHookEffectListMount (node_modules/react-dom/cjs/react-dom.development.js:23189:26)
      at commitPassiveMountOnFiber (node_modules/react-dom/cjs/react-dom.development.js:24970:11)
      at commitPassiveMountEffects_complete (node_modules/react-dom/cjs/react-dom.development.js:24930:9)
      at commitPassiveMountEffects_begin (node_modules/react-dom/cjs/react-dom.development.js:24917:7)
      at commitPassiveMountEffects (node_modules/react-dom/cjs/react-dom.development.js:24905:3)
      at flushPassiveEffectsImpl (node_modules/react-dom/cjs/react-dom.development.js:27078:3)
      at flushPassiveEffects (node_modules/react-dom/cjs/react-dom.development.js:27023:14)
      at commitRootImpl (node_modules/react-dom/cjs/react-dom.development.js:26974:5)
      at commitRoot (node_modules/react-dom/cjs/react-dom.development.js:26721:5)
      at performSyncWorkOnRoot (node_modules/react-dom/cjs/react-dom.development.js:26156:3)
      at flushSyncCallbacks (node_modules/react-dom/cjs/react-dom.development.js:12042:22)
      at commitRootImpl (node_modules/react-dom/cjs/react-dom.development.js:26998:3)
      at commitRoot (node_modules/react-dom/cjs/react-dom.development.js:26721:5)
      at finishConcurrentRender (node_modules/react-dom/cjs/react-dom.development.js:26020:9)
      at performConcurrentWorkOnRoot (node_modules/react-dom/cjs/react-dom.development.js:25848:7)
      at flushActQueue (node_modules/react/cjs/react.development.js:2667:24)
      at act (node_modules/react/cjs/react.development.js:2582:11)
      at node_modules/@testing-library/react/dist/act-compat.js:46:25
      at renderRoot (node_modules/@testing-library/react/dist/pure.js:189:26)
      at render (node_modules/@testing-library/react/dist/pure.js:291:10)
      at Object.<anonymous> (src/components/__tests__/add-employee-form.test.tsx:101:11)

    console.error
      `DialogContent` requires a `DialogTitle` for the component to be accessible for screen reader users.
      
      If you want to hide the `DialogTitle`, you can wrap it with our VisuallyHidden component.
      
      For more information, see https://radix-ui.com/primitives/docs/components/dialog

      127 |
      128 |   it('validates own address when selected', async () => {
    > 129 |     render(<AddEmployeeForm {...defaultProps} />);
          |           ^
      130 |
      131 |     // Fill required fields
      132 |     fireEvent.change(screen.getByLabelText('Nazwisko'), { target: { value: 'Kowalski' } });

      at node_modules/@radix-ui/react-dialog/src/dialog.tsx:520:30
      at commitHookEffectListMount (node_modules/react-dom/cjs/react-dom.development.js:23189:26)
      at commitPassiveMountOnFiber (node_modules/react-dom/cjs/react-dom.development.js:24970:11)
      at commitPassiveMountEffects_complete (node_modules/react-dom/cjs/react-dom.development.js:24930:9)
      at commitPassiveMountEffects_begin (node_modules/react-dom/cjs/react-dom.development.js:24917:7)
      at commitPassiveMountEffects (node_modules/react-dom/cjs/react-dom.development.js:24905:3)
      at flushPassiveEffectsImpl (node_modules/react-dom/cjs/react-dom.development.js:27078:3)
      at flushPassiveEffects (node_modules/react-dom/cjs/react-dom.development.js:27023:14)
      at commitRootImpl (node_modules/react-dom/cjs/react-dom.development.js:26974:5)
      at commitRoot (node_modules/react-dom/cjs/react-dom.development.js:26721:5)
      at performSyncWorkOnRoot (node_modules/react-dom/cjs/react-dom.development.js:26156:3)
      at flushSyncCallbacks (node_modules/react-dom/cjs/react-dom.development.js:12042:22)
      at commitRootImpl (node_modules/react-dom/cjs/react-dom.development.js:26998:3)
      at commitRoot (node_modules/react-dom/cjs/react-dom.development.js:26721:5)
      at finishConcurrentRender (node_modules/react-dom/cjs/react-dom.development.js:26020:9)
      at performConcurrentWorkOnRoot (node_modules/react-dom/cjs/react-dom.development.js:25848:7)
      at flushActQueue (node_modules/react/cjs/react.development.js:2667:24)
      at act (node_modules/react/cjs/react.development.js:2582:11)
      at node_modules/@testing-library/react/dist/act-compat.js:46:25
      at renderRoot (node_modules/@testing-library/react/dist/pure.js:189:26)
      at render (node_modules/@testing-library/react/dist/pure.js:291:10)
      at Object.<anonymous> (src/components/__tests__/add-employee-form.test.tsx:129:11)

    console.warn
      Warning: Missing `Description` or `aria-describedby={undefined}` for {DialogContent}.

      127 |
      128 |   it('validates own address when selected', async () => {
    > 129 |     render(<AddEmployeeForm {...defaultProps} />);
          |           ^
      130 |
      131 |     // Fill required fields
      132 |     fireEvent.change(screen.getByLabelText('Nazwisko'), { target: { value: 'Kowalski' } });

      at node_modules/@radix-ui/react-dialog/src/dialog.tsx:543:36
      at commitHookEffectListMount (node_modules/react-dom/cjs/react-dom.development.js:23189:26)
      at commitPassiveMountOnFiber (node_modules/react-dom/cjs/react-dom.development.js:24970:11)
      at commitPassiveMountEffects_complete (node_modules/react-dom/cjs/react-dom.development.js:24930:9)
      at commitPassiveMountEffects_begin (node_modules/react-dom/cjs/react-dom.development.js:24917:7)
      at commitPassiveMountEffects (node_modules/react-dom/cjs/react-dom.development.js:24905:3)
      at flushPassiveEffectsImpl (node_modules/react-dom/cjs/react-dom.development.js:27078:3)
      at flushPassiveEffects (node_modules/react-dom/cjs/react-dom.development.js:27023:14)
      at commitRootImpl (node_modules/react-dom/cjs/react-dom.development.js:26974:5)
      at commitRoot (node_modules/react-dom/cjs/react-dom.development.js:26721:5)
      at performSyncWorkOnRoot (node_modules/react-dom/cjs/react-dom.development.js:26156:3)
      at flushSyncCallbacks (node_modules/react-dom/cjs/react-dom.development.js:12042:22)
      at commitRootImpl (node_modules/react-dom/cjs/react-dom.development.js:26998:3)
      at commitRoot (node_modules/react-dom/cjs/react-dom.development.js:26721:5)
      at finishConcurrentRender (node_modules/react-dom/cjs/react-dom.development.js:26020:9)
      at performConcurrentWorkOnRoot (node_modules/react-dom/cjs/react-dom.development.js:25848:7)
      at flushActQueue (node_modules/react/cjs/react.development.js:2667:24)
      at act (node_modules/react/cjs/react.development.js:2582:11)
      at node_modules/@testing-library/react/dist/act-compat.js:46:25
      at renderRoot (node_modules/@testing-library/react/dist/pure.js:189:26)
      at render (node_modules/@testing-library/react/dist/pure.js:291:10)
      at Object.<anonymous> (src/components/__tests__/add-employee-form.test.tsx:129:11)

    console.error
      `DialogContent` requires a `DialogTitle` for the component to be accessible for screen reader users.
      
      If you want to hide the `DialogTitle`, you can wrap it with our VisuallyHidden component.
      
      For more information, see https://radix-ui.com/primitives/docs/components/dialog

      166 |
      167 |   it('validates own address when selected', async () => {
    > 168 |     render(<AddEmployeeForm {...defaultProps} settings={ownAddressSettings} />);
          |           ^
      169 |
      170 |     // Fill required fields
      171 |     fireEvent.change(screen.getByLabelText('Nazwisko'), { target: { value: 'Kowalski' } });

      at node_modules/@radix-ui/react-dialog/src/dialog.tsx:520:30
      at commitHookEffectListMount (node_modules/react-dom/cjs/react-dom.development.js:23189:26)
      at commitPassiveMountOnFiber (node_modules/react-dom/cjs/react-dom.development.js:24970:11)
      at commitPassiveMountEffects_complete (node_modules/react-dom/cjs/react-dom.development.js:24930:9)
      at commitPassiveMountEffects_begin (node_modules/react-dom/cjs/react-dom.development.js:24917:7)
      at commitPassiveMountEffects (node_modules/react-dom/cjs/react-dom.development.js:24905:3)
      at flushPassiveEffectsImpl (node_modules/react-dom/cjs/react-dom.development.js:27078:3)
      at flushPassiveEffects (node_modules/react-dom/cjs/react-dom.development.js:27023:14)
      at commitRootImpl (node_modules/react-dom/cjs/react-dom.development.js:26974:5)
      at commitRoot (node_modules/react-dom/cjs/react-dom.development.js:26721:5)
      at performSyncWorkOnRoot (node_modules/react-dom/cjs/react-dom.development.js:26156:3)
      at flushSyncCallbacks (node_modules/react-dom/cjs/react-dom.development.js:12042:22)
      at commitRootImpl (node_modules/react-dom/cjs/react-dom.development.js:26998:3)
      at commitRoot (node_modules/react-dom/cjs/react-dom.development.js:26721:5)
      at finishConcurrentRender (node_modules/react-dom/cjs/react-dom.development.js:26020:9)
      at performConcurrentWorkOnRoot (node_modules/react-dom/cjs/react-dom.development.js:25848:7)
      at flushActQueue (node_modules/react/cjs/react.development.js:2667:24)
      at act (node_modules/react/cjs/react.development.js:2582:11)
      at node_modules/@testing-library/react/dist/act-compat.js:46:25
      at renderRoot (node_modules/@testing-library/react/dist/pure.js:189:26)
      at render (node_modules/@testing-library/react/dist/pure.js:291:10)
      at Object.<anonymous> (src/components/__tests__/add-employee-form.test.tsx:168:11)

    console.warn
      Warning: Missing `Description` or `aria-describedby={undefined}` for {DialogContent}.

      166 |
      167 |   it('validates own address when selected', async () => {
    > 168 |     render(<AddEmployeeForm {...defaultProps} settings={ownAddressSettings} />);
          |           ^
      169 |
      170 |     // Fill required fields
      171 |     fireEvent.change(screen.getByLabelText('Nazwisko'), { target: { value: 'Kowalski' } });

      at node_modules/@radix-ui/react-dialog/src/dialog.tsx:543:36
      at commitHookEffectListMount (node_modules/react-dom/cjs/react-dom.development.js:23189:26)
      at commitPassiveMountOnFiber (node_modules/react-dom/cjs/react-dom.development.js:24970:11)
      at commitPassiveMountEffects_complete (node_modules/react-dom/cjs/react-dom.development.js:24930:9)
      at commitPassiveMountEffects_begin (node_modules/react-dom/cjs/react-dom.development.js:24917:7)
      at commitPassiveMountEffects (node_modules/react-dom/cjs/react-dom.development.js:24905:3)
      at flushPassiveEffectsImpl (node_modules/react-dom/cjs/react-dom.development.js:27078:3)
      at flushPassiveEffects (node_modules/react-dom/cjs/react-dom.development.js:27023:14)
      at commitRootImpl (node_modules/react-dom/cjs/react-dom.development.js:26974:5)
      at commitRoot (node_modules/react-dom/cjs/react-dom.development.js:26721:5)
      at performSyncWorkOnRoot (node_modules/react-dom/cjs/react-dom.development.js:26156:3)
      at flushSyncCallbacks (node_modules/react-dom/cjs/react-dom.development.js:12042:22)
      at commitRootImpl (node_modules/react-dom/cjs/react-dom.development.js:26998:3)
      at commitRoot (node_modules/react-dom/cjs/react-dom.development.js:26721:5)
      at finishConcurrentRender (node_modules/react-dom/cjs/react-dom.development.js:26020:9)
      at performConcurrentWorkOnRoot (node_modules/react-dom/cjs/react-dom.development.js:25848:7)
      at flushActQueue (node_modules/react/cjs/react.development.js:2667:24)
      at act (node_modules/react/cjs/react.development.js:2582:11)
      at node_modules/@testing-library/react/dist/act-compat.js:46:25
      at renderRoot (node_modules/@testing-library/react/dist/pure.js:189:26)
      at render (node_modules/@testing-library/react/dist/pure.js:291:10)
      at Object.<anonymous> (src/components/__tests__/add-employee-form.test.tsx:168:11)

    console.error
      `DialogContent` requires a `DialogTitle` for the component to be accessible for screen reader users.
      
      If you want to hide the `DialogTitle`, you can wrap it with our VisuallyHidden component.
      
      For more information, see https://radix-ui.com/primitives/docs/components/dialog

      196 | describe('AddEmployeeForm Deductions', () => {
      197 |   it('validates deduction entry date when deductions are present', async () => {
    > 198 |     render(<AddEmployeeForm {...defaultProps} />);
          |           ^
      199 |
      200 |     // Fill required fields
      201 |     fireEvent.change(screen.getByLabelText('Nazwisko'), { target: { value: 'Kowalski' } });

      at node_modules/@radix-ui/react-dialog/src/dialog.tsx:520:30
      at commitHookEffectListMount (node_modules/react-dom/cjs/react-dom.development.js:23189:26)
      at commitPassiveMountOnFiber (node_modules/react-dom/cjs/react-dom.development.js:24970:11)
      at commitPassiveMountEffects_complete (node_modules/react-dom/cjs/react-dom.development.js:24930:9)
      at commitPassiveMountEffects_begin (node_modules/react-dom/cjs/react-dom.development.js:24917:7)
      at commitPassiveMountEffects (node_modules/react-dom/cjs/react-dom.development.js:24905:3)
      at flushPassiveEffectsImpl (node_modules/react-dom/cjs/react-dom.development.js:27078:3)
      at flushPassiveEffects (node_modules/react-dom/cjs/react-dom.development.js:27023:14)
      at commitRootImpl (node_modules/react-dom/cjs/react-dom.development.js:26974:5)
      at commitRoot (node_modules/react-dom/cjs/react-dom.development.js:26721:5)
      at performSyncWorkOnRoot (node_modules/react-dom/cjs/react-dom.development.js:26156:3)
      at flushSyncCallbacks (node_modules/react-dom/cjs/react-dom.development.js:12042:22)
      at commitRootImpl (node_modules/react-dom/cjs/react-dom.development.js:26998:3)
      at commitRoot (node_modules/react-dom/cjs/react-dom.development.js:26721:5)
      at finishConcurrentRender (node_modules/react-dom/cjs/react-dom.development.js:26020:9)
      at performConcurrentWorkOnRoot (node_modules/react-dom/cjs/react-dom.development.js:25848:7)
      at flushActQueue (node_modules/react/cjs/react.development.js:2667:24)
      at act (node_modules/react/cjs/react.development.js:2582:11)
      at node_modules/@testing-library/react/dist/act-compat.js:46:25
      at renderRoot (node_modules/@testing-library/react/dist/pure.js:189:26)
      at render (node_modules/@testing-library/react/dist/pure.js:291:10)
      at Object.<anonymous> (src/components/__tests__/add-employee-form.test.tsx:198:11)

    console.warn
      Warning: Missing `Description` or `aria-describedby={undefined}` for {DialogContent}.

      196 | describe('AddEmployeeForm Deductions', () => {
      197 |   it('validates deduction entry date when deductions are present', async () => {
    > 198 |     render(<AddEmployeeForm {...defaultProps} />);
          |           ^
      199 |
      200 |     // Fill required fields
      201 |     fireEvent.change(screen.getByLabelText('Nazwisko'), { target: { value: 'Kowalski' } });

      at node_modules/@radix-ui/react-dialog/src/dialog.tsx:543:36
      at commitHookEffectListMount (node_modules/react-dom/cjs/react-dom.development.js:23189:26)
      at commitPassiveMountOnFiber (node_modules/react-dom/cjs/react-dom.development.js:24970:11)
      at commitPassiveMountEffects_complete (node_modules/react-dom/cjs/react-dom.development.js:24930:9)
      at commitPassiveMountEffects_begin (node_modules/react-dom/cjs/react-dom.development.js:24917:7)
      at commitPassiveMountEffects (node_modules/react-dom/cjs/react-dom.development.js:24905:3)
      at flushPassiveEffectsImpl (node_modules/react-dom/cjs/react-dom.development.js:27078:3)
      at flushPassiveEffects (node_modules/react-dom/cjs/react-dom.development.js:27023:14)
      at commitRootImpl (node_modules/react-dom/cjs/react-dom.development.js:26974:5)
      at commitRoot (node_modules/react-dom/cjs/react-dom.development.js:26721:5)
      at performSyncWorkOnRoot (node_modules/react-dom/cjs/react-dom.development.js:26156:3)
      at flushSyncCallbacks (node_modules/react-dom/cjs/react-dom.development.js:12042:22)
      at commitRootImpl (node_modules/react-dom/cjs/react-dom.development.js:26998:3)
      at commitRoot (node_modules/react-dom/cjs/react-dom.development.js:26721:5)
      at finishConcurrentRender (node_modules/react-dom/cjs/react-dom.development.js:26020:9)
      at performConcurrentWorkOnRoot (node_modules/react-dom/cjs/react-dom.development.js:25848:7)
      at flushActQueue (node_modules/react/cjs/react.development.js:2667:24)
      at act (node_modules/react/cjs/react.development.js:2582:11)
      at node_modules/@testing-library/react/dist/act-compat.js:46:25
      at renderRoot (node_modules/@testing-library/react/dist/pure.js:189:26)
      at render (node_modules/@testing-library/react/dist/pure.js:291:10)
      at Object.<anonymous> (src/components/__tests__/add-employee-form.test.tsx:198:11)

  ● AddEmployeeForm › renders the form with required fields

    TestingLibraryElementError: Unable to find an element with the text: Dodaj nowego pracownika. This could be because the text is broken up by multiple elements. In this case, you can provide a function for your text matcher to make your matcher more flexible.

    Ignored nodes: comments, script, style
    [36m<body[39m
      [33mdata-scroll-locked[39m=[32m"1"[39m
      [33mstyle[39m=[32m"pointer-events: none;"[39m
    [36m>[39m
      [36m<span[39m
        [33maria-hidden[39m=[32m"true"[39m
        [33mdata-aria-hidden[39m=[32m"true"[39m
        [33mdata-radix-focus-guard[39m=[32m""[39m
        [33mstyle[39m=[32m"outline: none; opacity: 0; position: fixed; pointer-events: none;"[39m
        [33mtabindex[39m=[32m"0"[39m
      [36m/>[39m
      [36m<div[39m
        [33maria-hidden[39m=[32m"true"[39m
        [33mdata-aria-hidden[39m=[32m"true"[39m
      [36m/>[39m
      [36m<div[39m
        [33maria-hidden[39m=[32m"true"[39m
        [33mclass[39m=[32m"fixed inset-0 z-50 bg-black/80 data-[state=open]:animate-in data-[state=closed]:animate-out data-[state=closed]:fade-out-0 data-[state=open]:fade-in-0"[39m
        [33mdata-aria-hidden[39m=[32m"true"[39m
        [33mdata-state[39m=[32m"open"[39m
        [33mstyle[39m=[32m"pointer-events: auto;"[39m
      [36m/>[39m
      [36m<div[39m
        [33maria-describedby[39m=[32m"radix-:r2:"[39m
        [33maria-labelledby[39m=[32m"radix-:r1:"[39m
        [33mclass[39m=[32m"fixed left-[50%] top-[50%] z-50 w-full translate-x-[-50%] translate-y-[-50%] border bg-background shadow-lg duration-200 data-[state=open]:animate-in data-[state=closed]:animate-out data-[state=closed]:fade-out-0 data-[state=open]:fade-in-0 data-[state=closed]:zoom-out-95 data-[state=open]:zoom-in-95 data-[state=closed]:slide-out-to-left-1/2 data-[state=closed]:slide-out-to-top-[48%] data-[state=open]:slide-in-from-left-1/2 data-[state=open]:slide-in-from-top-[48%] sm:rounded-lg max-w-[95vw] sm:max-w-lg h-[92vh] max-h-[92vh] flex flex-col p-0 gap-0 overflow-hidden"[39m
        [33mdata-state[39m=[32m"open"[39m
        [33mid[39m=[32m"radix-:r0:"[39m
        [33mrole[39m=[32m"dialog"[39m
        [33mstyle[39m=[32m"pointer-events: auto;"[39m
        [33mtabindex[39m=[32m"-1"[39m
      [36m>[39m
        [36m<div[39m
          [33mclass[39m=[32m"flex items-center justify-center gap-1.5 sm:gap-2 py-3 border-b bg-muted/30 flex-shrink-0 px-2"[39m
        [36m>[39m
          [36m<div[39m
            [33mclass[39m=[32m"flex flex-col items-center gap-0.5"[39m
          [36m>[39m
            [36m<div[39m
              [33mclass[39m=[32m"w-7 h-7 sm:w-8 sm:h-8 rounded-full flex items-center justify-center text-xs sm:text-sm font-semibold transition-all bg-primary text-primary-foreground ring-4 ring-primary/20"[39m
            [36m>[39m
              [0m1[0m
            [36m</div>[39m
            [36m<span[39m
              [33mclass[39m=[32m"text-[9px] sm:text-[10px] hidden sm:block truncate max-w-[56px] text-center text-primary font-medium"[39m
            [36m>[39m
              [0mOsoba[0m
            [36m</span>[39m
          [36m</div>[39m
          [36m<div[39m
            [33mclass[39m=[32m"h-0.5 w-6 sm:w-10 rounded transition-colors mb-3 bg-muted"[39m
          [36m/>[39m
          [36m<div[39m
            [33mclass[39m=[32m"flex flex-col items-center gap-0.5"[39m
          [36m>[39m
            [36m<div[39m
              [33mclass[39m=[32m"w-7 h-7 sm:w-8 sm:h-8 rounded-full flex items-center justify-center text-xs sm:text-sm font-semibold transition-all bg-muted text-muted-foreground"[39m
            [36m>[39m
              [0m2[0m
            [36m</div>[39m
            [36m<span[39m
              [33mclass[39m=[32m"text-[9px] sm:text-[10px] hidden sm:block truncate max-w-[56px] text-center text-muted-foreground"[39m
            [36m>[39m
              [0mLokalizacja[0m
            [36m</span>[39m
          [36m</div>[39m
          [36m<div[39m
            [33mclass[39m=[32m"h-0.5 w-6 sm:w-10 rounded transition-colors mb-3 bg-muted"[39m
          [36m/>[39m
          [36m<div[39m
            [33mclass[39m=[32m"flex flex-col items-center gap-0.5"[39m
          [36m>[39m
            [36m<div[39m
              [33mclass[39m=[32m"w-7 h-7 sm:w-8 sm:h-8 rounded-full flex items-center justify-center text-xs sm:text-sm font-semibold transition-all bg-muted text-muted-foreground"[39m
            [36m>[39m
              [0m3[0m
            [36m</div>[39m
            [36m<span[39m
              [33mclass[39m=[32m"text-[9px] sm:text-[10px] hidden sm:block truncate max-w-[56px] text-center text-muted-foreground"[39m
            [36m>[39m
              [0mPraca[0m
            [36m</span>[39m
          [36m</div>[39m
          [36m<div[39m
            [33mclass[39m=[32m"h-0.5 w-6 sm:w-10 rounded transition-colors mb-3 bg-muted"[39m
          [36m/>[39m
          [36m<div[39m
            [33mclass[39m=[32m"flex flex-col items-center gap-0.5"[39m
          [36m>[39m
            [36m<div[39m
              [33mclass[39m=[32m"w-7 h-7 sm:w-8 sm:h-8 rounded-full flex items-center justify-center text-xs sm:text-sm font-semibold transition-all bg-muted text-muted-foreground"[39m
            [36m>[39m
              [0m4[0m
            [36m</div>[39m
            [36m<span[39m
              [33mclass[39m=[32m"text-[9px] sm:text-[10px] hidden sm:block truncate max-w-[56px] text-center text-muted-foreground"[39m
            [36m>[39m
              [0mDaty[0m
            [36m</span>[39m
          [36m</div>[39m
          [36m<div[39m
            [33mclass[39m=[32m"h-0.5 w-6 sm:w-10 rounded transition-colors mb-3 bg-muted"[39m
          [36m/>[39m
          [36m<div[39m
            [33mclass[39m=[32m"flex flex-col items-center gap-0.5"[39m
          [36m>[39m
            [36m<div[39m
              [33mclass[39m=[32m"w-7 h-7 sm:w-8 sm:h-8 rounded-full flex items-center justify-center text-xs sm:text-sm font-semibold transition-all bg-muted text-muted-foreground"[39m
            [36m>[39m
              [0m5[0m
            [36m</div>[39m
            [36m<span[39m
              [33mclass[39m=[32m"text-[9px] sm:text-[10px] hidden sm:block truncate max-w-[56px] text-center text-muted-foreground"[39m
            [36m>[39m
              [0mPodsumowanie[0m
            [36m</span>[39m
          [36m</div>[39m
        [36m</div>[39m
        [36m<div[39m
          [33mclass[39m=[32m"relative overflow-hidden flex-1 overflow-y-auto"[39m
          [33mdir[39m=[32m"ltr"[39m
          [33mstyle[39m=[32m"position: relative; --radix-scroll-area-corner-width: 0px; --radix-scroll-area-corner-height: 0px;"[39m
        [36m>[39m
          [36m<div[39m
            [33mclass[39m=[32m"h-full w-full rounded-[inherit]"[39m
            [33mdata-radix-scroll-area-viewport[39m=[32m""[39m
            [33mstyle[39m=[32m"overflow-x: hidden; overflow-y: scroll;"[39m
          [36m>[39m
            [36m<div[39m
              [33mstyle[39m=[32m"min-width: 100%; display: table;"[39m
            [36m>[39m
              [36m<div[39m
                [33mclass[39m=[32m"flex flex-col gap-5 p-6 sm:p-8"[39m
              [36m>[39m
                [36m<div[39m
                  [33mclass[39m=[32m"text-center space-y-1"[39m
                [36m>[39m
                  [36m<svg[39m
                    [33mclass[39m=[32m"lucide lucide-user w-9 h-9 mx-auto text-primary"[39m
                    [33mfill[39m=[32m"none"[39m
                    [33mheight[39m=[32m"24"[39m
                    [33mstroke[39m=[32m"currentCol...

      79 |     render(<AddEmployeeForm {...defaultProps} />);
      80 |
    > 81 |     expect(screen.getByText('Dodaj nowego pracownika')).toBeInTheDocument();
         |                   ^
      82 |     expect(screen.getByLabelText('Nazwisko')).toBeInTheDocument();
      83 |     expect(screen.getByLabelText('Imię')).toBeInTheDocument();
      84 |     expect(screen.getByLabelText('Koordynator')).toBeInTheDocument();

      at Object.getElementError (node_modules/@testing-library/dom/dist/config.js:37:19)
      at node_modules/@testing-library/dom/dist/query-helpers.js:76:38
      at node_modules/@testing-library/dom/dist/query-helpers.js:52:17
      at node_modules/@testing-library/dom/dist/query-helpers.js:95:19
      at Object.getByText (src/components/__tests__/add-employee-form.test.tsx:81:19)

  ● AddEmployeeForm › validates required fields

    TestingLibraryElementError: Unable to find an accessible element with the role "button" and name "Zapisz"

    Here are the accessible roles:

      dialog:

      Name "":
      [36m<div[39m
        [33maria-describedby[39m=[32m"radix-:ra:"[39m
        [33maria-labelledby[39m=[32m"radix-:r9:"[39m
        [33mclass[39m=[32m"fixed left-[50%] top-[50%] z-50 w-full translate-x-[-50%] translate-y-[-50%] border bg-background shadow-lg duration-200 data-[state=open]:animate-in data-[state=closed]:animate-out data-[state=closed]:fade-out-0 data-[state=open]:fade-in-0 data-[state=closed]:zoom-out-95 data-[state=open]:zoom-in-95 data-[state=closed]:slide-out-to-left-1/2 data-[state=closed]:slide-out-to-top-[48%] data-[state=open]:slide-in-from-left-1/2 data-[state=open]:slide-in-from-top-[48%] sm:rounded-lg max-w-[95vw] sm:max-w-lg h-[92vh] max-h-[92vh] flex flex-col p-0 gap-0 overflow-hidden"[39m
        [33mdata-state[39m=[32m"open"[39m
        [33mid[39m=[32m"radix-:r8:"[39m
        [33mrole[39m=[32m"dialog"[39m
        [33mstyle[39m=[32m"pointer-events: auto;"[39m
        [33mtabindex[39m=[32m"-1"[39m
      [36m/>[39m

      --------------------------------------------------
      heading:

      Name "Dane osoby":
      [36m<h2[39m
        [33mclass[39m=[32m"text-xl font-bold"[39m
      [36m/>[39m

      --------------------------------------------------
      button:

      Name "Skanuj paszport / dowód":
      [36m<button[39m
        [33mclass[39m=[32m"w-full flex items-center justify-center gap-3 rounded-xl border-2 border-dashed border-primary/40 bg-primary/5 hover:bg-primary/10 active:scale-[0.98] transition-all py-5 text-primary font-semibold text-base disabled:opacity-50"[39m
        [33mtype[39m=[32m"button"[39m
      [36m/>[39m

      Name "Anuluj":
      [36m<button[39m
        [33mclass[39m=[32m"inline-flex items-center justify-center whitespace-nowrap rounded-md font-medium ring-offset-background transition-colors focus-visible:outline-none focus-visible:ring-2 focus-visible:ring-ring focus-visible:ring-offset-2 disabled:pointer-events-none disabled:opacity-50 hover:bg-accent hover:text-accent-foreground py-2 h-11 px-4 text-sm"[39m
      [36m/>[39m

      Name "Dalej":
      [36m<button[39m
        [33mclass[39m=[32m"inline-flex items-center justify-center whitespace-nowrap rounded-md ring-offset-background transition-colors focus-visible:outline-none focus-visible:ring-2 focus-visible:ring-ring focus-visible:ring-offset-2 disabled:pointer-events-none disabled:opacity-50 bg-primary text-primary-foreground hover:bg-primary/90 py-2 h-11 px-6 text-sm font-semibold"[39m
        [33mdisabled[39m=[32m""[39m
      [36m/>[39m

      Name "Close":
      [36m<button[39m
        [33mclass[39m=[32m"absolute right-4 top-4 rounded-sm opacity-70 ring-offset-background transition-opacity hover:opacity-100 focus:outline-none focus:ring-2 focus:ring-ring focus:ring-offset-2 disabled:pointer-events-none data-[state=open]:bg-accent data-[state=open]:text-muted-foreground"[39m
        [33mtype[39m=[32m"button"[39m
      [36m/>[39m

      --------------------------------------------------
      textbox:

      Name "":
      [36m<input[39m
        [33mclass[39m=[32m"flex min-h-[44px] w-full rounded-md border border-input bg-background px-3 py-2 ring-offset-background file:border-0 file:bg-transparent file:text-sm file:font-medium placeholder:text-muted-foreground focus-visible:outline-none focus-visible:ring-2 focus-visible:ring-ring focus-visible:ring-offset-2 disabled:cursor-not-allowed disabled:opacity-50 touch-manipulation h-12 text-base"[39m
        [33mplaceholder[39m=[32m"Kowalski"[39m
        [33mvalue[39m=[32m""[39m
      [36m/>[39m

      Name "":
      [36m<input[39m
        [33mclass[39m=[32m"flex min-h-[44px] w-full rounded-md border border-input bg-background px-3 py-2 ring-offset-background file:border-0 file:bg-transparent file:text-sm file:font-medium placeholder:text-muted-foreground focus-visible:outline-none focus-visible:ring-2 focus-visible:ring-ring focus-visible:ring-offset-2 disabled:cursor-not-allowed disabled:opacity-50 touch-manipulation h-12 text-base"[39m
        [33mplaceholder[39m=[32m"Jan"[39m
        [33mvalue[39m=[32m""[39m
      [36m/>[39m

      --------------------------------------------------
      combobox:

      Name "":
      [36m<button[39m
        [33maria-controls[39m=[32m"radix-:re:"[39m
        [33maria-expanded[39m=[32m"false"[39m
        [33maria-haspopup[39m=[32m"dialog"[39m
        [33mclass[39m=[32m"inline-flex items-center whitespace-nowrap rounded-md text-sm font-medium ring-offset-background transition-colors focus-visible:outline-none focus-visible:ring-2 focus-visible:ring-ring focus-visible:ring-offset-2 disabled:pointer-events-none disabled:opacity-50 border border-input bg-background hover:bg-accent hover:text-accent-foreground h-10 px-4 py-2 w-full justify-between min-h-[44px]"[39m
        [33mdata-state[39m=[32m"closed"[39m
        [33mrole[39m=[32m"combobox"[39m
        [33mtype[39m=[32m"button"[39m
      [36m/>[39m

      Name "":
      [36m<button[39m
        [33maria-controls[39m=[32m"radix-:rf:"[39m
        [33maria-expanded[39m=[32m"false"[39m
        [33maria-haspopup[39m=[32m"dialog"[39m
        [33mclass[39m=[32m"inline-flex items-center whitespace-nowrap rounded-md text-sm font-medium ring-offset-background transition-colors focus-visible:outline-none focus-visible:ring-2 focus-visible:ring-ring focus-visible:ring-offset-2 disabled:pointer-events-none disabled:opacity-50 border border-input bg-background hover:bg-accent hover:text-accent-foreground h-10 px-4 py-2 w-full justify-between min-h-[44px]"[39m
        [33mdata-state[39m=[32m"closed"[39m
        [33mrole[39m=[32m"combobox"[39m
        [33mtype[39m=[32m"button"[39m
      [36m/>[39m

      --------------------------------------------------

    Ignored nodes: comments, script, style
    [36m<body[39m
      [33mdata-scroll-locked[39m=[32m"1"[39m
      [33mstyle[39m=[32m"pointer-events: none;"[39m
    [36m>[39m
      [36m<span[39m
        [33maria-hidden[39m=[32m"true"[39m
        [33mdata-aria-hidden[39m=[32m"true"[39m
        [33mdata-radix-focus-guard[39m=[32m""[39m
        [33mstyle[39m=[32m"outline: none; opacity: 0; position: fixed; pointer-events: none;"[39m
        [33mtabindex[39m=[32m"0"[39m
      [36m/>[39m
      [36m<div[39m
        [33maria-hidden[39m=[32m"true"[39m
        [33mdata-aria-hidden[39m=[32m"true"[39m
      [36m/>[39m
      [36m<div[39m
        [33maria-hidden[39m=[32m"true"[39m
        [33mclass[39m=[32m"fixed inset-0 z-50 bg-black/80 data-[state=open]:animate-in data-[state=closed]:animate-out data-[state=closed]:fade-out-0 data-[state=open]:fade-in-0"[39m
        [33mdata-aria-hidden[39m=[32m"true"[39m
        [33mdata-state[39m=[32m"open"[39m
        [33mstyle[39m=[32m"pointer-events: auto;"[39m
      [36m/>[39m
      [36m<div[39m
        [33maria-describedby[39m=[32m"radix-:ra:"[39m
        [33maria-labelledby[39m=[32m"radix-:r9:"[39m
        [33mclass[39m=[32m"fixed left-[50%] top-[50%] z-50 w-full translate-x-[-50%] translate-y-[-50%] border bg-background shadow-lg duration-200 data-[state=open]:animate-in data-[state=closed]:animate-out data-[state=closed]:fade-out-0 data-[state=open]:fade-in-0 data-[state=closed]:zoom-out-95 data-[state=open]:zoom-in-95 data-[state=closed]:slide-out-to-left-1/2 data-[state=closed]:slide-out-to-top-[48%] data-[state=open]:slide-in-from-left-1/2 data-[state=open]:slide-in-from-top-[48%] sm:rounded-lg max-w-[95vw] sm:max-w-lg h-[92vh] max-h-[92vh] flex flex-col p-0 gap-0 overflow-hidden"[39m
        [33mdata-state[39m=[32m"open"[39m
        [33mid[39m=[32m"radix-:r8:"[39m
        [33mrole[39m=[32m"dialog"[39m
        [33mstyle[39m=[32m"pointer-events: auto;"[39m
        [33mtabindex[39m=[32m"-1"[39m
      [36m>[39m
        [36m<div[39m
          [33mclass[39m=[32m"flex items-center justify-center gap-1.5 sm:gap-2 py-3 border-b bg-muted/30 flex-shrink-0 px-2"[39m
        [36m>[39m
          [36m<div[39m
            [33mclass[39m=[32m"flex flex-col items-center gap-0.5"[39m
          [36m>[39m
            [36m<div[39m
              [33mclass[39m=[32m"w-7 h-7 sm:w-8 sm:h-8 rounded-full flex items-center justify-center text-xs sm:text-sm font-semibold transition-all bg-primary text-primary-foreground ring-4 ring-primary/20"[39m
            [36m>[39m
              [0m1[0m
            [36m</div>[39m
            [36m<span[39m
              [33mclass[39m=[32m"text-[9px] sm:text-[10px] hidden sm:block truncate max-w-[56px] text-center text-primary font-medium"[39m
            [36m>[39m
              [0mOsoba[0m
            [36m</span>[39m
          [36m</div>[39m
          [36m<div[39m
            [33mclass[39m=[32m"h-0.5 w-6 sm:w-10 rounded transition-colors mb-3 bg-muted"[39m
          [36m/>[39m
          [36m<div[39m
            [33mclass[39m=[32m"flex flex-col items-center gap-0.5"[39m
          [36m>[39m
            [36m<div[39m
              [33mclass[39m=[32m"w-7 h-7 sm:w-8 sm:h-8 rounded-full flex items-center justify-center text-xs sm:text-sm font-semibold transition-all bg-muted text-muted-foreground"[39m
            [36m>[39m
              [0m2[0m
            [36m</div>[39m
            [36m<span[39m
              [33mclass[39m=[32m"text-[9px] sm:text-[10px] hidden sm:block truncate max-w-[56px] text-center text-muted-foreground"[39m
            [36m>[39m
              [0mLokalizacja[0m
            [36m</span>[39m
          [36m</div>[39m
          [36m<div[39m
            [33mclass[39m=[32m"h-0.5 w-6 sm:w-10 rounded transition-colors mb-3 bg-muted"[39m
          [36m/>[39m
          [36m<div[39m
            [33mclass[39m=[32m"flex flex-col items-center gap-0.5"[39m
          [36m>[39m
            [36m<div[39m
              [33mclass[39m=[32m"w-7 h-7 sm:w-8 sm:h-8 rounded-full flex items-center justify-center text-xs sm:text-sm font-semibold transition-all bg-muted text-muted-foreground"[39m
            [36m>[39m
              [0m3[0m
            [36m</div>[39m
            [36m<span[39m
              [33mclass[39m=[32m"text-[9px] sm:text-[10px] hidden sm:block truncate max-w-[56px] text-center text-muted-foreground"[39m
            [36m>[39m
              [0mPraca[0m
            [36m</span>[39m
          [36m</div>[39m
          [36m<div[39m
            [33mclass[39m=[32m"h-0.5 w-6 sm:w-10 rounded transition-colors mb-3 bg-muted"[39m
          [36m/>[39m
          [36m<div[39m
            [33mclass[39m=[32m"flex flex-col items-center gap-0.5"[39m
          [36m>[39m
            [36m<div[39m
              [33mclass[39m=[32m"w-7 h-7 sm:w-8 sm:h-8 rounded-full flex items-center justify-center text-xs sm:text-sm font-semibold transition-all bg-muted text-muted-foreground"[39m
            [36m>[39m
              [0m4[0m
            [36m</div>[39m
            [36m<span[39m
              [33mclass[39m=[32m"text-[9px] sm:text-[10px] hidden sm:block truncate max-w-[56px] text-center text-muted-foreground"[39m
            [36m>[39m
              [0mDaty[0m
            [36m</span>[39m
          [36m</div>[39m
          [36m<div[39m
            [33mclass[39m=[32m"h-0.5 w-6 sm:w-10 rounded transition-colors mb-3 bg-muted"[39m
          [36m/>[39m
          [36m<div[39m
            [33mclass[39m=[32m"flex flex-col items-center gap-0.5"[39m
          [36m>[39m
            [36m<div[39m
              [33mclass[39m=[32m"w-7 h-7 sm:w-8 sm:h-8 rounded-full flex items-center justify-center text-xs sm:text-sm font-semibold transition-all bg-muted text-muted-foreground"[39m
            [36m>[39m
              [0m5[0m
            [36m</div>[39m
            [36m<span[39m
              [33mclass[39m=[32m"text-[9px] sm:text-[10px] hidden sm:block truncate max-w-[56px] text-center text-muted-foreground"[39m
            [36m>[39m
              [0mPodsumowanie[0m
            [36m</span>[39m
          [36m</div>[39m
        [36m</div>[39m
        [36m<div[39m
          [33mclass[39m=[32m"relative overflow-hidden flex-1 overflow-y-auto"[39m
          [33mdir[39m=[32m"ltr"[39m
          [33mstyle[39m=[32m"position: relative; --radix-scroll-area-corner-width: 0px; --radix-scroll-area-corner-height: 0px;"[39m
        [36m>[39m
          [36m<div[39m
            [33mclass[39m=[32m"h-full w-full rounded-[inherit]"[39m
            [33mdata-radix-scroll-area-viewport[39m=[32m""[39m
            [33mstyle[39m=[32m"overflow-x: hidden; overflow-y: scroll;"[39m
          [36m>[39m
            [36m<div[39m
              [33mstyle[39m=[32m"min-width: 100%; display: table;"[39m
            [36m>[39m
              [36m<div[39m
                [33mclass[39m=[32m"flex flex-col gap-5 p-6 sm:p-8"[39m
              [36m>[39m
                [36m<div[39m
                  [33mclass[39m=[32m"text-center space-y-1"[39m
                [36m>[39m
                  [36m<svg[39m
                    [33mclass[39m=[32m"lucide lucide-user w-9 h-9 mx-auto text-primary"[39m
                    [33mfill[39m=[32m"none"[39m
                    [33mheight[39m=[32m"24"[39m
                    [33mstroke[39m=[32m"currentCol...

      88 |     render(<AddEmployeeForm {...defaultProps} />);
      89 |
    > 90 |     const submitButton = screen.getByRole('button', { name: 'Zapisz' });
         |                                 ^
      91 |     fireEvent.click(submitButton);
      92 |
      93 |     await waitFor(() => {

      at Object.getElementError (node_modules/@testing-library/dom/dist/config.js:37:19)
      at node_modules/@testing-library/dom/dist/query-helpers.js:76:38
      at node_modules/@testing-library/dom/dist/query-helpers.js:52:17
      at node_modules/@testing-library/dom/dist/query-helpers.js:95:19
      at Object.getByRole (src/components/__tests__/add-employee-form.test.tsx:90:33)

  ● AddEmployeeForm › validates room number when address is not own

    TestingLibraryElementError: Unable to find a label with the text of: Nazwisko

    Ignored nodes: comments, script, style
    [36m<body[39m
      [33mdata-scroll-locked[39m=[32m"1"[39m
      [33mstyle[39m=[32m"pointer-events: none;"[39m
    [36m>[39m
      [36m<span[39m
        [33maria-hidden[39m=[32m"true"[39m
        [33mdata-aria-hidden[39m=[32m"true"[39m
        [33mdata-radix-focus-guard[39m=[32m""[39m
        [33mstyle[39m=[32m"outline: none; opacity: 0; position: fixed; pointer-events: none;"[39m
        [33mtabindex[39m=[32m"0"[39m
      [36m/>[39m
      [36m<div[39m
        [33maria-hidden[39m=[32m"true"[39m
        [33mdata-aria-hidden[39m=[32m"true"[39m
      [36m/>[39m
      [36m<div[39m
        [33maria-hidden[39m=[32m"true"[39m
        [33mclass[39m=[32m"fixed inset-0 z-50 bg-black/80 data-[state=open]:animate-in data-[state=closed]:animate-out data-[state=closed]:fade-out-0 data-[state=open]:fade-in-0"[39m
        [33mdata-aria-hidden[39m=[32m"true"[39m
        [33mdata-state[39m=[32m"open"[39m
        [33mstyle[39m=[32m"pointer-events: auto;"[39m
      [36m/>[39m
      [36m<div[39m
        [33maria-describedby[39m=[32m"radix-:ri:"[39m
        [33maria-labelledby[39m=[32m"radix-:rh:"[39m
        [33mclass[39m=[32m"fixed left-[50%] top-[50%] z-50 w-full translate-x-[-50%] translate-y-[-50%] border bg-background shadow-lg duration-200 data-[state=open]:animate-in data-[state=closed]:animate-out data-[state=closed]:fade-out-0 data-[state=open]:fade-in-0 data-[state=closed]:zoom-out-95 data-[state=open]:zoom-in-95 data-[state=closed]:slide-out-to-left-1/2 data-[state=closed]:slide-out-to-top-[48%] data-[state=open]:slide-in-from-left-1/2 data-[state=open]:slide-in-from-top-[48%] sm:rounded-lg max-w-[95vw] sm:max-w-lg h-[92vh] max-h-[92vh] flex flex-col p-0 gap-0 overflow-hidden"[39m
        [33mdata-state[39m=[32m"open"[39m
        [33mid[39m=[32m"radix-:rg:"[39m
        [33mrole[39m=[32m"dialog"[39m
        [33mstyle[39m=[32m"pointer-events: auto;"[39m
        [33mtabindex[39m=[32m"-1"[39m
      [36m>[39m
        [36m<div[39m
          [33mclass[39m=[32m"flex items-center justify-center gap-1.5 sm:gap-2 py-3 border-b bg-muted/30 flex-shrink-0 px-2"[39m
        [36m>[39m
          [36m<div[39m
            [33mclass[39m=[32m"flex flex-col items-center gap-0.5"[39m
          [36m>[39m
            [36m<div[39m
              [33mclass[39m=[32m"w-7 h-7 sm:w-8 sm:h-8 rounded-full flex items-center justify-center text-xs sm:text-sm font-semibold transition-all bg-primary text-primary-foreground ring-4 ring-primary/20"[39m
            [36m>[39m
              [0m1[0m
            [36m</div>[39m
            [36m<span[39m
              [33mclass[39m=[32m"text-[9px] sm:text-[10px] hidden sm:block truncate max-w-[56px] text-center text-primary font-medium"[39m
            [36m>[39m
              [0mOsoba[0m
            [36m</span>[39m
          [36m</div>[39m
          [36m<div[39m
            [33mclass[39m=[32m"h-0.5 w-6 sm:w-10 rounded transition-colors mb-3 bg-muted"[39m
          [36m/>[39m
          [36m<div[39m
            [33mclass[39m=[32m"flex flex-col items-center gap-0.5"[39m
          [36m>[39m
            [36m<div[39m
              [33mclass[39m=[32m"w-7 h-7 sm:w-8 sm:h-8 rounded-full flex items-center justify-center text-xs sm:text-sm font-semibold transition-all bg-muted text-muted-foreground"[39m
            [36m>[39m
              [0m2[0m
            [36m</div>[39m
            [36m<span[39m
              [33mclass[39m=[32m"text-[9px] sm:text-[10px] hidden sm:block truncate max-w-[56px] text-center text-muted-foreground"[39m
            [36m>[39m
              [0mLokalizacja[0m
            [36m</span>[39m
          [36m</div>[39m
          [36m<div[39m
            [33mclass[39m=[32m"h-0.5 w-6 sm:w-10 rounded transition-colors mb-3 bg-muted"[39m
          [36m/>[39m
          [36m<div[39m
            [33mclass[39m=[32m"flex flex-col items-center gap-0.5"[39m
          [36m>[39m
            [36m<div[39m
              [33mclass[39m=[32m"w-7 h-7 sm:w-8 sm:h-8 rounded-full flex items-center justify-center text-xs sm:text-sm font-semibold transition-all bg-muted text-muted-foreground"[39m
            [36m>[39m
              [0m3[0m
            [36m</div>[39m
            [36m<span[39m
              [33mclass[39m=[32m"text-[9px] sm:text-[10px] hidden sm:block truncate max-w-[56px] text-center text-muted-foreground"[39m
            [36m>[39m
              [0mPraca[0m
            [36m</span>[39m
          [36m</div>[39m
          [36m<div[39m
            [33mclass[39m=[32m"h-0.5 w-6 sm:w-10 rounded transition-colors mb-3 bg-muted"[39m
          [36m/>[39m
          [36m<div[39m
            [33mclass[39m=[32m"flex flex-col items-center gap-0.5"[39m
          [36m>[39m
            [36m<div[39m
              [33mclass[39m=[32m"w-7 h-7 sm:w-8 sm:h-8 rounded-full flex items-center justify-center text-xs sm:text-sm font-semibold transition-all bg-muted text-muted-foreground"[39m
            [36m>[39m
              [0m4[0m
            [36m</div>[39m
            [36m<span[39m
              [33mclass[39m=[32m"text-[9px] sm:text-[10px] hidden sm:block truncate max-w-[56px] text-center text-muted-foreground"[39m
            [36m>[39m
              [0mDaty[0m
            [36m</span>[39m
          [36m</div>[39m
          [36m<div[39m
            [33mclass[39m=[32m"h-0.5 w-6 sm:w-10 rounded transition-colors mb-3 bg-muted"[39m
          [36m/>[39m
          [36m<div[39m
            [33mclass[39m=[32m"flex flex-col items-center gap-0.5"[39m
          [36m>[39m
            [36m<div[39m
              [33mclass[39m=[32m"w-7 h-7 sm:w-8 sm:h-8 rounded-full flex items-center justify-center text-xs sm:text-sm font-semibold transition-all bg-muted text-muted-foreground"[39m
            [36m>[39m
              [0m5[0m
            [36m</div>[39m
            [36m<span[39m
              [33mclass[39m=[32m"text-[9px] sm:text-[10px] hidden sm:block truncate max-w-[56px] text-center text-muted-foreground"[39m
            [36m>[39m
              [0mPodsumowanie[0m
            [36m</span>[39m
          [36m</div>[39m
        [36m</div>[39m
        [36m<div[39m
          [33mclass[39m=[32m"relative overflow-hidden flex-1 overflow-y-auto"[39m
          [33mdir[39m=[32m"ltr"[39m
          [33mstyle[39m=[32m"position: relative; --radix-scroll-area-corner-width: 0px; --radix-scroll-area-corner-height: 0px;"[39m
        [36m>[39m
          [36m<div[39m
            [33mclass[39m=[32m"h-full w-full rounded-[inherit]"[39m
            [33mdata-radix-scroll-area-viewport[39m=[32m""[39m
            [33mstyle[39m=[32m"overflow-x: hidden; overflow-y: scroll;"[39m
          [36m>[39m
            [36m<div[39m
              [33mstyle[39m=[32m"min-width: 100%; display: table;"[39m
            [36m>[39m
              [36m<div[39m
                [33mclass[39m=[32m"flex flex-col gap-5 p-6 sm:p-8"[39m
              [36m>[39m
                [36m<div[39m
                  [33mclass[39m=[32m"text-center space-y-1"[39m
                [36m>[39m
                  [36m<svg[39m
                    [33mclass[39m=[32m"lucide lucide-user w-9 h-9 mx-auto text-primary"[39m
                    [33mfill[39m=[32m"none"[39m
                    [33mheight[39m=[32m"24"[39m
                    [33mstroke[39m=[32m"currentCol...

      102 |
      103 |     // Fill required fields
    > 104 |     fireEvent.change(screen.getByLabelText('Nazwisko'), { target: { value: 'Kowalski' } });
          |                             ^
      105 |     fireEvent.change(screen.getByLabelText('Imię'), { target: { value: 'Jan' } });
      106 |
      107 |     // Select Coordinator

      at Object.getElementError (node_modules/@testing-library/dom/dist/config.js:37:19)
      at getAllByLabelText (node_modules/@testing-library/dom/dist/queries/label-text.js:111:38)
      at node_modules/@testing-library/dom/dist/query-helpers.js:52:17
      at node_modules/@testing-library/dom/dist/query-helpers.js:95:19
      at Object.getByLabelText (src/components/__tests__/add-employee-form.test.tsx:104:29)

  ● AddEmployeeForm › validates own address when selected

    TestingLibraryElementError: Unable to find a label with the text of: Nazwisko

    Ignored nodes: comments, script, style
    [36m<body[39m
      [33mdata-scroll-locked[39m=[32m"1"[39m
      [33mstyle[39m=[32m"pointer-events: none;"[39m
    [36m>[39m
      [36m<span[39m
        [33maria-hidden[39m=[32m"true"[39m
        [33mdata-aria-hidden[39m=[32m"true"[39m
        [33mdata-radix-focus-guard[39m=[32m""[39m
        [33mstyle[39m=[32m"outline: none; opacity: 0; position: fixed; pointer-events: none;"[39m
        [33mtabindex[39m=[32m"0"[39m
      [36m/>[39m
      [36m<div[39m
        [33maria-hidden[39m=[32m"true"[39m
        [33mdata-aria-hidden[39m=[32m"true"[39m
      [36m/>[39m
      [36m<div[39m
        [33maria-hidden[39m=[32m"true"[39m
        [33mclass[39m=[32m"fixed inset-0 z-50 bg-black/80 data-[state=open]:animate-in data-[state=closed]:animate-out data-[state=closed]:fade-out-0 data-[state=open]:fade-in-0"[39m
        [33mdata-aria-hidden[39m=[32m"true"[39m
        [33mdata-state[39m=[32m"open"[39m
        [33mstyle[39m=[32m"pointer-events: auto;"[39m
      [36m/>[39m
      [36m<div[39m
        [33maria-describedby[39m=[32m"radix-:rq:"[39m
        [33maria-labelledby[39m=[32m"radix-:rp:"[39m
        [33mclass[39m=[32m"fixed left-[50%] top-[50%] z-50 w-full translate-x-[-50%] translate-y-[-50%] border bg-background shadow-lg duration-200 data-[state=open]:animate-in data-[state=closed]:animate-out data-[state=closed]:fade-out-0 data-[state=open]:fade-in-0 data-[state=closed]:zoom-out-95 data-[state=open]:zoom-in-95 data-[state=closed]:slide-out-to-left-1/2 data-[state=closed]:slide-out-to-top-[48%] data-[state=open]:slide-in-from-left-1/2 data-[state=open]:slide-in-from-top-[48%] sm:rounded-lg max-w-[95vw] sm:max-w-lg h-[92vh] max-h-[92vh] flex flex-col p-0 gap-0 overflow-hidden"[39m
        [33mdata-state[39m=[32m"open"[39m
        [33mid[39m=[32m"radix-:ro:"[39m
        [33mrole[39m=[32m"dialog"[39m
        [33mstyle[39m=[32m"pointer-events: auto;"[39m
        [33mtabindex[39m=[32m"-1"[39m
      [36m>[39m
        [36m<div[39m
          [33mclass[39m=[32m"flex items-center justify-center gap-1.5 sm:gap-2 py-3 border-b bg-muted/30 flex-shrink-0 px-2"[39m
        [36m>[39m
          [36m<div[39m
            [33mclass[39m=[32m"flex flex-col items-center gap-0.5"[39m
          [36m>[39m
            [36m<div[39m
              [33mclass[39m=[32m"w-7 h-7 sm:w-8 sm:h-8 rounded-full flex items-center justify-center text-xs sm:text-sm font-semibold transition-all bg-primary text-primary-foreground ring-4 ring-primary/20"[39m
            [36m>[39m
              [0m1[0m
            [36m</div>[39m
            [36m<span[39m
              [33mclass[39m=[32m"text-[9px] sm:text-[10px] hidden sm:block truncate max-w-[56px] text-center text-primary font-medium"[39m
            [36m>[39m
              [0mOsoba[0m
            [36m</span>[39m
          [36m</div>[39m
          [36m<div[39m
            [33mclass[39m=[32m"h-0.5 w-6 sm:w-10 rounded transition-colors mb-3 bg-muted"[39m
          [36m/>[39m
          [36m<div[39m
            [33mclass[39m=[32m"flex flex-col items-center gap-0.5"[39m
          [36m>[39m
            [36m<div[39m
              [33mclass[39m=[32m"w-7 h-7 sm:w-8 sm:h-8 rounded-full flex items-center justify-center text-xs sm:text-sm font-semibold transition-all bg-muted text-muted-foreground"[39m
            [36m>[39m
              [0m2[0m
            [36m</div>[39m
            [36m<span[39m
              [33mclass[39m=[32m"text-[9px] sm:text-[10px] hidden sm:block truncate max-w-[56px] text-center text-muted-foreground"[39m
            [36m>[39m
              [0mLokalizacja[0m
            [36m</span>[39m
          [36m</div>[39m
          [36m<div[39m
            [33mclass[39m=[32m"h-0.5 w-6 sm:w-10 rounded transition-colors mb-3 bg-muted"[39m
          [36m/>[39m
          [36m<div[39m
            [33mclass[39m=[32m"flex flex-col items-center gap-0.5"[39m
          [36m>[39m
            [36m<div[39m
              [33mclass[39m=[32m"w-7 h-7 sm:w-8 sm:h-8 rounded-full flex items-center justify-center text-xs sm:text-sm font-semibold transition-all bg-muted text-muted-foreground"[39m
            [36m>[39m
              [0m3[0m
            [36m</div>[39m
            [36m<span[39m
              [33mclass[39m=[32m"text-[9px] sm:text-[10px] hidden sm:block truncate max-w-[56px] text-center text-muted-foreground"[39m
            [36m>[39m
              [0mPraca[0m
            [36m</span>[39m
          [36m</div>[39m
          [36m<div[39m
            [33mclass[39m=[32m"h-0.5 w-6 sm:w-10 rounded transition-colors mb-3 bg-muted"[39m
          [36m/>[39m
          [36m<div[39m
            [33mclass[39m=[32m"flex flex-col items-center gap-0.5"[39m
          [36m>[39m
            [36m<div[39m
              [33mclass[39m=[32m"w-7 h-7 sm:w-8 sm:h-8 rounded-full flex items-center justify-center text-xs sm:text-sm font-semibold transition-all bg-muted text-muted-foreground"[39m
            [36m>[39m
              [0m4[0m
            [36m</div>[39m
            [36m<span[39m
              [33mclass[39m=[32m"text-[9px] sm:text-[10px] hidden sm:block truncate max-w-[56px] text-center text-muted-foreground"[39m
            [36m>[39m
              [0mDaty[0m
            [36m</span>[39m
          [36m</div>[39m
          [36m<div[39m
            [33mclass[39m=[32m"h-0.5 w-6 sm:w-10 rounded transition-colors mb-3 bg-muted"[39m
          [36m/>[39m
          [36m<div[39m
            [33mclass[39m=[32m"flex flex-col items-center gap-0.5"[39m
          [36m>[39m
            [36m<div[39m
              [33mclass[39m=[32m"w-7 h-7 sm:w-8 sm:h-8 rounded-full flex items-center justify-center text-xs sm:text-sm font-semibold transition-all bg-muted text-muted-foreground"[39m
            [36m>[39m
              [0m5[0m
            [36m</div>[39m
            [36m<span[39m
              [33mclass[39m=[32m"text-[9px] sm:text-[10px] hidden sm:block truncate max-w-[56px] text-center text-muted-foreground"[39m
            [36m>[39m
              [0mPodsumowanie[0m
            [36m</span>[39m
          [36m</div>[39m
        [36m</div>[39m
        [36m<div[39m
          [33mclass[39m=[32m"relative overflow-hidden flex-1 overflow-y-auto"[39m
          [33mdir[39m=[32m"ltr"[39m
          [33mstyle[39m=[32m"position: relative; --radix-scroll-area-corner-width: 0px; --radix-scroll-area-corner-height: 0px;"[39m
        [36m>[39m
          [36m<div[39m
            [33mclass[39m=[32m"h-full w-full rounded-[inherit]"[39m
            [33mdata-radix-scroll-area-viewport[39m=[32m""[39m
            [33mstyle[39m=[32m"overflow-x: hidden; overflow-y: scroll;"[39m
          [36m>[39m
            [36m<div[39m
              [33mstyle[39m=[32m"min-width: 100%; display: table;"[39m
            [36m>[39m
              [36m<div[39m
                [33mclass[39m=[32m"flex flex-col gap-5 p-6 sm:p-8"[39m
              [36m>[39m
                [36m<div[39m
                  [33mclass[39m=[32m"text-center space-y-1"[39m
                [36m>[39m
                  [36m<svg[39m
                    [33mclass[39m=[32m"lucide lucide-user w-9 h-9 mx-auto text-primary"[39m
                    [33mfill[39m=[32m"none"[39m
                    [33mheight[39m=[32m"24"[39m
                    [33mstroke[39m=[32m"currentCol...

      130 |
      131 |     // Fill required fields
    > 132 |     fireEvent.change(screen.getByLabelText('Nazwisko'), { target: { value: 'Kowalski' } });
          |                             ^
      133 |     fireEvent.change(screen.getByLabelText('Imię'), { target: { value: 'Jan' } });
      134 |
      135 |     // Select Coordinator

      at Object.getElementError (node_modules/@testing-library/dom/dist/config.js:37:19)
      at getAllByLabelText (node_modules/@testing-library/dom/dist/queries/label-text.js:111:38)
      at node_modules/@testing-library/dom/dist/query-helpers.js:52:17
      at node_modules/@testing-library/dom/dist/query-helpers.js:95:19
      at Object.getByLabelText (src/components/__tests__/add-employee-form.test.tsx:132:29)

  ● AddEmployeeForm with Own Address › validates own address when selected

    TestingLibraryElementError: Unable to find a label with the text of: Nazwisko

    Ignored nodes: comments, script, style
    [36m<body[39m
      [33mdata-scroll-locked[39m=[32m"1"[39m
      [33mstyle[39m=[32m"pointer-events: none;"[39m
    [36m>[39m
      [36m<span[39m
        [33maria-hidden[39m=[32m"true"[39m
        [33mdata-aria-hidden[39m=[32m"true"[39m
        [33mdata-radix-focus-guard[39m=[32m""[39m
        [33mstyle[39m=[32m"outline: none; opacity: 0; position: fixed; pointer-events: none;"[39m
        [33mtabindex[39m=[32m"0"[39m
      [36m/>[39m
      [36m<div[39m
        [33maria-hidden[39m=[32m"true"[39m
        [33mdata-aria-hidden[39m=[32m"true"[39m
      [36m/>[39m
      [36m<div[39m
        [33maria-hidden[39m=[32m"true"[39m
        [33mclass[39m=[32m"fixed inset-0 z-50 bg-black/80 data-[state=open]:animate-in data-[state=closed]:animate-out data-[state=closed]:fade-out-0 data-[state=open]:fade-in-0"[39m
        [33mdata-aria-hidden[39m=[32m"true"[39m
        [33mdata-state[39m=[32m"open"[39m
        [33mstyle[39m=[32m"pointer-events: auto;"[39m
      [36m/>[39m
      [36m<div[39m
        [33maria-describedby[39m=[32m"radix-:r12:"[39m
        [33maria-labelledby[39m=[32m"radix-:r11:"[39m
        [33mclass[39m=[32m"fixed left-[50%] top-[50%] z-50 w-full translate-x-[-50%] translate-y-[-50%] border bg-background shadow-lg duration-200 data-[state=open]:animate-in data-[state=closed]:animate-out data-[state=closed]:fade-out-0 data-[state=open]:fade-in-0 data-[state=closed]:zoom-out-95 data-[state=open]:zoom-in-95 data-[state=closed]:slide-out-to-left-1/2 data-[state=closed]:slide-out-to-top-[48%] data-[state=open]:slide-in-from-left-1/2 data-[state=open]:slide-in-from-top-[48%] sm:rounded-lg max-w-[95vw] sm:max-w-lg h-[92vh] max-h-[92vh] flex flex-col p-0 gap-0 overflow-hidden"[39m
        [33mdata-state[39m=[32m"open"[39m
        [33mid[39m=[32m"radix-:r10:"[39m
        [33mrole[39m=[32m"dialog"[39m
        [33mstyle[39m=[32m"pointer-events: auto;"[39m
        [33mtabindex[39m=[32m"-1"[39m
      [36m>[39m
        [36m<div[39m
          [33mclass[39m=[32m"flex items-center justify-center gap-1.5 sm:gap-2 py-3 border-b bg-muted/30 flex-shrink-0 px-2"[39m
        [36m>[39m
          [36m<div[39m
            [33mclass[39m=[32m"flex flex-col items-center gap-0.5"[39m
          [36m>[39m
            [36m<div[39m
              [33mclass[39m=[32m"w-7 h-7 sm:w-8 sm:h-8 rounded-full flex items-center justify-center text-xs sm:text-sm font-semibold transition-all bg-primary text-primary-foreground ring-4 ring-primary/20"[39m
            [36m>[39m
              [0m1[0m
            [36m</div>[39m
            [36m<span[39m
              [33mclass[39m=[32m"text-[9px] sm:text-[10px] hidden sm:block truncate max-w-[56px] text-center text-primary font-medium"[39m
            [36m>[39m
              [0mOsoba[0m
            [36m</span>[39m
          [36m</div>[39m
          [36m<div[39m
            [33mclass[39m=[32m"h-0.5 w-6 sm:w-10 rounded transition-colors mb-3 bg-muted"[39m
          [36m/>[39m
          [36m<div[39m
            [33mclass[39m=[32m"flex flex-col items-center gap-0.5"[39m
          [36m>[39m
            [36m<div[39m
              [33mclass[39m=[32m"w-7 h-7 sm:w-8 sm:h-8 rounded-full flex items-center justify-center text-xs sm:text-sm font-semibold transition-all bg-muted text-muted-foreground"[39m
            [36m>[39m
              [0m2[0m
            [36m</div>[39m
            [36m<span[39m
              [33mclass[39m=[32m"text-[9px] sm:text-[10px] hidden sm:block truncate max-w-[56px] text-center text-muted-foreground"[39m
            [36m>[39m
              [0mLokalizacja[0m
            [36m</span>[39m
          [36m</div>[39m
          [36m<div[39m
            [33mclass[39m=[32m"h-0.5 w-6 sm:w-10 rounded transition-colors mb-3 bg-muted"[39m
          [36m/>[39m
          [36m<div[39m
            [33mclass[39m=[32m"flex flex-col items-center gap-0.5"[39m
          [36m>[39m
            [36m<div[39m
              [33mclass[39m=[32m"w-7 h-7 sm:w-8 sm:h-8 rounded-full flex items-center justify-center text-xs sm:text-sm font-semibold transition-all bg-muted text-muted-foreground"[39m
            [36m>[39m
              [0m3[0m
            [36m</div>[39m
            [36m<span[39m
              [33mclass[39m=[32m"text-[9px] sm:text-[10px] hidden sm:block truncate max-w-[56px] text-center text-muted-foreground"[39m
            [36m>[39m
              [0mPraca[0m
            [36m</span>[39m
          [36m</div>[39m
          [36m<div[39m
            [33mclass[39m=[32m"h-0.5 w-6 sm:w-10 rounded transition-colors mb-3 bg-muted"[39m
          [36m/>[39m
          [36m<div[39m
            [33mclass[39m=[32m"flex flex-col items-center gap-0.5"[39m
          [36m>[39m
            [36m<div[39m
              [33mclass[39m=[32m"w-7 h-7 sm:w-8 sm:h-8 rounded-full flex items-center justify-center text-xs sm:text-sm font-semibold transition-all bg-muted text-muted-foreground"[39m
            [36m>[39m
              [0m4[0m
            [36m</div>[39m
            [36m<span[39m
              [33mclass[39m=[32m"text-[9px] sm:text-[10px] hidden sm:block truncate max-w-[56px] text-center text-muted-foreground"[39m
            [36m>[39m
              [0mDaty[0m
            [36m</span>[39m
          [36m</div>[39m
          [36m<div[39m
            [33mclass[39m=[32m"h-0.5 w-6 sm:w-10 rounded transition-colors mb-3 bg-muted"[39m
          [36m/>[39m
          [36m<div[39m
            [33mclass[39m=[32m"flex flex-col items-center gap-0.5"[39m
          [36m>[39m
            [36m<div[39m
              [33mclass[39m=[32m"w-7 h-7 sm:w-8 sm:h-8 rounded-full flex items-center justify-center text-xs sm:text-sm font-semibold transition-all bg-muted text-muted-foreground"[39m
            [36m>[39m
              [0m5[0m
            [36m</div>[39m
            [36m<span[39m
              [33mclass[39m=[32m"text-[9px] sm:text-[10px] hidden sm:block truncate max-w-[56px] text-center text-muted-foreground"[39m
            [36m>[39m
              [0mPodsumowanie[0m
            [36m</span>[39m
          [36m</div>[39m
        [36m</div>[39m
        [36m<div[39m
          [33mclass[39m=[32m"relative overflow-hidden flex-1 overflow-y-auto"[39m
          [33mdir[39m=[32m"ltr"[39m
          [33mstyle[39m=[32m"position: relative; --radix-scroll-area-corner-width: 0px; --radix-scroll-area-corner-height: 0px;"[39m
        [36m>[39m
          [36m<div[39m
            [33mclass[39m=[32m"h-full w-full rounded-[inherit]"[39m
            [33mdata-radix-scroll-area-viewport[39m=[32m""[39m
            [33mstyle[39m=[32m"overflow-x: hidden; overflow-y: scroll;"[39m
          [36m>[39m
            [36m<div[39m
              [33mstyle[39m=[32m"min-width: 100%; display: table;"[39m
            [36m>[39m
              [36m<div[39m
                [33mclass[39m=[32m"flex flex-col gap-5 p-6 sm:p-8"[39m
              [36m>[39m
                [36m<div[39m
                  [33mclass[39m=[32m"text-center space-y-1"[39m
                [36m>[39m
                  [36m<svg[39m
                    [33mclass[39m=[32m"lucide lucide-user w-9 h-9 mx-auto text-primary"[39m
                    [33mfill[39m=[32m"none"[39m
                    [33mheight[39m=[32m"24"[39m
                    [33mstroke[39m=[32m"current...

      169 |
      170 |     // Fill required fields
    > 171 |     fireEvent.change(screen.getByLabelText('Nazwisko'), { target: { value: 'Kowalski' } });
          |                             ^
      172 |     fireEvent.change(screen.getByLabelText('Imię'), { target: { value: 'Jan' } });
      173 |
      174 |     // Select Coordinator

      at Object.getElementError (node_modules/@testing-library/dom/dist/config.js:37:19)
      at getAllByLabelText (node_modules/@testing-library/dom/dist/queries/label-text.js:111:38)
      at node_modules/@testing-library/dom/dist/query-helpers.js:52:17
      at node_modules/@testing-library/dom/dist/query-helpers.js:95:19
      at Object.getByLabelText (src/components/__tests__/add-employee-form.test.tsx:171:29)

  ● AddEmployeeForm Deductions › validates deduction entry date when deductions are present

    TestingLibraryElementError: Unable to find a label with the text of: Nazwisko

    Ignored nodes: comments, script, style
    [36m<body[39m
      [33mdata-scroll-locked[39m=[32m"1"[39m
      [33mstyle[39m=[32m"pointer-events: none;"[39m
    [36m>[39m
      [36m<span[39m
        [33maria-hidden[39m=[32m"true"[39m
        [33mdata-aria-hidden[39m=[32m"true"[39m
        [33mdata-radix-focus-guard[39m=[32m""[39m
        [33mstyle[39m=[32m"outline: none; opacity: 0; position: fixed; pointer-events: none;"[39m
        [33mtabindex[39m=[32m"0"[39m
      [36m/>[39m
      [36m<div[39m
        [33maria-hidden[39m=[32m"true"[39m
        [33mdata-aria-hidden[39m=[32m"true"[39m
      [36m/>[39m
      [36m<div[39m
        [33maria-hidden[39m=[32m"true"[39m
        [33mclass[39m=[32m"fixed inset-0 z-50 bg-black/80 data-[state=open]:animate-in data-[state=closed]:animate-out data-[state=closed]:fade-out-0 data-[state=open]:fade-in-0"[39m
        [33mdata-aria-hidden[39m=[32m"true"[39m
        [33mdata-state[39m=[32m"open"[39m
        [33mstyle[39m=[32m"pointer-events: auto;"[39m
      [36m/>[39m
      [36m<div[39m
        [33maria-describedby[39m=[32m"radix-:r1a:"[39m
        [33maria-labelledby[39m=[32m"radix-:r19:"[39m
        [33mclass[39m=[32m"fixed left-[50%] top-[50%] z-50 w-full translate-x-[-50%] translate-y-[-50%] border bg-background shadow-lg duration-200 data-[state=open]:animate-in data-[state=closed]:animate-out data-[state=closed]:fade-out-0 data-[state=open]:fade-in-0 data-[state=closed]:zoom-out-95 data-[state=open]:zoom-in-95 data-[state=closed]:slide-out-to-left-1/2 data-[state=closed]:slide-out-to-top-[48%] data-[state=open]:slide-in-from-left-1/2 data-[state=open]:slide-in-from-top-[48%] sm:rounded-lg max-w-[95vw] sm:max-w-lg h-[92vh] max-h-[92vh] flex flex-col p-0 gap-0 overflow-hidden"[39m
        [33mdata-state[39m=[32m"open"[39m
        [33mid[39m=[32m"radix-:r18:"[39m
        [33mrole[39m=[32m"dialog"[39m
        [33mstyle[39m=[32m"pointer-events: auto;"[39m
        [33mtabindex[39m=[32m"-1"[39m
      [36m>[39m
        [36m<div[39m
          [33mclass[39m=[32m"flex items-center justify-center gap-1.5 sm:gap-2 py-3 border-b bg-muted/30 flex-shrink-0 px-2"[39m
        [36m>[39m
          [36m<div[39m
            [33mclass[39m=[32m"flex flex-col items-center gap-0.5"[39m
          [36m>[39m
            [36m<div[39m
              [33mclass[39m=[32m"w-7 h-7 sm:w-8 sm:h-8 rounded-full flex items-center justify-center text-xs sm:text-sm font-semibold transition-all bg-primary text-primary-foreground ring-4 ring-primary/20"[39m
            [36m>[39m
              [0m1[0m
            [36m</div>[39m
            [36m<span[39m
              [33mclass[39m=[32m"text-[9px] sm:text-[10px] hidden sm:block truncate max-w-[56px] text-center text-primary font-medium"[39m
            [36m>[39m
              [0mOsoba[0m
            [36m</span>[39m
          [36m</div>[39m
          [36m<div[39m
            [33mclass[39m=[32m"h-0.5 w-6 sm:w-10 rounded transition-colors mb-3 bg-muted"[39m
          [36m/>[39m
          [36m<div[39m
            [33mclass[39m=[32m"flex flex-col items-center gap-0.5"[39m
          [36m>[39m
            [36m<div[39m
              [33mclass[39m=[32m"w-7 h-7 sm:w-8 sm:h-8 rounded-full flex items-center justify-center text-xs sm:text-sm font-semibold transition-all bg-muted text-muted-foreground"[39m
            [36m>[39m
              [0m2[0m
            [36m</div>[39m
            [36m<span[39m
              [33mclass[39m=[32m"text-[9px] sm:text-[10px] hidden sm:block truncate max-w-[56px] text-center text-muted-foreground"[39m
            [36m>[39m
              [0mLokalizacja[0m
            [36m</span>[39m
          [36m</div>[39m
          [36m<div[39m
            [33mclass[39m=[32m"h-0.5 w-6 sm:w-10 rounded transition-colors mb-3 bg-muted"[39m
          [36m/>[39m
          [36m<div[39m
            [33mclass[39m=[32m"flex flex-col items-center gap-0.5"[39m
          [36m>[39m
            [36m<div[39m
              [33mclass[39m=[32m"w-7 h-7 sm:w-8 sm:h-8 rounded-full flex items-center justify-center text-xs sm:text-sm font-semibold transition-all bg-muted text-muted-foreground"[39m
            [36m>[39m
              [0m3[0m
            [36m</div>[39m
            [36m<span[39m
              [33mclass[39m=[32m"text-[9px] sm:text-[10px] hidden sm:block truncate max-w-[56px] text-center text-muted-foreground"[39m
            [36m>[39m
              [0mPraca[0m
            [36m</span>[39m
          [36m</div>[39m
          [36m<div[39m
            [33mclass[39m=[32m"h-0.5 w-6 sm:w-10 rounded transition-colors mb-3 bg-muted"[39m
          [36m/>[39m
          [36m<div[39m
            [33mclass[39m=[32m"flex flex-col items-center gap-0.5"[39m
          [36m>[39m
            [36m<div[39m
              [33mclass[39m=[32m"w-7 h-7 sm:w-8 sm:h-8 rounded-full flex items-center justify-center text-xs sm:text-sm font-semibold transition-all bg-muted text-muted-foreground"[39m
            [36m>[39m
              [0m4[0m
            [36m</div>[39m
            [36m<span[39m
              [33mclass[39m=[32m"text-[9px] sm:text-[10px] hidden sm:block truncate max-w-[56px] text-center text-muted-foreground"[39m
            [36m>[39m
              [0mDaty[0m
            [36m</span>[39m
          [36m</div>[39m
          [36m<div[39m
            [33mclass[39m=[32m"h-0.5 w-6 sm:w-10 rounded transition-colors mb-3 bg-muted"[39m
          [36m/>[39m
          [36m<div[39m
            [33mclass[39m=[32m"flex flex-col items-center gap-0.5"[39m
          [36m>[39m
            [36m<div[39m
              [33mclass[39m=[32m"w-7 h-7 sm:w-8 sm:h-8 rounded-full flex items-center justify-center text-xs sm:text-sm font-semibold transition-all bg-muted text-muted-foreground"[39m
            [36m>[39m
              [0m5[0m
            [36m</div>[39m
            [36m<span[39m
              [33mclass[39m=[32m"text-[9px] sm:text-[10px] hidden sm:block truncate max-w-[56px] text-center text-muted-foreground"[39m
            [36m>[39m
              [0mPodsumowanie[0m
            [36m</span>[39m
          [36m</div>[39m
        [36m</div>[39m
        [36m<div[39m
          [33mclass[39m=[32m"relative overflow-hidden flex-1 overflow-y-auto"[39m
          [33mdir[39m=[32m"ltr"[39m
          [33mstyle[39m=[32m"position: relative; --radix-scroll-area-corner-width: 0px; --radix-scroll-area-corner-height: 0px;"[39m
        [36m>[39m
          [36m<div[39m
            [33mclass[39m=[32m"h-full w-full rounded-[inherit]"[39m
            [33mdata-radix-scroll-area-viewport[39m=[32m""[39m
            [33mstyle[39m=[32m"overflow-x: hidden; overflow-y: scroll;"[39m
          [36m>[39m
            [36m<div[39m
              [33mstyle[39m=[32m"min-width: 100%; display: table;"[39m
            [36m>[39m
              [36m<div[39m
                [33mclass[39m=[32m"flex flex-col gap-5 p-6 sm:p-8"[39m
              [36m>[39m
                [36m<div[39m
                  [33mclass[39m=[32m"text-center space-y-1"[39m
                [36m>[39m
                  [36m<svg[39m
                    [33mclass[39m=[32m"lucide lucide-user w-9 h-9 mx-auto text-primary"[39m
                    [33mfill[39m=[32m"none"[39m
                    [33mheight[39m=[32m"24"[39m
                    [33mstroke[39m=[32m"current...

      199 |
      200 |     // Fill required fields
    > 201 |     fireEvent.change(screen.getByLabelText('Nazwisko'), { target: { value: 'Kowalski' } });
          |                             ^
      202 |     fireEvent.change(screen.getByLabelText('Imię'), { target: { value: 'Jan' } });
      203 |
      204 |     // Select Coordinator

      at Object.getElementError (node_modules/@testing-library/dom/dist/config.js:37:19)
      at getAllByLabelText (node_modules/@testing-library/dom/dist/queries/label-text.js:111:38)
      at node_modules/@testing-library/dom/dist/query-helpers.js:52:17
      at node_modules/@testing-library/dom/dist/query-helpers.js:95:19
      at Object.getByLabelText (src/components/__tests__/add-employee-form.test.tsx:201:29)

PASS src/components/__tests__/control-cards-view.test.tsx
  ● Console

    console.error
      Warning: An update to ControlCardsView inside a test was not wrapped in act(...).
      
      When testing, code that causes React state updates should be wrapped into act(...):
      
      act(() => {
        /* fire events that update state */
      });
      /* assert on the output */
      
      This ensures that you're testing the behavior the user would see in the browser. Learn more at https://reactjs.org/link/wrap-tests-with-act
          at currentUser (/Users/oleksandr/Desktop/SmartHouse/src/components/control-cards-view.tsx:1265:44)

      1286 |         ])
      1287 |             .then(([cards, lists]) => {
    > 1288 |                 setControlCards(Array.isArray(cards) ? cards : []);
           |                 ^
      1289 |                 setStartLists(Array.isArray(lists) ? lists : []);
      1290 |             })
      1291 |             .catch(() => toast({ title: 'Błąd', description: 'Nie udało się załadować danych.', variant: 'destructive' }))

      at printWarning (node_modules/react-dom/cjs/react-dom.development.js:86:30)
      at error (node_modules/react-dom/cjs/react-dom.development.js:60:7)
      at warnIfUpdatesNotWrappedWithActDEV (node_modules/react-dom/cjs/react-dom.development.js:27628:9)
      at scheduleUpdateOnFiber (node_modules/react-dom/cjs/react-dom.development.js:25547:5)
      at dispatchSetState (node_modules/react-dom/cjs/react-dom.development.js:16708:7)
      at setControlCards (src/components/control-cards-view.tsx:1288:17)

    console.error
      Warning: An update to ControlCardsView inside a test was not wrapped in act(...).
      
      When testing, code that causes React state updates should be wrapped into act(...):
      
      act(() => {
        /* fire events that update state */
      });
      /* assert on the output */
      
      This ensures that you're testing the behavior the user would see in the browser. Learn more at https://reactjs.org/link/wrap-tests-with-act
          at currentUser (/Users/oleksandr/Desktop/SmartHouse/src/components/control-cards-view.tsx:1265:44)

      1287 |             .then(([cards, lists]) => {
      1288 |                 setControlCards(Array.isArray(cards) ? cards : []);
    > 1289 |                 setStartLists(Array.isArray(lists) ? lists : []);
           |                 ^
      1290 |             })
      1291 |             .catch(() => toast({ title: 'Błąd', description: 'Nie udało się załadować danych.', variant: 'destructive' }))
      1292 |             .finally(() => setIsLoadingCards(false));

      at printWarning (node_modules/react-dom/cjs/react-dom.development.js:86:30)
      at error (node_modules/react-dom/cjs/react-dom.development.js:60:7)
      at warnIfUpdatesNotWrappedWithActDEV (node_modules/react-dom/cjs/react-dom.development.js:27628:9)
      at scheduleUpdateOnFiber (node_modules/react-dom/cjs/react-dom.development.js:25547:5)
      at dispatchSetState (node_modules/react-dom/cjs/react-dom.development.js:16708:7)
      at setStartLists (src/components/control-cards-view.tsx:1289:17)

    console.error
      Warning: An update to ControlCardsView inside a test was not wrapped in act(...).
      
      When testing, code that causes React state updates should be wrapped into act(...):
      
      act(() => {
        /* fire events that update state */
      });
      /* assert on the output */
      
      This ensures that you're testing the behavior the user would see in the browser. Learn more at https://reactjs.org/link/wrap-tests-with-act
          at currentUser (/Users/oleksandr/Desktop/SmartHouse/src/components/control-cards-view.tsx:1265:44)

      1290 |             })
      1291 |             .catch(() => toast({ title: 'Błąd', description: 'Nie udało się załadować danych.', variant: 'destructive' }))
    > 1292 |             .finally(() => setIsLoadingCards(false));
           |                            ^
      1293 |     // eslint-disable-next-line react-hooks/exhaustive-deps
      1294 |     }, []);
      1295 |

      at printWarning (node_modules/react-dom/cjs/react-dom.development.js:86:30)
      at error (node_modules/react-dom/cjs/react-dom.development.js:60:7)
      at warnIfUpdatesNotWrappedWithActDEV (node_modules/react-dom/cjs/react-dom.development.js:27628:9)
      at scheduleUpdateOnFiber (node_modules/react-dom/cjs/react-dom.development.js:25547:5)
      at dispatchSetState (node_modules/react-dom/cjs/react-dom.development.js:16708:7)
      at setIsLoadingCards (src/components/control-cards-view.tsx:1292:28)

PASS src/__tests__/sheets.test.ts
FAIL src/components/__tests__/add-bok-resident-form.test.tsx
  ● Console

    console.error
      `DialogContent` requires a `DialogTitle` for the component to be accessible for screen reader users.
      
      If you want to hide the `DialogTitle`, you can wrap it with our VisuallyHidden component.
      
      For more information, see https://radix-ui.com/primitives/docs/components/dialog

      109 |
      110 |     it('renders "Dodaj Mieszkańca BOK" title for new resident', () => {
    > 111 |         render(<AddBokResidentForm {...baseProps} resident={null} />);
          |               ^
      112 |         expect(screen.getByText('Dodaj Mieszkańca BOK')).toBeInTheDocument();
      113 |     });
      114 |

      at node_modules/@radix-ui/react-dialog/src/dialog.tsx:520:30
      at commitHookEffectListMount (node_modules/react-dom/cjs/react-dom.development.js:23189:26)
      at commitPassiveMountOnFiber (node_modules/react-dom/cjs/react-dom.development.js:24970:11)
      at commitPassiveMountEffects_complete (node_modules/react-dom/cjs/react-dom.development.js:24930:9)
      at commitPassiveMountEffects_begin (node_modules/react-dom/cjs/react-dom.development.js:24917:7)
      at commitPassiveMountEffects (node_modules/react-dom/cjs/react-dom.development.js:24905:3)
      at flushPassiveEffectsImpl (node_modules/react-dom/cjs/react-dom.development.js:27078:3)
      at flushPassiveEffects (node_modules/react-dom/cjs/react-dom.development.js:27023:14)
      at commitRootImpl (node_modules/react-dom/cjs/react-dom.development.js:26974:5)
      at commitRoot (node_modules/react-dom/cjs/react-dom.development.js:26721:5)
      at performSyncWorkOnRoot (node_modules/react-dom/cjs/react-dom.development.js:26156:3)
      at flushSyncCallbacks (node_modules/react-dom/cjs/react-dom.development.js:12042:22)
      at commitRootImpl (node_modules/react-dom/cjs/react-dom.development.js:26998:3)
      at commitRoot (node_modules/react-dom/cjs/react-dom.development.js:26721:5)
      at finishConcurrentRender (node_modules/react-dom/cjs/react-dom.development.js:26020:9)
      at performConcurrentWorkOnRoot (node_modules/react-dom/cjs/react-dom.development.js:25848:7)
      at flushActQueue (node_modules/react/cjs/react.development.js:2667:24)
      at act (node_modules/react/cjs/react.development.js:2582:11)
      at node_modules/@testing-library/react/dist/act-compat.js:46:25
      at renderRoot (node_modules/@testing-library/react/dist/pure.js:189:26)
      at render (node_modules/@testing-library/react/dist/pure.js:291:10)
      at Object.<anonymous> (src/components/__tests__/add-bok-resident-form.test.tsx:111:15)

    console.warn
      Warning: Missing `Description` or `aria-describedby={undefined}` for {DialogContent}.

      109 |
      110 |     it('renders "Dodaj Mieszkańca BOK" title for new resident', () => {
    > 111 |         render(<AddBokResidentForm {...baseProps} resident={null} />);
          |               ^
      112 |         expect(screen.getByText('Dodaj Mieszkańca BOK')).toBeInTheDocument();
      113 |     });
      114 |

      at node_modules/@radix-ui/react-dialog/src/dialog.tsx:543:36
      at commitHookEffectListMount (node_modules/react-dom/cjs/react-dom.development.js:23189:26)
      at commitPassiveMountOnFiber (node_modules/react-dom/cjs/react-dom.development.js:24970:11)
      at commitPassiveMountEffects_complete (node_modules/react-dom/cjs/react-dom.development.js:24930:9)
      at commitPassiveMountEffects_begin (node_modules/react-dom/cjs/react-dom.development.js:24917:7)
      at commitPassiveMountEffects (node_modules/react-dom/cjs/react-dom.development.js:24905:3)
      at flushPassiveEffectsImpl (node_modules/react-dom/cjs/react-dom.development.js:27078:3)
      at flushPassiveEffects (node_modules/react-dom/cjs/react-dom.development.js:27023:14)
      at commitRootImpl (node_modules/react-dom/cjs/react-dom.development.js:26974:5)
      at commitRoot (node_modules/react-dom/cjs/react-dom.development.js:26721:5)
      at performSyncWorkOnRoot (node_modules/react-dom/cjs/react-dom.development.js:26156:3)
      at flushSyncCallbacks (node_modules/react-dom/cjs/react-dom.development.js:12042:22)
      at commitRootImpl (node_modules/react-dom/cjs/react-dom.development.js:26998:3)
      at commitRoot (node_modules/react-dom/cjs/react-dom.development.js:26721:5)
      at finishConcurrentRender (node_modules/react-dom/cjs/react-dom.development.js:26020:9)
      at performConcurrentWorkOnRoot (node_modules/react-dom/cjs/react-dom.development.js:25848:7)
      at flushActQueue (node_modules/react/cjs/react.development.js:2667:24)
      at act (node_modules/react/cjs/react.development.js:2582:11)
      at node_modules/@testing-library/react/dist/act-compat.js:46:25
      at renderRoot (node_modules/@testing-library/react/dist/pure.js:189:26)
      at render (node_modules/@testing-library/react/dist/pure.js:291:10)
      at Object.<anonymous> (src/components/__tests__/add-bok-resident-form.test.tsx:111:15)

    console.error
      `DialogContent` requires a `DialogTitle` for the component to be accessible for screen reader users.
      
      If you want to hide the `DialogTitle`, you can wrap it with our VisuallyHidden component.
      
      For more information, see https://radix-ui.com/primitives/docs/components/dialog

      133 |
      134 |     it('shows "Zapisz" button for new resident', () => {
    > 135 |         render(<AddBokResidentForm {...baseProps} resident={null} />);
          |               ^
      136 |         expect(screen.getByRole('button', { name: /Zapisz/i })).toBeInTheDocument();
      137 |     });
      138 |

      at node_modules/@radix-ui/react-dialog/src/dialog.tsx:520:30
      at commitHookEffectListMount (node_modules/react-dom/cjs/react-dom.development.js:23189:26)
      at commitPassiveMountOnFiber (node_modules/react-dom/cjs/react-dom.development.js:24970:11)
      at commitPassiveMountEffects_complete (node_modules/react-dom/cjs/react-dom.development.js:24930:9)
      at commitPassiveMountEffects_begin (node_modules/react-dom/cjs/react-dom.development.js:24917:7)
      at commitPassiveMountEffects (node_modules/react-dom/cjs/react-dom.development.js:24905:3)
      at flushPassiveEffectsImpl (node_modules/react-dom/cjs/react-dom.development.js:27078:3)
      at flushPassiveEffects (node_modules/react-dom/cjs/react-dom.development.js:27023:14)
      at commitRootImpl (node_modules/react-dom/cjs/react-dom.development.js:26974:5)
      at commitRoot (node_modules/react-dom/cjs/react-dom.development.js:26721:5)
      at performSyncWorkOnRoot (node_modules/react-dom/cjs/react-dom.development.js:26156:3)
      at flushSyncCallbacks (node_modules/react-dom/cjs/react-dom.development.js:12042:22)
      at commitRootImpl (node_modules/react-dom/cjs/react-dom.development.js:26998:3)
      at commitRoot (node_modules/react-dom/cjs/react-dom.development.js:26721:5)
      at finishConcurrentRender (node_modules/react-dom/cjs/react-dom.development.js:26020:9)
      at performConcurrentWorkOnRoot (node_modules/react-dom/cjs/react-dom.development.js:25848:7)
      at flushActQueue (node_modules/react/cjs/react.development.js:2667:24)
      at act (node_modules/react/cjs/react.development.js:2582:11)
      at node_modules/@testing-library/react/dist/act-compat.js:46:25
      at renderRoot (node_modules/@testing-library/react/dist/pure.js:189:26)
      at render (node_modules/@testing-library/react/dist/pure.js:291:10)
      at Object.<anonymous> (src/components/__tests__/add-bok-resident-form.test.tsx:135:15)

    console.warn
      Warning: Missing `Description` or `aria-describedby={undefined}` for {DialogContent}.

      133 |
      134 |     it('shows "Zapisz" button for new resident', () => {
    > 135 |         render(<AddBokResidentForm {...baseProps} resident={null} />);
          |               ^
      136 |         expect(screen.getByRole('button', { name: /Zapisz/i })).toBeInTheDocument();
      137 |     });
      138 |

      at node_modules/@radix-ui/react-dialog/src/dialog.tsx:543:36
      at commitHookEffectListMount (node_modules/react-dom/cjs/react-dom.development.js:23189:26)
      at commitPassiveMountOnFiber (node_modules/react-dom/cjs/react-dom.development.js:24970:11)
      at commitPassiveMountEffects_complete (node_modules/react-dom/cjs/react-dom.development.js:24930:9)
      at commitPassiveMountEffects_begin (node_modules/react-dom/cjs/react-dom.development.js:24917:7)
      at commitPassiveMountEffects (node_modules/react-dom/cjs/react-dom.development.js:24905:3)
      at flushPassiveEffectsImpl (node_modules/react-dom/cjs/react-dom.development.js:27078:3)
      at flushPassiveEffects (node_modules/react-dom/cjs/react-dom.development.js:27023:14)
      at commitRootImpl (node_modules/react-dom/cjs/react-dom.development.js:26974:5)
      at commitRoot (node_modules/react-dom/cjs/react-dom.development.js:26721:5)
      at performSyncWorkOnRoot (node_modules/react-dom/cjs/react-dom.development.js:26156:3)
      at flushSyncCallbacks (node_modules/react-dom/cjs/react-dom.development.js:12042:22)
      at commitRootImpl (node_modules/react-dom/cjs/react-dom.development.js:26998:3)
      at commitRoot (node_modules/react-dom/cjs/react-dom.development.js:26721:5)
      at finishConcurrentRender (node_modules/react-dom/cjs/react-dom.development.js:26020:9)
      at performConcurrentWorkOnRoot (node_modules/react-dom/cjs/react-dom.development.js:25848:7)
      at flushActQueue (node_modules/react/cjs/react.development.js:2667:24)
      at act (node_modules/react/cjs/react.development.js:2582:11)
      at node_modules/@testing-library/react/dist/act-compat.js:46:25
      at renderRoot (node_modules/@testing-library/react/dist/pure.js:189:26)
      at render (node_modules/@testing-library/react/dist/pure.js:291:10)
      at Object.<anonymous> (src/components/__tests__/add-bok-resident-form.test.tsx:135:15)

    console.error
      `DialogContent` requires a `DialogTitle` for the component to be accessible for screen reader users.
      
      If you want to hide the `DialogTitle`, you can wrap it with our VisuallyHidden component.
      
      For more information, see https://radix-ui.com/primitives/docs/components/dialog

      138 |
      139 |     it('shows "Anuluj" button', () => {
    > 140 |         render(<AddBokResidentForm {...baseProps} resident={null} />);
          |               ^
      141 |         expect(screen.getByRole('button', { name: /Anuluj/i })).toBeInTheDocument();
      142 |     });
      143 |

      at node_modules/@radix-ui/react-dialog/src/dialog.tsx:520:30
      at commitHookEffectListMount (node_modules/react-dom/cjs/react-dom.development.js:23189:26)
      at commitPassiveMountOnFiber (node_modules/react-dom/cjs/react-dom.development.js:24970:11)
      at commitPassiveMountEffects_complete (node_modules/react-dom/cjs/react-dom.development.js:24930:9)
      at commitPassiveMountEffects_begin (node_modules/react-dom/cjs/react-dom.development.js:24917:7)
      at commitPassiveMountEffects (node_modules/react-dom/cjs/react-dom.development.js:24905:3)
      at flushPassiveEffectsImpl (node_modules/react-dom/cjs/react-dom.development.js:27078:3)
      at flushPassiveEffects (node_modules/react-dom/cjs/react-dom.development.js:27023:14)
      at commitRootImpl (node_modules/react-dom/cjs/react-dom.development.js:26974:5)
      at commitRoot (node_modules/react-dom/cjs/react-dom.development.js:26721:5)
      at performSyncWorkOnRoot (node_modules/react-dom/cjs/react-dom.development.js:26156:3)
      at flushSyncCallbacks (node_modules/react-dom/cjs/react-dom.development.js:12042:22)
      at commitRootImpl (node_modules/react-dom/cjs/react-dom.development.js:26998:3)
      at commitRoot (node_modules/react-dom/cjs/react-dom.development.js:26721:5)
      at finishConcurrentRender (node_modules/react-dom/cjs/react-dom.development.js:26020:9)
      at performConcurrentWorkOnRoot (node_modules/react-dom/cjs/react-dom.development.js:25848:7)
      at flushActQueue (node_modules/react/cjs/react.development.js:2667:24)
      at act (node_modules/react/cjs/react.development.js:2582:11)
      at node_modules/@testing-library/react/dist/act-compat.js:46:25
      at renderRoot (node_modules/@testing-library/react/dist/pure.js:189:26)
      at render (node_modules/@testing-library/react/dist/pure.js:291:10)
      at Object.<anonymous> (src/components/__tests__/add-bok-resident-form.test.tsx:140:15)

    console.warn
      Warning: Missing `Description` or `aria-describedby={undefined}` for {DialogContent}.

      138 |
      139 |     it('shows "Anuluj" button', () => {
    > 140 |         render(<AddBokResidentForm {...baseProps} resident={null} />);
          |               ^
      141 |         expect(screen.getByRole('button', { name: /Anuluj/i })).toBeInTheDocument();
      142 |     });
      143 |

      at node_modules/@radix-ui/react-dialog/src/dialog.tsx:543:36
      at commitHookEffectListMount (node_modules/react-dom/cjs/react-dom.development.js:23189:26)
      at commitPassiveMountOnFiber (node_modules/react-dom/cjs/react-dom.development.js:24970:11)
      at commitPassiveMountEffects_complete (node_modules/react-dom/cjs/react-dom.development.js:24930:9)
      at commitPassiveMountEffects_begin (node_modules/react-dom/cjs/react-dom.development.js:24917:7)
      at commitPassiveMountEffects (node_modules/react-dom/cjs/react-dom.development.js:24905:3)
      at flushPassiveEffectsImpl (node_modules/react-dom/cjs/react-dom.development.js:27078:3)
      at flushPassiveEffects (node_modules/react-dom/cjs/react-dom.development.js:27023:14)
      at commitRootImpl (node_modules/react-dom/cjs/react-dom.development.js:26974:5)
      at commitRoot (node_modules/react-dom/cjs/react-dom.development.js:26721:5)
      at performSyncWorkOnRoot (node_modules/react-dom/cjs/react-dom.development.js:26156:3)
      at flushSyncCallbacks (node_modules/react-dom/cjs/react-dom.development.js:12042:22)
      at commitRootImpl (node_modules/react-dom/cjs/react-dom.development.js:26998:3)
      at commitRoot (node_modules/react-dom/cjs/react-dom.development.js:26721:5)
      at finishConcurrentRender (node_modules/react-dom/cjs/react-dom.development.js:26020:9)
      at performConcurrentWorkOnRoot (node_modules/react-dom/cjs/react-dom.development.js:25848:7)
      at flushActQueue (node_modules/react/cjs/react.development.js:2667:24)
      at act (node_modules/react/cjs/react.development.js:2582:11)
      at node_modules/@testing-library/react/dist/act-compat.js:46:25
      at renderRoot (node_modules/@testing-library/react/dist/pure.js:189:26)
      at render (node_modules/@testing-library/react/dist/pure.js:291:10)
      at Object.<anonymous> (src/components/__tests__/add-bok-resident-form.test.tsx:140:15)

    console.error
      `DialogContent` requires a `DialogTitle` for the component to be accessible for screen reader users.
      
      If you want to hide the `DialogTitle`, you can wrap it with our VisuallyHidden component.
      
      For more information, see https://radix-ui.com/primitives/docs/components/dialog

      143 |
      144 |     it('does NOT show "Zwolnij" button for a new resident (resident=null)', () => {
    > 145 |         render(<AddBokResidentForm {...baseProps} resident={null} />);
          |               ^
      146 |         expect(screen.queryByRole('button', { name: /Zwolnij/i })).not.toBeInTheDocument();
      147 |     });
      148 |

      at node_modules/@radix-ui/react-dialog/src/dialog.tsx:520:30
      at commitHookEffectListMount (node_modules/react-dom/cjs/react-dom.development.js:23189:26)
      at commitPassiveMountOnFiber (node_modules/react-dom/cjs/react-dom.development.js:24970:11)
      at commitPassiveMountEffects_complete (node_modules/react-dom/cjs/react-dom.development.js:24930:9)
      at commitPassiveMountEffects_begin (node_modules/react-dom/cjs/react-dom.development.js:24917:7)
      at commitPassiveMountEffects (node_modules/react-dom/cjs/react-dom.development.js:24905:3)
      at flushPassiveEffectsImpl (node_modules/react-dom/cjs/react-dom.development.js:27078:3)
      at flushPassiveEffects (node_modules/react-dom/cjs/react-dom.development.js:27023:14)
      at commitRootImpl (node_modules/react-dom/cjs/react-dom.development.js:26974:5)
      at commitRoot (node_modules/react-dom/cjs/react-dom.development.js:26721:5)
      at performSyncWorkOnRoot (node_modules/react-dom/cjs/react-dom.development.js:26156:3)
      at flushSyncCallbacks (node_modules/react-dom/cjs/react-dom.development.js:12042:22)
      at commitRootImpl (node_modules/react-dom/cjs/react-dom.development.js:26998:3)
      at commitRoot (node_modules/react-dom/cjs/react-dom.development.js:26721:5)
      at finishConcurrentRender (node_modules/react-dom/cjs/react-dom.development.js:26020:9)
      at performConcurrentWorkOnRoot (node_modules/react-dom/cjs/react-dom.development.js:25848:7)
      at flushActQueue (node_modules/react/cjs/react.development.js:2667:24)
      at act (node_modules/react/cjs/react.development.js:2582:11)
      at node_modules/@testing-library/react/dist/act-compat.js:46:25
      at renderRoot (node_modules/@testing-library/react/dist/pure.js:189:26)
      at render (node_modules/@testing-library/react/dist/pure.js:291:10)
      at Object.<anonymous> (src/components/__tests__/add-bok-resident-form.test.tsx:145:15)

    console.warn
      Warning: Missing `Description` or `aria-describedby={undefined}` for {DialogContent}.

      143 |
      144 |     it('does NOT show "Zwolnij" button for a new resident (resident=null)', () => {
    > 145 |         render(<AddBokResidentForm {...baseProps} resident={null} />);
          |               ^
      146 |         expect(screen.queryByRole('button', { name: /Zwolnij/i })).not.toBeInTheDocument();
      147 |     });
      148 |

      at node_modules/@radix-ui/react-dialog/src/dialog.tsx:543:36
      at commitHookEffectListMount (node_modules/react-dom/cjs/react-dom.development.js:23189:26)
      at commitPassiveMountOnFiber (node_modules/react-dom/cjs/react-dom.development.js:24970:11)
      at commitPassiveMountEffects_complete (node_modules/react-dom/cjs/react-dom.development.js:24930:9)
      at commitPassiveMountEffects_begin (node_modules/react-dom/cjs/react-dom.development.js:24917:7)
      at commitPassiveMountEffects (node_modules/react-dom/cjs/react-dom.development.js:24905:3)
      at flushPassiveEffectsImpl (node_modules/react-dom/cjs/react-dom.development.js:27078:3)
      at flushPassiveEffects (node_modules/react-dom/cjs/react-dom.development.js:27023:14)
      at commitRootImpl (node_modules/react-dom/cjs/react-dom.development.js:26974:5)
      at commitRoot (node_modules/react-dom/cjs/react-dom.development.js:26721:5)
      at performSyncWorkOnRoot (node_modules/react-dom/cjs/react-dom.development.js:26156:3)
      at flushSyncCallbacks (node_modules/react-dom/cjs/react-dom.development.js:12042:22)
      at commitRootImpl (node_modules/react-dom/cjs/react-dom.development.js:26998:3)
      at commitRoot (node_modules/react-dom/cjs/react-dom.development.js:26721:5)
      at finishConcurrentRender (node_modules/react-dom/cjs/react-dom.development.js:26020:9)
      at performConcurrentWorkOnRoot (node_modules/react-dom/cjs/react-dom.development.js:25848:7)
      at flushActQueue (node_modules/react/cjs/react.development.js:2667:24)
      at act (node_modules/react/cjs/react.development.js:2582:11)
      at node_modules/@testing-library/react/dist/act-compat.js:46:25
      at renderRoot (node_modules/@testing-library/react/dist/pure.js:189:26)
      at render (node_modules/@testing-library/react/dist/pure.js:291:10)
      at Object.<anonymous> (src/components/__tests__/add-bok-resident-form.test.tsx:145:15)

    console.error
      `DialogContent` requires a `DialogTitle` for the component to be accessible for screen reader users.
      
      If you want to hide the `DialogTitle`, you can wrap it with our VisuallyHidden component.
      
      For more information, see https://radix-ui.com/primitives/docs/components/dialog

      160 |     it('calls onOpenChange(false) when "Anuluj" is clicked', async () => {
      161 |         const onOpenChange = jest.fn();
    > 162 |         render(<AddBokResidentForm {...baseProps} resident={null} onOpenChange={onOpenChange} />);
          |               ^
      163 |         fireEvent.click(screen.getByRole('button', { name: /Anuluj/i }));
      164 |         await waitFor(() => {
      165 |             expect(onOpenChange).toHaveBeenCalledWith(false);

      at node_modules/@radix-ui/react-dialog/src/dialog.tsx:520:30
      at commitHookEffectListMount (node_modules/react-dom/cjs/react-dom.development.js:23189:26)
      at commitPassiveMountOnFiber (node_modules/react-dom/cjs/react-dom.development.js:24970:11)
      at commitPassiveMountEffects_complete (node_modules/react-dom/cjs/react-dom.development.js:24930:9)
      at commitPassiveMountEffects_begin (node_modules/react-dom/cjs/react-dom.development.js:24917:7)
      at commitPassiveMountEffects (node_modules/react-dom/cjs/react-dom.development.js:24905:3)
      at flushPassiveEffectsImpl (node_modules/react-dom/cjs/react-dom.development.js:27078:3)
      at flushPassiveEffects (node_modules/react-dom/cjs/react-dom.development.js:27023:14)
      at commitRootImpl (node_modules/react-dom/cjs/react-dom.development.js:26974:5)
      at commitRoot (node_modules/react-dom/cjs/react-dom.development.js:26721:5)
      at performSyncWorkOnRoot (node_modules/react-dom/cjs/react-dom.development.js:26156:3)
      at flushSyncCallbacks (node_modules/react-dom/cjs/react-dom.development.js:12042:22)
      at commitRootImpl (node_modules/react-dom/cjs/react-dom.development.js:26998:3)
      at commitRoot (node_modules/react-dom/cjs/react-dom.development.js:26721:5)
      at finishConcurrentRender (node_modules/react-dom/cjs/react-dom.development.js:26020:9)
      at performConcurrentWorkOnRoot (node_modules/react-dom/cjs/react-dom.development.js:25848:7)
      at flushActQueue (node_modules/react/cjs/react.development.js:2667:24)
      at act (node_modules/react/cjs/react.development.js:2582:11)
      at node_modules/@testing-library/react/dist/act-compat.js:46:25
      at renderRoot (node_modules/@testing-library/react/dist/pure.js:189:26)
      at render (node_modules/@testing-library/react/dist/pure.js:291:10)
      at Object.<anonymous> (src/components/__tests__/add-bok-resident-form.test.tsx:162:15)

    console.warn
      Warning: Missing `Description` or `aria-describedby={undefined}` for {DialogContent}.

      160 |     it('calls onOpenChange(false) when "Anuluj" is clicked', async () => {
      161 |         const onOpenChange = jest.fn();
    > 162 |         render(<AddBokResidentForm {...baseProps} resident={null} onOpenChange={onOpenChange} />);
          |               ^
      163 |         fireEvent.click(screen.getByRole('button', { name: /Anuluj/i }));
      164 |         await waitFor(() => {
      165 |             expect(onOpenChange).toHaveBeenCalledWith(false);

      at node_modules/@radix-ui/react-dialog/src/dialog.tsx:543:36
      at commitHookEffectListMount (node_modules/react-dom/cjs/react-dom.development.js:23189:26)
      at commitPassiveMountOnFiber (node_modules/react-dom/cjs/react-dom.development.js:24970:11)
      at commitPassiveMountEffects_complete (node_modules/react-dom/cjs/react-dom.development.js:24930:9)
      at commitPassiveMountEffects_begin (node_modules/react-dom/cjs/react-dom.development.js:24917:7)
      at commitPassiveMountEffects (node_modules/react-dom/cjs/react-dom.development.js:24905:3)
      at flushPassiveEffectsImpl (node_modules/react-dom/cjs/react-dom.development.js:27078:3)
      at flushPassiveEffects (node_modules/react-dom/cjs/react-dom.development.js:27023:14)
      at commitRootImpl (node_modules/react-dom/cjs/react-dom.development.js:26974:5)
      at commitRoot (node_modules/react-dom/cjs/react-dom.development.js:26721:5)
      at performSyncWorkOnRoot (node_modules/react-dom/cjs/react-dom.development.js:26156:3)
      at flushSyncCallbacks (node_modules/react-dom/cjs/react-dom.development.js:12042:22)
      at commitRootImpl (node_modules/react-dom/cjs/react-dom.development.js:26998:3)
      at commitRoot (node_modules/react-dom/cjs/react-dom.development.js:26721:5)
      at finishConcurrentRender (node_modules/react-dom/cjs/react-dom.development.js:26020:9)
      at performConcurrentWorkOnRoot (node_modules/react-dom/cjs/react-dom.development.js:25848:7)
      at flushActQueue (node_modules/react/cjs/react.development.js:2667:24)
      at act (node_modules/react/cjs/react.development.js:2582:11)
      at node_modules/@testing-library/react/dist/act-compat.js:46:25
      at renderRoot (node_modules/@testing-library/react/dist/pure.js:189:26)
      at render (node_modules/@testing-library/react/dist/pure.js:291:10)
      at Object.<anonymous> (src/components/__tests__/add-bok-resident-form.test.tsx:162:15)

    console.error
      `DialogContent` requires a `DialogTitle` for the component to be accessible for screen reader users.
      
      If you want to hide the `DialogTitle`, you can wrap it with our VisuallyHidden component.
      
      For more information, see https://radix-ui.com/primitives/docs/components/dialog

      223 |
      224 |     it('does NOT show "Data zwolnienia" field when adding a new resident', () => {
    > 225 |         render(<AddBokResidentForm {...baseProps} resident={null} />);
          |               ^
      226 |         expect(screen.queryByText(/Data zwolnienia/i)).not.toBeInTheDocument();
      227 |     });
      228 |

      at node_modules/@radix-ui/react-dialog/src/dialog.tsx:520:30
      at commitHookEffectListMount (node_modules/react-dom/cjs/react-dom.development.js:23189:26)
      at commitPassiveMountOnFiber (node_modules/react-dom/cjs/react-dom.development.js:24970:11)
      at commitPassiveMountEffects_complete (node_modules/react-dom/cjs/react-dom.development.js:24930:9)
      at commitPassiveMountEffects_begin (node_modules/react-dom/cjs/react-dom.development.js:24917:7)
      at commitPassiveMountEffects (node_modules/react-dom/cjs/react-dom.development.js:24905:3)
      at flushPassiveEffectsImpl (node_modules/react-dom/cjs/react-dom.development.js:27078:3)
      at flushPassiveEffects (node_modules/react-dom/cjs/react-dom.development.js:27023:14)
      at commitRootImpl (node_modules/react-dom/cjs/react-dom.development.js:26974:5)
      at commitRoot (node_modules/react-dom/cjs/react-dom.development.js:26721:5)
      at performSyncWorkOnRoot (node_modules/react-dom/cjs/react-dom.development.js:26156:3)
      at flushSyncCallbacks (node_modules/react-dom/cjs/react-dom.development.js:12042:22)
      at commitRootImpl (node_modules/react-dom/cjs/react-dom.development.js:26998:3)
      at commitRoot (node_modules/react-dom/cjs/react-dom.development.js:26721:5)
      at finishConcurrentRender (node_modules/react-dom/cjs/react-dom.development.js:26020:9)
      at performConcurrentWorkOnRoot (node_modules/react-dom/cjs/react-dom.development.js:25848:7)
      at flushActQueue (node_modules/react/cjs/react.development.js:2667:24)
      at act (node_modules/react/cjs/react.development.js:2582:11)
      at node_modules/@testing-library/react/dist/act-compat.js:46:25
      at renderRoot (node_modules/@testing-library/react/dist/pure.js:189:26)
      at render (node_modules/@testing-library/react/dist/pure.js:291:10)
      at Object.<anonymous> (src/components/__tests__/add-bok-resident-form.test.tsx:225:15)

    console.warn
      Warning: Missing `Description` or `aria-describedby={undefined}` for {DialogContent}.

      223 |
      224 |     it('does NOT show "Data zwolnienia" field when adding a new resident', () => {
    > 225 |         render(<AddBokResidentForm {...baseProps} resident={null} />);
          |               ^
      226 |         expect(screen.queryByText(/Data zwolnienia/i)).not.toBeInTheDocument();
      227 |     });
      228 |

      at node_modules/@radix-ui/react-dialog/src/dialog.tsx:543:36
      at commitHookEffectListMount (node_modules/react-dom/cjs/react-dom.development.js:23189:26)
      at commitPassiveMountOnFiber (node_modules/react-dom/cjs/react-dom.development.js:24970:11)
      at commitPassiveMountEffects_complete (node_modules/react-dom/cjs/react-dom.development.js:24930:9)
      at commitPassiveMountEffects_begin (node_modules/react-dom/cjs/react-dom.development.js:24917:7)
      at commitPassiveMountEffects (node_modules/react-dom/cjs/react-dom.development.js:24905:3)
      at flushPassiveEffectsImpl (node_modules/react-dom/cjs/react-dom.development.js:27078:3)
      at flushPassiveEffects (node_modules/react-dom/cjs/react-dom.development.js:27023:14)
      at commitRootImpl (node_modules/react-dom/cjs/react-dom.development.js:26974:5)
      at commitRoot (node_modules/react-dom/cjs/react-dom.development.js:26721:5)
      at performSyncWorkOnRoot (node_modules/react-dom/cjs/react-dom.development.js:26156:3)
      at flushSyncCallbacks (node_modules/react-dom/cjs/react-dom.development.js:12042:22)
      at commitRootImpl (node_modules/react-dom/cjs/react-dom.development.js:26998:3)
      at commitRoot (node_modules/react-dom/cjs/react-dom.development.js:26721:5)
      at finishConcurrentRender (node_modules/react-dom/cjs/react-dom.development.js:26020:9)
      at performConcurrentWorkOnRoot (node_modules/react-dom/cjs/react-dom.development.js:25848:7)
      at flushActQueue (node_modules/react/cjs/react.development.js:2667:24)
      at act (node_modules/react/cjs/react.development.js:2582:11)
      at node_modules/@testing-library/react/dist/act-compat.js:46:25
      at renderRoot (node_modules/@testing-library/react/dist/pure.js:189:26)
      at render (node_modules/@testing-library/react/dist/pure.js:291:10)
      at Object.<anonymous> (src/components/__tests__/add-bok-resident-form.test.tsx:225:15)

    console.error
      `DialogContent` requires a `DialogTitle` for the component to be accessible for screen reader users.
      
      If you want to hide the `DialogTitle`, you can wrap it with our VisuallyHidden component.
      
      For more information, see https://radix-ui.com/primitives/docs/components/dialog

      250 |
      251 |     it('shows validation errors for empty firstName and lastName on submit', async () => {
    > 252 |         render(<AddBokResidentForm {...baseProps} resident={null} />);
          |               ^
      253 |
      254 |         const firstNameInput = screen.getByLabelText('Imię');
      255 |         const lastNameInput = screen.getByLabelText('Nazwisko');

      at node_modules/@radix-ui/react-dialog/src/dialog.tsx:520:30
      at commitHookEffectListMount (node_modules/react-dom/cjs/react-dom.development.js:23189:26)
      at commitPassiveMountOnFiber (node_modules/react-dom/cjs/react-dom.development.js:24970:11)
      at commitPassiveMountEffects_complete (node_modules/react-dom/cjs/react-dom.development.js:24930:9)
      at commitPassiveMountEffects_begin (node_modules/react-dom/cjs/react-dom.development.js:24917:7)
      at commitPassiveMountEffects (node_modules/react-dom/cjs/react-dom.development.js:24905:3)
      at flushPassiveEffectsImpl (node_modules/react-dom/cjs/react-dom.development.js:27078:3)
      at flushPassiveEffects (node_modules/react-dom/cjs/react-dom.development.js:27023:14)
      at commitRootImpl (node_modules/react-dom/cjs/react-dom.development.js:26974:5)
      at commitRoot (node_modules/react-dom/cjs/react-dom.development.js:26721:5)
      at performSyncWorkOnRoot (node_modules/react-dom/cjs/react-dom.development.js:26156:3)
      at flushSyncCallbacks (node_modules/react-dom/cjs/react-dom.development.js:12042:22)
      at commitRootImpl (node_modules/react-dom/cjs/react-dom.development.js:26998:3)
      at commitRoot (node_modules/react-dom/cjs/react-dom.development.js:26721:5)
      at finishConcurrentRender (node_modules/react-dom/cjs/react-dom.development.js:26020:9)
      at performConcurrentWorkOnRoot (node_modules/react-dom/cjs/react-dom.development.js:25848:7)
      at flushActQueue (node_modules/react/cjs/react.development.js:2667:24)
      at act (node_modules/react/cjs/react.development.js:2582:11)
      at node_modules/@testing-library/react/dist/act-compat.js:46:25
      at renderRoot (node_modules/@testing-library/react/dist/pure.js:189:26)
      at render (node_modules/@testing-library/react/dist/pure.js:291:10)
      at Object.<anonymous> (src/components/__tests__/add-bok-resident-form.test.tsx:252:15)

    console.warn
      Warning: Missing `Description` or `aria-describedby={undefined}` for {DialogContent}.

      250 |
      251 |     it('shows validation errors for empty firstName and lastName on submit', async () => {
    > 252 |         render(<AddBokResidentForm {...baseProps} resident={null} />);
          |               ^
      253 |
      254 |         const firstNameInput = screen.getByLabelText('Imię');
      255 |         const lastNameInput = screen.getByLabelText('Nazwisko');

      at node_modules/@radix-ui/react-dialog/src/dialog.tsx:543:36
      at commitHookEffectListMount (node_modules/react-dom/cjs/react-dom.development.js:23189:26)
      at commitPassiveMountOnFiber (node_modules/react-dom/cjs/react-dom.development.js:24970:11)
      at commitPassiveMountEffects_complete (node_modules/react-dom/cjs/react-dom.development.js:24930:9)
      at commitPassiveMountEffects_begin (node_modules/react-dom/cjs/react-dom.development.js:24917:7)
      at commitPassiveMountEffects (node_modules/react-dom/cjs/react-dom.development.js:24905:3)
      at flushPassiveEffectsImpl (node_modules/react-dom/cjs/react-dom.development.js:27078:3)
      at flushPassiveEffects (node_modules/react-dom/cjs/react-dom.development.js:27023:14)
      at commitRootImpl (node_modules/react-dom/cjs/react-dom.development.js:26974:5)
      at commitRoot (node_modules/react-dom/cjs/react-dom.development.js:26721:5)
      at performSyncWorkOnRoot (node_modules/react-dom/cjs/react-dom.development.js:26156:3)
      at flushSyncCallbacks (node_modules/react-dom/cjs/react-dom.development.js:12042:22)
      at commitRootImpl (node_modules/react-dom/cjs/react-dom.development.js:26998:3)
      at commitRoot (node_modules/react-dom/cjs/react-dom.development.js:26721:5)
      at finishConcurrentRender (node_modules/react-dom/cjs/react-dom.development.js:26020:9)
      at performConcurrentWorkOnRoot (node_modules/react-dom/cjs/react-dom.development.js:25848:7)
      at flushActQueue (node_modules/react/cjs/react.development.js:2667:24)
      at act (node_modules/react/cjs/react.development.js:2582:11)
      at node_modules/@testing-library/react/dist/act-compat.js:46:25
      at renderRoot (node_modules/@testing-library/react/dist/pure.js:189:26)
      at render (node_modules/@testing-library/react/dist/pure.js:291:10)
      at Object.<anonymous> (src/components/__tests__/add-bok-resident-form.test.tsx:252:15)

  ● AddBokResidentForm — dialog rendering › renders "Dodaj Mieszkańca BOK" title for new resident

    TestingLibraryElementError: Unable to find an element with the text: Dodaj Mieszkańca BOK. This could be because the text is broken up by multiple elements. In this case, you can provide a function for your text matcher to make your matcher more flexible.

    Ignored nodes: comments, script, style
    [36m<body[39m
      [33mdata-scroll-locked[39m=[32m"1"[39m
      [33mstyle[39m=[32m"pointer-events: none;"[39m
    [36m>[39m
      [36m<span[39m
        [33maria-hidden[39m=[32m"true"[39m
        [33mdata-aria-hidden[39m=[32m"true"[39m
        [33mdata-radix-focus-guard[39m=[32m""[39m
        [33mstyle[39m=[32m"outline: none; opacity: 0; position: fixed; pointer-events: none;"[39m
        [33mtabindex[39m=[32m"0"[39m
      [36m/>[39m
      [36m<div[39m
        [33maria-hidden[39m=[32m"true"[39m
        [33mdata-aria-hidden[39m=[32m"true"[39m
      [36m/>[39m
      [36m<div[39m
        [33maria-hidden[39m=[32m"true"[39m
        [33mclass[39m=[32m"fixed inset-0 z-50 bg-black/80 data-[state=open]:animate-in data-[state=closed]:animate-out data-[state=closed]:fade-out-0 data-[state=open]:fade-in-0"[39m
        [33mdata-aria-hidden[39m=[32m"true"[39m
        [33mdata-state[39m=[32m"open"[39m
        [33mstyle[39m=[32m"pointer-events: auto;"[39m
      [36m/>[39m
      [36m<div[39m
        [33maria-describedby[39m=[32m"radix-:r2:"[39m
        [33maria-labelledby[39m=[32m"radix-:r1:"[39m
        [33mclass[39m=[32m"fixed left-[50%] top-[50%] z-50 w-full translate-x-[-50%] translate-y-[-50%] border bg-background shadow-lg duration-200 data-[state=open]:animate-in data-[state=closed]:animate-out data-[state=closed]:fade-out-0 data-[state=open]:fade-in-0 data-[state=closed]:zoom-out-95 data-[state=open]:zoom-in-95 data-[state=closed]:slide-out-to-left-1/2 data-[state=closed]:slide-out-to-top-[48%] data-[state=open]:slide-in-from-left-1/2 data-[state=open]:slide-in-from-top-[48%] sm:rounded-lg max-w-[95vw] sm:max-w-lg h-[92vh] max-h-[92vh] flex flex-col p-0 gap-0 overflow-hidden"[39m
        [33mdata-state[39m=[32m"open"[39m
        [33mid[39m=[32m"radix-:r0:"[39m
        [33mrole[39m=[32m"dialog"[39m
        [33mstyle[39m=[32m"pointer-events: auto;"[39m
        [33mtabindex[39m=[32m"-1"[39m
      [36m>[39m
        [36m<div[39m
          [33mclass[39m=[32m"flex items-center justify-center gap-1.5 sm:gap-2 py-3 border-b bg-muted/30 flex-shrink-0 px-2"[39m
        [36m>[39m
          [36m<div[39m
            [33mclass[39m=[32m"flex flex-col items-center gap-0.5"[39m
          [36m>[39m
            [36m<div[39m
              [33mclass[39m=[32m"w-7 h-7 sm:w-8 sm:h-8 rounded-full flex items-center justify-center text-xs sm:text-sm font-semibold transition-all bg-primary text-primary-foreground ring-4 ring-primary/20"[39m
            [36m>[39m
              [0m1[0m
            [36m</div>[39m
            [36m<span[39m
              [33mclass[39m=[32m"text-[9px] sm:text-[10px] hidden sm:block truncate max-w-[56px] text-center text-primary font-medium"[39m
            [36m>[39m
              [0mOsoba[0m
            [36m</span>[39m
          [36m</div>[39m
          [36m<div[39m
            [33mclass[39m=[32m"h-0.5 w-6 sm:w-10 rounded transition-colors mb-3 bg-muted"[39m
          [36m/>[39m
          [36m<div[39m
            [33mclass[39m=[32m"flex flex-col items-center gap-0.5"[39m
          [36m>[39m
            [36m<div[39m
              [33mclass[39m=[32m"w-7 h-7 sm:w-8 sm:h-8 rounded-full flex items-center justify-center text-xs sm:text-sm font-semibold transition-all bg-muted text-muted-foreground"[39m
            [36m>[39m
              [0m2[0m
            [36m</div>[39m
            [36m<span[39m
              [33mclass[39m=[32m"text-[9px] sm:text-[10px] hidden sm:block truncate max-w-[56px] text-center text-muted-foreground"[39m
            [36m>[39m
              [0mLokalizacja[0m
            [36m</span>[39m
          [36m</div>[39m
          [36m<div[39m
            [33mclass[39m=[32m"h-0.5 w-6 sm:w-10 rounded transition-colors mb-3 bg-muted"[39m
          [36m/>[39m
          [36m<div[39m
            [33mclass[39m=[32m"flex flex-col items-center gap-0.5"[39m
          [36m>[39m
            [36m<div[39m
              [33mclass[39m=[32m"w-7 h-7 sm:w-8 sm:h-8 rounded-full flex items-center justify-center text-xs sm:text-sm font-semibold transition-all bg-muted text-muted-foreground"[39m
            [36m>[39m
              [0m3[0m
            [36m</div>[39m
            [36m<span[39m
              [33mclass[39m=[32m"text-[9px] sm:text-[10px] hidden sm:block truncate max-w-[56px] text-center text-muted-foreground"[39m
            [36m>[39m
              [0mSzczegóły[0m
            [36m</span>[39m
          [36m</div>[39m
          [36m<div[39m
            [33mclass[39m=[32m"h-0.5 w-6 sm:w-10 rounded transition-colors mb-3 bg-muted"[39m
          [36m/>[39m
          [36m<div[39m
            [33mclass[39m=[32m"flex flex-col items-center gap-0.5"[39m
          [36m>[39m
            [36m<div[39m
              [33mclass[39m=[32m"w-7 h-7 sm:w-8 sm:h-8 rounded-full flex items-center justify-center text-xs sm:text-sm font-semibold transition-all bg-muted text-muted-foreground"[39m
            [36m>[39m
              [0m4[0m
            [36m</div>[39m
            [36m<span[39m
              [33mclass[39m=[32m"text-[9px] sm:text-[10px] hidden sm:block truncate max-w-[56px] text-center text-muted-foreground"[39m
            [36m>[39m
              [0mDaty[0m
            [36m</span>[39m
          [36m</div>[39m
          [36m<div[39m
            [33mclass[39m=[32m"h-0.5 w-6 sm:w-10 rounded transition-colors mb-3 bg-muted"[39m
          [36m/>[39m
          [36m<div[39m
            [33mclass[39m=[32m"flex flex-col items-center gap-0.5"[39m
          [36m>[39m
            [36m<div[39m
              [33mclass[39m=[32m"w-7 h-7 sm:w-8 sm:h-8 rounded-full flex items-center justify-center text-xs sm:text-sm font-semibold transition-all bg-muted text-muted-foreground"[39m
            [36m>[39m
              [0m5[0m
            [36m</div>[39m
            [36m<span[39m
              [33mclass[39m=[32m"text-[9px] sm:text-[10px] hidden sm:block truncate max-w-[56px] text-center text-muted-foreground"[39m
            [36m>[39m
              [0mPodsumowanie[0m
            [36m</span>[39m
          [36m</div>[39m
        [36m</div>[39m
        [36m<div[39m
          [33mclass[39m=[32m"relative overflow-hidden flex-1 overflow-y-auto"[39m
          [33mdir[39m=[32m"ltr"[39m
          [33mstyle[39m=[32m"position: relative; --radix-scroll-area-corner-width: 0px; --radix-scroll-area-corner-height: 0px;"[39m
        [36m>[39m
          [36m<div[39m
            [33mclass[39m=[32m"h-full w-full rounded-[inherit]"[39m
            [33mdata-radix-scroll-area-viewport[39m=[32m""[39m
            [33mstyle[39m=[32m"overflow-x: hidden; overflow-y: scroll;"[39m
          [36m>[39m
            [36m<div[39m
              [33mstyle[39m=[32m"min-width: 100%; display: table;"[39m
            [36m>[39m
              [36m<div[39m
                [33mclass[39m=[32m"flex flex-col gap-5 p-6 sm:p-8"[39m
              [36m>[39m
                [36m<div[39m
                  [33mclass[39m=[32m"text-center space-y-1"[39m
                [36m>[39m
                  [36m<svg[39m
                    [33mclass[39m=[32m"lucide lucide-user w-9 h-9 mx-auto text-primary"[39m
                    [33mfill[39m=[32m"none"[39m
                    [33mheight[39m=[32m"24"[39m
                    [33mstroke[39m=[32m"curren...

      110 |     it('renders "Dodaj Mieszkańca BOK" title for new resident', () => {
      111 |         render(<AddBokResidentForm {...baseProps} resident={null} />);
    > 112 |         expect(screen.getByText('Dodaj Mieszkańca BOK')).toBeInTheDocument();
          |                       ^
      113 |     });
      114 |
      115 |     it('renders "Edytuj Mieszkańca BOK" title for existing resident', () => {

      at Object.getElementError (node_modules/@testing-library/dom/dist/config.js:37:19)
      at node_modules/@testing-library/dom/dist/query-helpers.js:76:38
      at node_modules/@testing-library/dom/dist/query-helpers.js:52:17
      at node_modules/@testing-library/dom/dist/query-helpers.js:95:19
      at Object.getByText (src/components/__tests__/add-bok-resident-form.test.tsx:112:23)

  ● AddBokResidentForm — button visibility › shows "Zapisz" button for new resident

    TestingLibraryElementError: Unable to find an accessible element with the role "button" and name `/Zapisz/i`

    Here are the accessible roles:

      dialog:

      Name "":
      [36m<div[39m
        [33maria-describedby[39m=[32m"radix-:r30:"[39m
        [33maria-labelledby[39m=[32m"radix-:r2v:"[39m
        [33mclass[39m=[32m"fixed left-[50%] top-[50%] z-50 w-full translate-x-[-50%] translate-y-[-50%] border bg-background shadow-lg duration-200 data-[state=open]:animate-in data-[state=closed]:animate-out data-[state=closed]:fade-out-0 data-[state=open]:fade-in-0 data-[state=closed]:zoom-out-95 data-[state=open]:zoom-in-95 data-[state=closed]:slide-out-to-left-1/2 data-[state=closed]:slide-out-to-top-[48%] data-[state=open]:slide-in-from-left-1/2 data-[state=open]:slide-in-from-top-[48%] sm:rounded-lg max-w-[95vw] sm:max-w-lg h-[92vh] max-h-[92vh] flex flex-col p-0 gap-0 overflow-hidden"[39m
        [33mdata-state[39m=[32m"open"[39m
        [33mid[39m=[32m"radix-:r2u:"[39m
        [33mrole[39m=[32m"dialog"[39m
        [33mstyle[39m=[32m"pointer-events: auto;"[39m
        [33mtabindex[39m=[32m"-1"[39m
      [36m/>[39m

      --------------------------------------------------
      heading:

      Name "Dane osoby":
      [36m<h2[39m
        [33mclass[39m=[32m"text-xl font-bold"[39m
      [36m/>[39m

      --------------------------------------------------
      button:

      Name "Skanuj paszport / dowód":
      [36m<button[39m
        [33mclass[39m=[32m"w-full flex items-center justify-center gap-3 rounded-xl border-2 border-dashed border-primary/40 bg-primary/5 hover:bg-primary/10 active:scale-[0.98] transition-all py-5 text-primary font-semibold text-base disabled:opacity-50"[39m
        [33mtype[39m=[32m"button"[39m
      [36m/>[39m

      Name "Kierowca":
      [36m<button[39m
        [33mclass[39m=[32m"rounded-xl border-2 py-3 text-sm font-semibold transition-all active:scale-95 border-border hover:border-primary/50 hover:bg-muted/50"[39m
        [33mtype[39m=[32m"button"[39m
      [36m/>[39m

      Name "Logistyk":
      [36m<button[39m
        [33mclass[39m=[32m"rounded-xl border-2 py-3 text-sm font-semibold transition-all active:scale-95 border-border hover:border-primary/50 hover:bg-muted/50"[39m
        [33mtype[39m=[32m"button"[39m
      [36m/>[39m

      Name "Anuluj":
      [36m<button[39m
        [33mclass[39m=[32m"inline-flex items-center justify-center whitespace-nowrap rounded-md font-medium ring-offset-background transition-colors focus-visible:outline-none focus-visible:ring-2 focus-visible:ring-ring focus-visible:ring-offset-2 disabled:pointer-events-none disabled:opacity-50 hover:bg-accent hover:text-accent-foreground py-2 h-11 px-4 text-sm"[39m
      [36m/>[39m

      Name "Dalej":
      [36m<button[39m
        [33mclass[39m=[32m"inline-flex items-center justify-center whitespace-nowrap rounded-md ring-offset-background transition-colors focus-visible:outline-none focus-visible:ring-2 focus-visible:ring-ring focus-visible:ring-offset-2 disabled:pointer-events-none disabled:opacity-50 bg-primary text-primary-foreground hover:bg-primary/90 py-2 h-11 px-6 text-sm font-semibold"[39m
        [33mdisabled[39m=[32m""[39m
      [36m/>[39m

      Name "Close":
      [36m<button[39m
        [33mclass[39m=[32m"absolute right-4 top-4 rounded-sm opacity-70 ring-offset-background transition-opacity hover:opacity-100 focus:outline-none focus:ring-2 focus:ring-ring focus:ring-offset-2 disabled:pointer-events-none data-[state=open]:bg-accent data-[state=open]:text-muted-foreground"[39m
        [33mtype[39m=[32m"button"[39m
      [36m/>[39m

      --------------------------------------------------
      textbox:

      Name "":
      [36m<input[39m
        [33mclass[39m=[32m"flex min-h-[44px] w-full rounded-md border border-input bg-background px-3 py-2 ring-offset-background file:border-0 file:bg-transparent file:text-sm file:font-medium placeholder:text-muted-foreground focus-visible:outline-none focus-visible:ring-2 focus-visible:ring-ring focus-visible:ring-offset-2 disabled:cursor-not-allowed disabled:opacity-50 touch-manipulation h-12 text-base"[39m
        [33mplaceholder[39m=[32m"Kowalski"[39m
        [33mvalue[39m=[32m""[39m
      [36m/>[39m

      Name "":
      [36m<input[39m
        [33mclass[39m=[32m"flex min-h-[44px] w-full rounded-md border border-input bg-background px-3 py-2 ring-offset-background file:border-0 file:bg-transparent file:text-sm file:font-medium placeholder:text-muted-foreground focus-visible:outline-none focus-visible:ring-2 focus-visible:ring-ring focus-visible:ring-offset-2 disabled:cursor-not-allowed disabled:opacity-50 touch-manipulation h-12 text-base"[39m
        [33mplaceholder[39m=[32m"Jan"[39m
        [33mvalue[39m=[32m""[39m
      [36m/>[39m

      Name "":
      [36m<input[39m
        [33mclass[39m=[32m"flex min-h-[44px] w-full rounded-md border border-input bg-background px-3 py-2 text-sm ring-offset-background file:border-0 file:bg-transparent file:text-sm file:font-medium placeholder:text-muted-foreground focus-visible:outline-none focus-visible:ring-2 focus-visible:ring-ring focus-visible:ring-offset-2 disabled:cursor-not-allowed disabled:opacity-50 touch-manipulation h-11 font-mono"[39m
        [33mplaceholder[39m=[32m"np. EP1234567"[39m
        [33mvalue[39m=[32m""[39m
      [36m/>[39m

      --------------------------------------------------
      combobox:

      Name "":
      [36m<button[39m
        [33maria-controls[39m=[32m"radix-:r34:"[39m
        [33maria-expanded[39m=[32m"false"[39m
        [33maria-haspopup[39m=[32m"dialog"[39m
        [33mclass[39m=[32m"inline-flex items-center whitespace-nowrap rounded-md text-sm font-medium ring-offset-background transition-colors focus-visible:outline-none focus-visible:ring-2 focus-visible:ring-ring focus-visible:ring-offset-2 disabled:pointer-events-none disabled:opacity-50 border border-input bg-background hover:bg-accent hover:text-accent-foreground h-10 px-4 py-2 w-full justify-between min-h-[44px]"[39m
        [33mdata-state[39m=[32m"closed"[39m
        [33mrole[39m=[32m"combobox"[39m
        [33mtype[39m=[32m"button"[39m
      [36m/>[39m

      Name "":
      [36m<button[39m
        [33maria-controls[39m=[32m"radix-:r35:"[39m
        [33maria-expanded[39m=[32m"false"[39m
        [33maria-haspopup[39m=[32m"dialog"[39m
        [33mclass[39m=[32m"inline-flex items-center whitespace-nowrap rounded-md text-sm font-medium ring-offset-background transition-colors focus-visible:outline-none focus-visible:ring-2 focus-visible:ring-ring focus-visible:ring-offset-2 disabled:pointer-events-none disabled:opacity-50 border border-input bg-background hover:bg-accent hover:text-accent-foreground h-10 px-4 py-2 w-full justify-between min-h-[44px]"[39m
        [33mdata-state[39m=[32m"closed"[39m
        [33mrole[39m=[32m"combobox"[39m
        [33mtype[39m=[32m"button"[39m
      [36m/>[39m

      --------------------------------------------------

    Ignored nodes: comments, script, style
    [36m<body[39m
      [33mdata-scroll-locked[39m=[32m"1"[39m
      [33mstyle[39m=[32m"pointer-events: none;"[39m
    [36m>[39m
      [36m<span[39m
        [33maria-hidden[39m=[32m"true"[39m
        [33mdata-aria-hidden[39m=[32m"true"[39m
        [33mdata-radix-focus-guard[39m=[32m""[39m
        [33mstyle[39m=[32m"outline: none; opacity: 0; position: fixed; pointer-events: none;"[39m
        [33mtabindex[39m=[32m"0"[39m
      [36m/>[39m
      [36m<div[39m
        [33maria-hidden[39m=[32m"true"[39m
        [33mdata-aria-hidden[39m=[32m"true"[39m
      [36m/>[39m
      [36m<div[39m
        [33maria-hidden[39m=[32m"true"[39m
        [33mclass[39m=[32m"fixed inset-0 z-50 bg-black/80 data-[state=open]:animate-in data-[state=closed]:animate-out data-[state=closed]:fade-out-0 data-[state=open]:fade-in-0"[39m
        [33mdata-aria-hidden[39m=[32m"true"[39m
        [33mdata-state[39m=[32m"open"[39m
        [33mstyle[39m=[32m"pointer-events: auto;"[39m
      [36m/>[39m
      [36m<div[39m
        [33maria-describedby[39m=[32m"radix-:r30:"[39m
        [33maria-labelledby[39m=[32m"radix-:r2v:"[39m
        [33mclass[39m=[32m"fixed left-[50%] top-[50%] z-50 w-full translate-x-[-50%] translate-y-[-50%] border bg-background shadow-lg duration-200 data-[state=open]:animate-in data-[state=closed]:animate-out data-[state=closed]:fade-out-0 data-[state=open]:fade-in-0 data-[state=closed]:zoom-out-95 data-[state=open]:zoom-in-95 data-[state=closed]:slide-out-to-left-1/2 data-[state=closed]:slide-out-to-top-[48%] data-[state=open]:slide-in-from-left-1/2 data-[state=open]:slide-in-from-top-[48%] sm:rounded-lg max-w-[95vw] sm:max-w-lg h-[92vh] max-h-[92vh] flex flex-col p-0 gap-0 overflow-hidden"[39m
        [33mdata-state[39m=[32m"open"[39m
        [33mid[39m=[32m"radix-:r2u:"[39m
        [33mrole[39m=[32m"dialog"[39m
        [33mstyle[39m=[32m"pointer-events: auto;"[39m
        [33mtabindex[39m=[32m"-1"[39m
      [36m>[39m
        [36m<div[39m
          [33mclass[39m=[32m"flex items-center justify-center gap-1.5 sm:gap-2 py-3 border-b bg-muted/30 flex-shrink-0 px-2"[39m
        [36m>[39m
          [36m<div[39m
            [33mclass[39m=[32m"flex flex-col items-center gap-0.5"[39m
          [36m>[39m
            [36m<div[39m
              [33mclass[39m=[32m"w-7 h-7 sm:w-8 sm:h-8 rounded-full flex items-center justify-center text-xs sm:text-sm font-semibold transition-all bg-primary text-primary-foreground ring-4 ring-primary/20"[39m
            [36m>[39m
              [0m1[0m
            [36m</div>[39m
            [36m<span[39m
              [33mclass[39m=[32m"text-[9px] sm:text-[10px] hidden sm:block truncate max-w-[56px] text-center text-primary font-medium"[39m
            [36m>[39m
              [0mOsoba[0m
            [36m</span>[39m
          [36m</div>[39m
          [36m<div[39m
            [33mclass[39m=[32m"h-0.5 w-6 sm:w-10 rounded transition-colors mb-3 bg-muted"[39m
          [36m/>[39m
          [36m<div[39m
            [33mclass[39m=[32m"flex flex-col items-center gap-0.5"[39m
          [36m>[39m
            [36m<div[39m
              [33mclass[39m=[32m"w-7 h-7 sm:w-8 sm:h-8 rounded-full flex items-center justify-center text-xs sm:text-sm font-semibold transition-all bg-muted text-muted-foreground"[39m
            [36m>[39m
              [0m2[0m
            [36m</div>[39m
            [36m<span[39m
              [33mclass[39m=[32m"text-[9px] sm:text-[10px] hidden sm:block truncate max-w-[56px] text-center text-muted-foreground"[39m
            [36m>[39m
              [0mLokalizacja[0m
            [36m</span>[39m
          [36m</div>[39m
          [36m<div[39m
            [33mclass[39m=[32m"h-0.5 w-6 sm:w-10 rounded transition-colors mb-3 bg-muted"[39m
          [36m/>[39m
          [36m<div[39m
            [33mclass[39m=[32m"flex flex-col items-center gap-0.5"[39m
          [36m>[39m
            [36m<div[39m
              [33mclass[39m=[32m"w-7 h-7 sm:w-8 sm:h-8 rounded-full flex items-center justify-center text-xs sm:text-sm font-semibold transition-all bg-muted text-muted-foreground"[39m
            [36m>[39m
              [0m3[0m
            [36m</div>[39m
            [36m<span[39m
              [33mclass[39m=[32m"text-[9px] sm:text-[10px] hidden sm:block truncate max-w-[56px] text-center text-muted-foreground"[39m
            [36m>[39m
              [0mSzczegóły[0m
            [36m</span>[39m
          [36m</div>[39m
          [36m<div[39m
            [33mclass[39m=[32m"h-0.5 w-6 sm:w-10 rounded transition-colors mb-3 bg-muted"[39m
          [36m/>[39m
          [36m<div[39m
            [33mclass[39m=[32m"flex flex-col items-center gap-0.5"[39m
          [36m>[39m
            [36m<div[39m
              [33mclass[39m=[32m"w-7 h-7 sm:w-8 sm:h-8 rounded-full flex items-center justify-center text-xs sm:text-sm font-semibold transition-all bg-muted text-muted-foreground"[39m
            [36m>[39m
              [0m4[0m
            [36m</div>[39m
            [36m<span[39m
              [33mclass[39m=[32m"text-[9px] sm:text-[10px] hidden sm:block truncate max-w-[56px] text-center text-muted-foreground"[39m
            [36m>[39m
              [0mDaty[0m
            [36m</span>[39m
          [36m</div>[39m
          [36m<div[39m
            [33mclass[39m=[32m"h-0.5 w-6 sm:w-10 rounded transition-colors mb-3 bg-muted"[39m
          [36m/>[39m
          [36m<div[39m
            [33mclass[39m=[32m"flex flex-col items-center gap-0.5"[39m
          [36m>[39m
            [36m<div[39m
              [33mclass[39m=[32m"w-7 h-7 sm:w-8 sm:h-8 rounded-full flex items-center justify-center text-xs sm:text-sm font-semibold transition-all bg-muted text-muted-foreground"[39m
            [36m>[39m
              [0m5[0m
            [36m</div>[39m
            [36m<span[39m
              [33mclass[39m=[32m"text-[9px] sm:text-[10px] hidden sm:block truncate max-w-[56px] text-center text-muted-foreground"[39m
            [36m>[39m
              [0mPodsumowanie[0m
            [36m</span>[39m
          [36m</div>[39m
        [36m</div>[39m
        [36m<div[39m
          [33mclass[39m=[32m"relative overflow-hidden flex-1 overflow-y-auto"[39m
          [33mdir[39m=[32m"ltr"[39m
          [33mstyle[39m=[32m"position: relative; --radix-scroll-area-corner-width: 0px; --radix-scroll-area-corner-height: 0px;"[39m
        [36m>[39m
          [36m<div[39m
            [33mclass[39m=[32m"h-full w-full rounded-[inherit]"[39m
            [33mdata-radix-scroll-area-viewport[39m=[32m""[39m
            [33mstyle[39m=[32m"overflow-x: hidden; overflow-y: scroll;"[39m
          [36m>[39m
            [36m<div[39m
              [33mstyle[39m=[32m"min-width: 100%; display: table;"[39m
            [36m>[39m
              [36m<div[39m
                [33mclass[39m=[32m"flex flex-col gap-5 p-6 sm:p-8"[39m
              [36m>[39m
                [36m<div[39m
                  [33mclass[39m=[32m"text-center space-y-1"[39m
                [36m>[39m
                  [36m<svg[39m
                    [33mclass[39m=[32m"lucide lucide-user w-9 h-9 mx-auto text-primary"[39m
                    [33mfill[39m=[32m"none"[39m
                    [33mheight[39m=[32m"24"[39m
                    [33mstroke[39m=[32m"cur...

      134 |     it('shows "Zapisz" button for new resident', () => {
      135 |         render(<AddBokResidentForm {...baseProps} resident={null} />);
    > 136 |         expect(screen.getByRole('button', { name: /Zapisz/i })).toBeInTheDocument();
          |                       ^
      137 |     });
      138 |
      139 |     it('shows "Anuluj" button', () => {

      at Object.getElementError (node_modules/@testing-library/dom/dist/config.js:37:19)
      at node_modules/@testing-library/dom/dist/query-helpers.js:76:38
      at node_modules/@testing-library/dom/dist/query-helpers.js:52:17
      at node_modules/@testing-library/dom/dist/query-helpers.js:95:19
      at Object.getByRole (src/components/__tests__/add-bok-resident-form.test.tsx:136:23)

  ● AddBokResidentForm — form validation › shows validation errors for empty firstName and lastName on submit

    TestingLibraryElementError: Unable to find a label with the text of: Imię

    Ignored nodes: comments, script, style
    [36m<body[39m
      [33mdata-scroll-locked[39m=[32m"1"[39m
      [33mstyle[39m=[32m"pointer-events: none;"[39m
    [36m>[39m
      [36m<span[39m
        [33maria-hidden[39m=[32m"true"[39m
        [33mdata-aria-hidden[39m=[32m"true"[39m
        [33mdata-radix-focus-guard[39m=[32m""[39m
        [33mstyle[39m=[32m"outline: none; opacity: 0; position: fixed; pointer-events: none;"[39m
        [33mtabindex[39m=[32m"0"[39m
      [36m/>[39m
      [36m<div[39m
        [33maria-hidden[39m=[32m"true"[39m
        [33mdata-aria-hidden[39m=[32m"true"[39m
      [36m/>[39m
      [36m<div[39m
        [33maria-hidden[39m=[32m"true"[39m
        [33mclass[39m=[32m"fixed inset-0 z-50 bg-black/80 data-[state=open]:animate-in data-[state=closed]:animate-out data-[state=closed]:fade-out-0 data-[state=open]:fade-in-0"[39m
        [33mdata-aria-hidden[39m=[32m"true"[39m
        [33mdata-state[39m=[32m"open"[39m
        [33mstyle[39m=[32m"pointer-events: auto;"[39m
      [36m/>[39m
      [36m<div[39m
        [33maria-describedby[39m=[32m"radix-:rdl:"[39m
        [33maria-labelledby[39m=[32m"radix-:rdk:"[39m
        [33mclass[39m=[32m"fixed left-[50%] top-[50%] z-50 w-full translate-x-[-50%] translate-y-[-50%] border bg-background shadow-lg duration-200 data-[state=open]:animate-in data-[state=closed]:animate-out data-[state=closed]:fade-out-0 data-[state=open]:fade-in-0 data-[state=closed]:zoom-out-95 data-[state=open]:zoom-in-95 data-[state=closed]:slide-out-to-left-1/2 data-[state=closed]:slide-out-to-top-[48%] data-[state=open]:slide-in-from-left-1/2 data-[state=open]:slide-in-from-top-[48%] sm:rounded-lg max-w-[95vw] sm:max-w-lg h-[92vh] max-h-[92vh] flex flex-col p-0 gap-0 overflow-hidden"[39m
        [33mdata-state[39m=[32m"open"[39m
        [33mid[39m=[32m"radix-:rdj:"[39m
        [33mrole[39m=[32m"dialog"[39m
        [33mstyle[39m=[32m"pointer-events: auto;"[39m
        [33mtabindex[39m=[32m"-1"[39m
      [36m>[39m
        [36m<div[39m
          [33mclass[39m=[32m"flex items-center justify-center gap-1.5 sm:gap-2 py-3 border-b bg-muted/30 flex-shrink-0 px-2"[39m
        [36m>[39m
          [36m<div[39m
            [33mclass[39m=[32m"flex flex-col items-center gap-0.5"[39m
          [36m>[39m
            [36m<div[39m
              [33mclass[39m=[32m"w-7 h-7 sm:w-8 sm:h-8 rounded-full flex items-center justify-center text-xs sm:text-sm font-semibold transition-all bg-primary text-primary-foreground ring-4 ring-primary/20"[39m
            [36m>[39m
              [0m1[0m
            [36m</div>[39m
            [36m<span[39m
              [33mclass[39m=[32m"text-[9px] sm:text-[10px] hidden sm:block truncate max-w-[56px] text-center text-primary font-medium"[39m
            [36m>[39m
              [0mOsoba[0m
            [36m</span>[39m
          [36m</div>[39m
          [36m<div[39m
            [33mclass[39m=[32m"h-0.5 w-6 sm:w-10 rounded transition-colors mb-3 bg-muted"[39m
          [36m/>[39m
          [36m<div[39m
            [33mclass[39m=[32m"flex flex-col items-center gap-0.5"[39m
          [36m>[39m
            [36m<div[39m
              [33mclass[39m=[32m"w-7 h-7 sm:w-8 sm:h-8 rounded-full flex items-center justify-center text-xs sm:text-sm font-semibold transition-all bg-muted text-muted-foreground"[39m
            [36m>[39m
              [0m2[0m
            [36m</div>[39m
            [36m<span[39m
              [33mclass[39m=[32m"text-[9px] sm:text-[10px] hidden sm:block truncate max-w-[56px] text-center text-muted-foreground"[39m
            [36m>[39m
              [0mLokalizacja[0m
            [36m</span>[39m
          [36m</div>[39m
          [36m<div[39m
            [33mclass[39m=[32m"h-0.5 w-6 sm:w-10 rounded transition-colors mb-3 bg-muted"[39m
          [36m/>[39m
          [36m<div[39m
            [33mclass[39m=[32m"flex flex-col items-center gap-0.5"[39m
          [36m>[39m
            [36m<div[39m
              [33mclass[39m=[32m"w-7 h-7 sm:w-8 sm:h-8 rounded-full flex items-center justify-center text-xs sm:text-sm font-semibold transition-all bg-muted text-muted-foreground"[39m
            [36m>[39m
              [0m3[0m
            [36m</div>[39m
            [36m<span[39m
              [33mclass[39m=[32m"text-[9px] sm:text-[10px] hidden sm:block truncate max-w-[56px] text-center text-muted-foreground"[39m
            [36m>[39m
              [0mSzczegóły[0m
            [36m</span>[39m
          [36m</div>[39m
          [36m<div[39m
            [33mclass[39m=[32m"h-0.5 w-6 sm:w-10 rounded transition-colors mb-3 bg-muted"[39m
          [36m/>[39m
          [36m<div[39m
            [33mclass[39m=[32m"flex flex-col items-center gap-0.5"[39m
          [36m>[39m
            [36m<div[39m
              [33mclass[39m=[32m"w-7 h-7 sm:w-8 sm:h-8 rounded-full flex items-center justify-center text-xs sm:text-sm font-semibold transition-all bg-muted text-muted-foreground"[39m
            [36m>[39m
              [0m4[0m
            [36m</div>[39m
            [36m<span[39m
              [33mclass[39m=[32m"text-[9px] sm:text-[10px] hidden sm:block truncate max-w-[56px] text-center text-muted-foreground"[39m
            [36m>[39m
              [0mDaty[0m
            [36m</span>[39m
          [36m</div>[39m
          [36m<div[39m
            [33mclass[39m=[32m"h-0.5 w-6 sm:w-10 rounded transition-colors mb-3 bg-muted"[39m
          [36m/>[39m
          [36m<div[39m
            [33mclass[39m=[32m"flex flex-col items-center gap-0.5"[39m
          [36m>[39m
            [36m<div[39m
              [33mclass[39m=[32m"w-7 h-7 sm:w-8 sm:h-8 rounded-full flex items-center justify-center text-xs sm:text-sm font-semibold transition-all bg-muted text-muted-foreground"[39m
            [36m>[39m
              [0m5[0m
            [36m</div>[39m
            [36m<span[39m
              [33mclass[39m=[32m"text-[9px] sm:text-[10px] hidden sm:block truncate max-w-[56px] text-center text-muted-foreground"[39m
            [36m>[39m
              [0mPodsumowanie[0m
            [36m</span>[39m
          [36m</div>[39m
        [36m</div>[39m
        [36m<div[39m
          [33mclass[39m=[32m"relative overflow-hidden flex-1 overflow-y-auto"[39m
          [33mdir[39m=[32m"ltr"[39m
          [33mstyle[39m=[32m"position: relative; --radix-scroll-area-corner-width: 0px; --radix-scroll-area-corner-height: 0px;"[39m
        [36m>[39m
          [36m<div[39m
            [33mclass[39m=[32m"h-full w-full rounded-[inherit]"[39m
            [33mdata-radix-scroll-area-viewport[39m=[32m""[39m
            [33mstyle[39m=[32m"overflow-x: hidden; overflow-y: scroll;"[39m
          [36m>[39m
            [36m<div[39m
              [33mstyle[39m=[32m"min-width: 100%; display: table;"[39m
            [36m>[39m
              [36m<div[39m
                [33mclass[39m=[32m"flex flex-col gap-5 p-6 sm:p-8"[39m
              [36m>[39m
                [36m<div[39m
                  [33mclass[39m=[32m"text-center space-y-1"[39m
                [36m>[39m
                  [36m<svg[39m
                    [33mclass[39m=[32m"lucide lucide-user w-9 h-9 mx-auto text-primary"[39m
                    [33mfill[39m=[32m"none"[39m
                    [33mheight[39m=[32m"24"[39m
                    [33mstroke[39m=[32m"cur...

      252 |         render(<AddBokResidentForm {...baseProps} resident={null} />);
      253 |
    > 254 |         const firstNameInput = screen.getByLabelText('Imię');
          |                                       ^
      255 |         const lastNameInput = screen.getByLabelText('Nazwisko');
      256 |         fireEvent.change(firstNameInput, { target: { value: '' } });
      257 |         fireEvent.change(lastNameInput, { target: { value: '' } });

      at Object.getElementError (node_modules/@testing-library/dom/dist/config.js:37:19)
      at getAllByLabelText (node_modules/@testing-library/dom/dist/queries/label-text.js:111:38)
      at node_modules/@testing-library/dom/dist/query-helpers.js:52:17
      at node_modules/@testing-library/dom/dist/query-helpers.js:95:19
      at Object.getByLabelText (src/components/__tests__/add-bok-resident-form.test.tsx:254:39)

Test Suites: 6 failed, 7 passed, 13 total
Tests:       15 failed, 111 passed, 126 total
Snapshots:   0 total
Time:        2.314 s
Ran all test suites.
